Archive member included to satisfy reference by file (symbol)

/usr/lib/gcc/avr/4.9.2/avr5/libgcc.a(_divmodhi4.o)
                              ./lcd.o (__divmodhi4)
/usr/lib/gcc/avr/4.9.2/avr5/libgcc.a(_exit.o)
                              /usr/lib/gcc/avr/4.9.2/../../../avr/lib/avr5/crtatmega328p.o (exit)
/usr/lib/gcc/avr/4.9.2/avr5/libgcc.a(_tablejump2.o)
                              ./motorPP.o (__tablejump2__)
/usr/lib/gcc/avr/4.9.2/avr5/libgcc.a(_copy_data.o)
                              ./control.o (__do_copy_data)
/usr/lib/gcc/avr/4.9.2/avr5/libgcc.a(_clear_bss.o)
                              ./ADC.o (__do_clear_bss)
/usr/lib/gcc/avr/4.9.2/avr5/libgcc.a(_udivmodhi4.o)
                              /usr/lib/gcc/avr/4.9.2/avr5/libgcc.a(_divmodhi4.o) (__udivmodhi4)
/usr/lib/gcc/avr/4.9.2/../../../avr/lib/avr5/libm.a(addsf3.o)
                              ./ADC.o (__subsf3)
/usr/lib/gcc/avr/4.9.2/../../../avr/lib/avr5/libm.a(addsf3x.o)
                              /usr/lib/gcc/avr/4.9.2/../../../avr/lib/avr5/libm.a(addsf3.o) (__addsf3x)
/usr/lib/gcc/avr/4.9.2/../../../avr/lib/avr5/libm.a(cmpsf2.o)
                              ./eeprom.o (__eqsf2)
/usr/lib/gcc/avr/4.9.2/../../../avr/lib/avr5/libm.a(divsf3.o)
                              ./ADC.o (__divsf3)
/usr/lib/gcc/avr/4.9.2/../../../avr/lib/avr5/libm.a(divsf3x.o)
                              /usr/lib/gcc/avr/4.9.2/../../../avr/lib/avr5/libm.a(divsf3.o) (__divsf3x)
/usr/lib/gcc/avr/4.9.2/../../../avr/lib/avr5/libm.a(fixsfsi.o)
                              ./caudales.o (__fixsfsi)
/usr/lib/gcc/avr/4.9.2/../../../avr/lib/avr5/libm.a(fixunssfsi.o)
                              ./lcd.o (__fixunssfsi)
/usr/lib/gcc/avr/4.9.2/../../../avr/lib/avr5/libm.a(floatsisf.o)
                              ./ADC.o (__floatunsisf)
/usr/lib/gcc/avr/4.9.2/../../../avr/lib/avr5/libm.a(fp_cmp.o)
                              /usr/lib/gcc/avr/4.9.2/../../../avr/lib/avr5/libm.a(cmpsf2.o) (__fp_cmp)
/usr/lib/gcc/avr/4.9.2/../../../avr/lib/avr5/libm.a(fp_inf.o)
                              /usr/lib/gcc/avr/4.9.2/../../../avr/lib/avr5/libm.a(addsf3x.o) (__fp_inf)
/usr/lib/gcc/avr/4.9.2/../../../avr/lib/avr5/libm.a(fp_nan.o)
                              /usr/lib/gcc/avr/4.9.2/../../../avr/lib/avr5/libm.a(addsf3x.o) (__fp_nan)
/usr/lib/gcc/avr/4.9.2/../../../avr/lib/avr5/libm.a(fp_pscA.o)
                              /usr/lib/gcc/avr/4.9.2/../../../avr/lib/avr5/libm.a(addsf3x.o) (__fp_pscA)
/usr/lib/gcc/avr/4.9.2/../../../avr/lib/avr5/libm.a(fp_pscB.o)
                              /usr/lib/gcc/avr/4.9.2/../../../avr/lib/avr5/libm.a(addsf3x.o) (__fp_pscB)
/usr/lib/gcc/avr/4.9.2/../../../avr/lib/avr5/libm.a(fp_round.o)
                              /usr/lib/gcc/avr/4.9.2/../../../avr/lib/avr5/libm.a(addsf3.o) (__fp_round)
/usr/lib/gcc/avr/4.9.2/../../../avr/lib/avr5/libm.a(fp_split3.o)
                              /usr/lib/gcc/avr/4.9.2/../../../avr/lib/avr5/libm.a(addsf3x.o) (__fp_split3)
/usr/lib/gcc/avr/4.9.2/../../../avr/lib/avr5/libm.a(fp_zero.o)
                              /usr/lib/gcc/avr/4.9.2/../../../avr/lib/avr5/libm.a(addsf3x.o) (__fp_zero)
/usr/lib/gcc/avr/4.9.2/../../../avr/lib/avr5/libm.a(gesf2.o)
                              ./ADC.o (__gesf2)
/usr/lib/gcc/avr/4.9.2/../../../avr/lib/avr5/libm.a(mulsf3.o)
                              ./caudales.o (__mulsf3)
/usr/lib/gcc/avr/4.9.2/../../../avr/lib/avr5/libm.a(mulsf3x.o)
                              /usr/lib/gcc/avr/4.9.2/../../../avr/lib/avr5/libm.a(mulsf3.o) (__mulsf3x)
/usr/lib/gcc/avr/4.9.2/../../../avr/lib/avr5/libc.a(dtostrf.o)
                              ./USART0.o (dtostrf)
/usr/lib/gcc/avr/4.9.2/../../../avr/lib/avr5/libc.a(atoi.o)
                              ./terminal.o (atoi)
/usr/lib/gcc/avr/4.9.2/../../../avr/lib/avr5/libc.a(mul10.o)
                              /usr/lib/gcc/avr/4.9.2/../../../avr/lib/avr5/libc.a(atoi.o) (__mulhi_const_10)
/usr/lib/gcc/avr/4.9.2/../../../avr/lib/avr5/libc.a(sprintf.o)
                              ./control.o (sprintf)
/usr/lib/gcc/avr/4.9.2/../../../avr/lib/avr5/libc.a(vfprintf_std.o)
                              /usr/lib/gcc/avr/4.9.2/../../../avr/lib/avr5/libc.a(sprintf.o) (vfprintf)
/usr/lib/gcc/avr/4.9.2/../../../avr/lib/avr5/libc.a(dtoa_prf.o)
                              /usr/lib/gcc/avr/4.9.2/../../../avr/lib/avr5/libc.a(dtostrf.o) (dtoa_prf)
/usr/lib/gcc/avr/4.9.2/../../../avr/lib/avr5/libc.a(ftoa_engine.o)
                              /usr/lib/gcc/avr/4.9.2/../../../avr/lib/avr5/libc.a(dtoa_prf.o) (__ftoa_engine)
/usr/lib/gcc/avr/4.9.2/../../../avr/lib/avr5/libc.a(strnlen_P.o)
                              /usr/lib/gcc/avr/4.9.2/../../../avr/lib/avr5/libc.a(vfprintf_std.o) (strnlen_P)
/usr/lib/gcc/avr/4.9.2/../../../avr/lib/avr5/libc.a(strnlen.o)
                              /usr/lib/gcc/avr/4.9.2/../../../avr/lib/avr5/libc.a(vfprintf_std.o) (strnlen)
/usr/lib/gcc/avr/4.9.2/../../../avr/lib/avr5/libc.a(fputc.o)
                              /usr/lib/gcc/avr/4.9.2/../../../avr/lib/avr5/libc.a(vfprintf_std.o) (fputc)
/usr/lib/gcc/avr/4.9.2/../../../avr/lib/avr5/libc.a(ultoa_invert.o)
                              /usr/lib/gcc/avr/4.9.2/../../../avr/lib/avr5/libc.a(vfprintf_std.o) (__ultoa_invert)
/usr/lib/gcc/avr/4.9.2/../../../avr/lib/avr5/libatmega328p.a(eerd_byte.o)
                              ./eeprom.o (eeprom_read_byte)
/usr/lib/gcc/avr/4.9.2/../../../avr/lib/avr5/libatmega328p.a(eerd_dword.o)
                              ./eeprom.o (eeprom_read_float)
/usr/lib/gcc/avr/4.9.2/../../../avr/lib/avr5/libatmega328p.a(eerd_word.o)
                              ./eeprom.o (eeprom_read_word)
/usr/lib/gcc/avr/4.9.2/../../../avr/lib/avr5/libatmega328p.a(eewr_byte.o)
                              ./eeprom.o (eeprom_write_byte)
/usr/lib/gcc/avr/4.9.2/../../../avr/lib/avr5/libatmega328p.a(eewr_dword.o)
                              ./eeprom.o (eeprom_write_float)
/usr/lib/gcc/avr/4.9.2/../../../avr/lib/avr5/libatmega328p.a(eewr_word.o)
                              ./eeprom.o (eeprom_write_word)
/usr/lib/gcc/avr/4.9.2/../../../avr/lib/avr5/libatmega328p.a(eerd_block.o)
                              /usr/lib/gcc/avr/4.9.2/../../../avr/lib/avr5/libatmega328p.a(eerd_dword.o) (eeprom_read_blraw)
/usr/lib/gcc/avr/4.9.2/avr5/libgcc.a(_prologue.o)
                              /usr/lib/gcc/avr/4.9.2/../../../avr/lib/avr5/libc.a(sprintf.o) (__prologue_saves__)
/usr/lib/gcc/avr/4.9.2/avr5/libgcc.a(_epilogue.o)
                              /usr/lib/gcc/avr/4.9.2/../../../avr/lib/avr5/libc.a(sprintf.o) (__epilogue_restores__)

Allocating common symbols
Common symbol       size              file

uchEstadoControl    0x1               ./control.o
uchEstadoBufferTx_USART0
                    0x1               ./USART0.o
chPrintEstado       0x1               ./control.o
uContTimeoutEsperaUSART0
                    0x2               ./USART0.o
uContPeriodoPID     0x2               ./control.o
chBufferRx_USART0   0xc8              ./USART0.o
flPIDintMax         0x4               ./control.o
uPeriodoVedaCaudal  0x2               ./control.o
uchEstadoCaudales   0x1               ./caudales.o
uContActualizarDisplay
                    0x2               ./main.o
flPIDderivTerm      0x4               ./control.o
chBuffer            0x1e              ./main.o
uPeriodoPID         0x2               ./control.o
stateMotorPP        0x2               ./motorPP.o
flPIDintegTerm      0x4               ./control.o
flCaudalMedidoAnterior
                    0x4               ./control.o
relativePositionBySteps
                    0x2               ./motorPP.o
flPIDerror          0x4               ./control.o
chPrintPID          0x1               ./control.o
flTempMedidaAnterior
                    0x4               ./control.o
flVariacionCaudalMedido
                    0x4               ./control.o
flTempMedida        0x4               ./max6675.o
uchEstadoRotar      0x1               ./motorPP.o
uContPeriodoVedaPID
                    0x2               ./control.o
flCaudalEscalaKsPID
                    0x4               ./control.o
uchEstadoTerminal   0x1               ./terminal.o
flPIDpropTerm       0x4               ./control.o
uchEstadoRecepcionUSART0
                    0x1               ./USART0.o
uchContAuxTx_USART0
                    0x1               ./USART0.o
uContTimeoutLecturaRxUSART0
                    0x2               ./USART0.o
chLlamaDetectada    0x1               ./main.o
flTensionBateria    0x4               ./ADC.o
uContMotorPP        0x2               ./motorPP.o
flPIDkD             0x4               ./control.o
uContTimeoutRxUSART0
                    0x2               ./USART0.o
uchEtapaMedicionCaudal
                    0x1               ./caudales.o
uContStandbyCaudal  0x2               ./caudales.o
flEscalaVariacionCaudal
                    0x4               ./control.o
uchEstadoMotorPP    0x1               ./motorPP.o
flPIDkI             0x4               ./control.o
stepToRotate        0x2               ./motorPP.o
chEstadoADC         0x1               ./ADC.o
flCaudalMedido      0x4               ./caudales.o
uchContAuxRx_USART0
                    0x1               ./USART0.o
uContLlamaDetectada
                    0x2               ./main.o
uPrimerCaptura      0x2               ./caudales.o
flPIDkP             0x4               ./control.o
uContPeriodoVedaCaudal
                    0x2               ./control.o
auxLowBite          0x2               ./max6675.o
uSegundaCaptura     0x2               ./caudales.o
uContMax6675        0x2               ./max6675.o
uchEstadoTransmisionUSART0
                    0x1               ./USART0.o
auxIndexTerminal    0x2               ./terminal.o
uPeriodoVedaPID     0x2               ./control.o
flVariacionCaudalSetP
                    0x4               ./control.o
uchEstadoBufferRx_USART0
                    0x1               ./USART0.o
flTempSetP          0x4               ./ADC.o
chBufferTx_USART0   0xc8              ./USART0.o
auxHighBite         0x2               ./max6675.o
uchEstadoSensorTemp
                    0x1               ./max6675.o

Memory Configuration

Name             Origin             Length             Attributes
text             0x0000000000000000 0x0000000000020000 xr
data             0x0000000000800060 0x000000000000ffa0 rw !x
eeprom           0x0000000000810000 0x0000000000010000 rw !x
fuse             0x0000000000820000 0x0000000000000400 rw !x
lock             0x0000000000830000 0x0000000000000400 rw !x
signature        0x0000000000840000 0x0000000000000400 rw !x
user_signatures  0x0000000000850000 0x0000000000000400 rw !x
*default*        0x0000000000000000 0xffffffffffffffff

Linker script and memory map

Address of section .data set to 0x800100
LOAD /usr/lib/gcc/avr/4.9.2/../../../avr/lib/avr5/crtatmega328p.o
LOAD ./ADC.o
LOAD ./USART0.o
LOAD ./caudales.o
LOAD ./control.o
LOAD ./ds18b20.o
LOAD ./eeprom.o
LOAD ./inicio.o
LOAD ./lcd.o
LOAD ./main.o
LOAD ./max6675.o
LOAD ./motorPP.o
LOAD ./terminal.o
LOAD ./utiles.o
START GROUP
LOAD /usr/lib/gcc/avr/4.9.2/avr5/libgcc.a
LOAD /usr/lib/gcc/avr/4.9.2/../../../avr/lib/avr5/libm.a
LOAD /usr/lib/gcc/avr/4.9.2/../../../avr/lib/avr5/libc.a
LOAD /usr/lib/gcc/avr/4.9.2/../../../avr/lib/avr5/libatmega328p.a
END GROUP

.hash
 *(.hash)

.dynsym
 *(.dynsym)

.dynstr
 *(.dynstr)

.gnu.version
 *(.gnu.version)

.gnu.version_d
 *(.gnu.version_d)

.gnu.version_r
 *(.gnu.version_r)

.rel.init
 *(.rel.init)

.rela.init
 *(.rela.init)

.rel.text
 *(.rel.text)
 *(.rel.text.*)
 *(.rel.gnu.linkonce.t*)

.rela.text
 *(.rela.text)
 *(.rela.text.*)
 *(.rela.gnu.linkonce.t*)

.rel.fini
 *(.rel.fini)

.rela.fini
 *(.rela.fini)

.rel.rodata
 *(.rel.rodata)
 *(.rel.rodata.*)
 *(.rel.gnu.linkonce.r*)

.rela.rodata
 *(.rela.rodata)
 *(.rela.rodata.*)
 *(.rela.gnu.linkonce.r*)

.rel.data
 *(.rel.data)
 *(.rel.data.*)
 *(.rel.gnu.linkonce.d*)

.rela.data
 *(.rela.data)
 *(.rela.data.*)
 *(.rela.gnu.linkonce.d*)

.rel.ctors
 *(.rel.ctors)

.rela.ctors
 *(.rela.ctors)

.rel.dtors
 *(.rel.dtors)

.rela.dtors
 *(.rela.dtors)

.rel.got
 *(.rel.got)

.rela.got
 *(.rela.got)

.rel.bss
 *(.rel.bss)

.rela.bss
 *(.rela.bss)

.rel.plt
 *(.rel.plt)

.rela.plt
 *(.rela.plt)

.text           0x0000000000000000     0xbcd4
 *(.vectors)
 .vectors       0x0000000000000000       0x68 /usr/lib/gcc/avr/4.9.2/../../../avr/lib/avr5/crtatmega328p.o
                0x0000000000000000                __vectors
 *(.vectors)
 *(.progmem.gcc*)
 .progmem.gcc_sw_table.Rotar_Motor_PP
                0x0000000000000068       0x10 ./motorPP.o
                0x0000000000000078                . = ALIGN (0x2)
                0x0000000000000078                __trampolines_start = .
 *(.trampolines)
 .trampolines   0x0000000000000078        0x0 linker stubs
 *(.trampolines*)
                0x0000000000000078                __trampolines_end = .
 *(.progmem*)
 .progmem.data.validacion_PID_MSG
                0x0000000000000078       0x1c ./eeprom.o
                0x0000000000000078                validacion_PID_MSG
 .progmem.data.datosOriginalesOk_MSG
                0x0000000000000094       0x15 ./eeprom.o
                0x0000000000000094                datosOriginalesOk_MSG
 .progmem.data.datosBackUpError_MSG
                0x00000000000000a9       0x1a ./eeprom.o
                0x00000000000000a9                datosBackUpError_MSG
 .progmem.data.datosOriginalesError_MSG
                0x00000000000000c3       0x1b ./eeprom.o
                0x00000000000000c3                datosOriginalesError_MSG
 .progmem.data.datosBackUpOK_MSG
                0x00000000000000de       0x14 ./eeprom.o
                0x00000000000000de                datosBackUpOK_MSG
 .progmem.data.datosOrigBackUPError_MSG
                0x00000000000000f2       0x27 ./eeprom.o
                0x00000000000000f2                datosOrigBackUPError_MSG
 .progmem.data.cargaPorDefecto_MSG
                0x0000000000000119       0x1b ./eeprom.o
                0x0000000000000119                cargaPorDefecto_MSG
 .progmem.data.numeroGrupo_MSG
                0x0000000000000134       0x13 ./eeprom.o
                0x0000000000000134                numeroGrupo_MSG
 .progmem.data.Comando_MotorGasPP
                0x0000000000000147        0x6 ./terminal.o
                0x0000000000000147                Comando_MotorGasPP
 .progmem.data.Comando_KP
                0x000000000000014d        0x4 ./terminal.o
                0x000000000000014d                Comando_KP
 .progmem.data.Comando_KI
                0x0000000000000151        0x4 ./terminal.o
                0x0000000000000151                Comando_KI
 .progmem.data.Comando_KD
                0x0000000000000155        0x4 ./terminal.o
                0x0000000000000155                Comando_KD
 .progmem.data.Comando_Max_Integ
                0x0000000000000159        0x8 ./terminal.o
                0x0000000000000159                Comando_Max_Integ
 .progmem.data.Comando_Periodo_PID
                0x0000000000000161        0x6 ./terminal.o
                0x0000000000000161                Comando_Periodo_PID
 .progmem.data.Comando_Periodo_Veda_PID
                0x0000000000000167        0x7 ./terminal.o
                0x0000000000000167                Comando_Periodo_Veda_PID
 .progmem.data.Comando_Periodo_Veda_Caudal
                0x000000000000016e        0x5 ./terminal.o
                0x000000000000016e                Comando_Periodo_Veda_Caudal
 .progmem.data.Comando_Porcent_Var_Caudal
                0x0000000000000173        0x5 ./terminal.o
                0x0000000000000173                Comando_Porcent_Var_Caudal
 .progmem.data.Comando_Caudal_Escala_PID
                0x0000000000000178        0x8 ./terminal.o
                0x0000000000000178                Comando_Caudal_Escala_PID
 .progmem.data.Comando_Escala_Var_Caudal
                0x0000000000000180        0x5 ./terminal.o
                0x0000000000000180                Comando_Escala_Var_Caudal
 .progmem.data.Comando_Perfil
                0x0000000000000185        0x8 ./terminal.o
                0x0000000000000185                Comando_Perfil
 .progmem.data.Comando_Print
                0x000000000000018d        0x7 ./terminal.o
                0x000000000000018d                Comando_Print
 .progmem.data.Comando_Estado
                0x0000000000000194        0x8 ./terminal.o
                0x0000000000000194                Comando_Estado
 .progmem.data.Comando_PID
                0x000000000000019c        0x5 ./terminal.o
                0x000000000000019c                Comando_PID
 .progmem.data.Comando_Reset
                0x00000000000001a1        0x7 ./terminal.o
                0x00000000000001a1                Comando_Reset
 .progmem.data.Comando_Reiniciar
                0x00000000000001a8        0xb ./terminal.o
                0x00000000000001a8                Comando_Reiniciar
 .progmem.data.Comando_Factory_Reset
                0x00000000000001b3        0xf ./terminal.o
                0x00000000000001b3                Comando_Factory_Reset
 .progmem.data.MSG_Comando
                0x00000000000001c2        0x9 ./terminal.o
                0x00000000000001c2                MSG_Comando
 .progmem.data.MSG_Parametro
                0x00000000000001cb        0xb ./terminal.o
                0x00000000000001cb                MSG_Parametro
 .progmem.data.MSG_Desconocido
                0x00000000000001d6        0xd ./terminal.o
                0x00000000000001d6                MSG_Desconocido
 .progmem.data.MSG_Borrado
                0x00000000000001e3        0x9 ./terminal.o
                0x00000000000001e3                MSG_Borrado
 .progmem.data.MSG_Ok
                0x00000000000001ec        0x4 ./terminal.o
                0x00000000000001ec                MSG_Ok
 .progmem.data.MSG_End
                0x00000000000001f0        0x5 ./terminal.o
                0x00000000000001f0                MSG_End
 .progmem.data.MSG_Error
                0x00000000000001f5        0x7 ./terminal.o
                0x00000000000001f5                MSG_Error
 .progmem.data.MSG_Terminal_Lista
                0x00000000000001fc       0x17 ./terminal.o
                0x00000000000001fc                MSG_Terminal_Lista
 .progmem.data.__c.2421
                0x0000000000000213        0x4 ./terminal.o
 .progmem.data.__c.2424
                0x0000000000000217        0x4 ./terminal.o
 .progmem.data  0x000000000000021b       0xfa /usr/lib/gcc/avr/4.9.2/../../../avr/lib/avr5/libc.a(ftoa_engine.o)
                0x0000000000000316                . = ALIGN (0x2)
 *fill*         0x0000000000000315        0x1 
 *(.jumptables)
 *(.jumptables*)
 *(.lowtext)
 *(.lowtext*)
                0x0000000000000316                __ctors_start = .
 *(.ctors)
                0x0000000000000316                __ctors_end = .
                0x0000000000000316                __dtors_start = .
 *(.dtors)
                0x0000000000000316                __dtors_end = .
 SORT(*)(.ctors)
 SORT(*)(.dtors)
 *(.init0)
 .init0         0x0000000000000316        0x0 /usr/lib/gcc/avr/4.9.2/../../../avr/lib/avr5/crtatmega328p.o
                0x0000000000000316                __init
 *(.init0)
 *(.init1)
 *(.init1)
 *(.init2)
 .init2         0x0000000000000316        0xc /usr/lib/gcc/avr/4.9.2/../../../avr/lib/avr5/crtatmega328p.o
 *(.init2)
 *(.init3)
 *(.init3)
 *(.init4)
 .init4         0x0000000000000322       0x16 /usr/lib/gcc/avr/4.9.2/avr5/libgcc.a(_copy_data.o)
                0x0000000000000322                __do_copy_data
 .init4         0x0000000000000338       0x10 /usr/lib/gcc/avr/4.9.2/avr5/libgcc.a(_clear_bss.o)
                0x0000000000000338                __do_clear_bss
 *(.init4)
 *(.init5)
 *(.init5)
 *(.init6)
 *(.init6)
 *(.init7)
 *(.init7)
 *(.init8)
 *(.init8)
 *(.init9)
 .init9         0x0000000000000348        0x8 /usr/lib/gcc/avr/4.9.2/../../../avr/lib/avr5/crtatmega328p.o
 *(.init9)
 *(.text)
 .text          0x0000000000000350        0x4 /usr/lib/gcc/avr/4.9.2/../../../avr/lib/avr5/crtatmega328p.o
                0x0000000000000350                __vector_22
                0x0000000000000350                __vector_1
                0x0000000000000350                __vector_24
                0x0000000000000350                __vector_12
                0x0000000000000350                __bad_interrupt
                0x0000000000000350                __vector_6
                0x0000000000000350                __vector_3
                0x0000000000000350                __vector_23
                0x0000000000000350                __vector_25
                0x0000000000000350                __vector_11
                0x0000000000000350                __vector_17
                0x0000000000000350                __vector_19
                0x0000000000000350                __vector_5
                0x0000000000000350                __vector_4
                0x0000000000000350                __vector_9
                0x0000000000000350                __vector_2
                0x0000000000000350                __vector_21
                0x0000000000000350                __vector_15
                0x0000000000000350                __vector_8
                0x0000000000000350                __vector_14
                0x0000000000000350                __vector_16
                0x0000000000000350                __vector_18
                0x0000000000000350                __vector_20
 .text          0x0000000000000354        0x0 ./ADC.o
 .text          0x0000000000000354        0x0 ./USART0.o
 .text          0x0000000000000354        0x0 ./caudales.o
 .text          0x0000000000000354        0x0 ./control.o
 .text          0x0000000000000354        0x0 ./ds18b20.o
 .text          0x0000000000000354        0x0 ./eeprom.o
 .text          0x0000000000000354        0x0 ./inicio.o
 .text          0x0000000000000354        0x0 ./lcd.o
 .text          0x0000000000000354        0x0 ./main.o
 .text          0x0000000000000354        0x0 ./max6675.o
 .text          0x0000000000000354        0x0 ./motorPP.o
 .text          0x0000000000000354        0x0 ./terminal.o
 .text          0x0000000000000354        0x0 ./utiles.o
 .text          0x0000000000000354        0x0 /usr/lib/gcc/avr/4.9.2/avr5/libgcc.a(_divmodhi4.o)
 .text          0x0000000000000354        0x0 /usr/lib/gcc/avr/4.9.2/avr5/libgcc.a(_exit.o)
 .text          0x0000000000000354        0x0 /usr/lib/gcc/avr/4.9.2/avr5/libgcc.a(_tablejump2.o)
 .text          0x0000000000000354        0x0 /usr/lib/gcc/avr/4.9.2/avr5/libgcc.a(_copy_data.o)
 .text          0x0000000000000354        0x0 /usr/lib/gcc/avr/4.9.2/avr5/libgcc.a(_clear_bss.o)
 .text          0x0000000000000354        0x0 /usr/lib/gcc/avr/4.9.2/avr5/libgcc.a(_udivmodhi4.o)
 .text          0x0000000000000354        0x0 /usr/lib/gcc/avr/4.9.2/../../../avr/lib/avr5/libm.a(addsf3.o)
 .text          0x0000000000000354        0x0 /usr/lib/gcc/avr/4.9.2/../../../avr/lib/avr5/libm.a(addsf3x.o)
 .text          0x0000000000000354        0x0 /usr/lib/gcc/avr/4.9.2/../../../avr/lib/avr5/libm.a(cmpsf2.o)
 .text          0x0000000000000354        0x0 /usr/lib/gcc/avr/4.9.2/../../../avr/lib/avr5/libm.a(divsf3.o)
 .text          0x0000000000000354        0x0 /usr/lib/gcc/avr/4.9.2/../../../avr/lib/avr5/libm.a(divsf3x.o)
 .text          0x0000000000000354        0x0 /usr/lib/gcc/avr/4.9.2/../../../avr/lib/avr5/libm.a(fixsfsi.o)
 .text          0x0000000000000354        0x0 /usr/lib/gcc/avr/4.9.2/../../../avr/lib/avr5/libm.a(fixunssfsi.o)
 .text          0x0000000000000354        0x0 /usr/lib/gcc/avr/4.9.2/../../../avr/lib/avr5/libm.a(floatsisf.o)
 .text          0x0000000000000354        0x0 /usr/lib/gcc/avr/4.9.2/../../../avr/lib/avr5/libm.a(fp_cmp.o)
 .text          0x0000000000000354        0x0 /usr/lib/gcc/avr/4.9.2/../../../avr/lib/avr5/libm.a(fp_inf.o)
 .text          0x0000000000000354        0x0 /usr/lib/gcc/avr/4.9.2/../../../avr/lib/avr5/libm.a(fp_nan.o)
 .text          0x0000000000000354        0x0 /usr/lib/gcc/avr/4.9.2/../../../avr/lib/avr5/libm.a(fp_pscA.o)
 .text          0x0000000000000354        0x0 /usr/lib/gcc/avr/4.9.2/../../../avr/lib/avr5/libm.a(fp_pscB.o)
 .text          0x0000000000000354        0x0 /usr/lib/gcc/avr/4.9.2/../../../avr/lib/avr5/libm.a(fp_round.o)
 .text          0x0000000000000354        0x0 /usr/lib/gcc/avr/4.9.2/../../../avr/lib/avr5/libm.a(fp_split3.o)
 .text          0x0000000000000354        0x0 /usr/lib/gcc/avr/4.9.2/../../../avr/lib/avr5/libm.a(fp_zero.o)
 .text          0x0000000000000354        0x0 /usr/lib/gcc/avr/4.9.2/../../../avr/lib/avr5/libm.a(gesf2.o)
 .text          0x0000000000000354        0x0 /usr/lib/gcc/avr/4.9.2/../../../avr/lib/avr5/libm.a(mulsf3.o)
 .text          0x0000000000000354        0x0 /usr/lib/gcc/avr/4.9.2/../../../avr/lib/avr5/libm.a(mulsf3x.o)
 .text          0x0000000000000354        0x0 /usr/lib/gcc/avr/4.9.2/../../../avr/lib/avr5/libc.a(dtostrf.o)
 .text          0x0000000000000354        0x0 /usr/lib/gcc/avr/4.9.2/../../../avr/lib/avr5/libc.a(atoi.o)
 .text          0x0000000000000354        0x0 /usr/lib/gcc/avr/4.9.2/../../../avr/lib/avr5/libc.a(mul10.o)
 .text          0x0000000000000354        0x0 /usr/lib/gcc/avr/4.9.2/../../../avr/lib/avr5/libc.a(sprintf.o)
 .text          0x0000000000000354        0x0 /usr/lib/gcc/avr/4.9.2/../../../avr/lib/avr5/libc.a(vfprintf_std.o)
 .text          0x0000000000000354        0x0 /usr/lib/gcc/avr/4.9.2/../../../avr/lib/avr5/libc.a(dtoa_prf.o)
 .text          0x0000000000000354        0x0 /usr/lib/gcc/avr/4.9.2/../../../avr/lib/avr5/libc.a(ftoa_engine.o)
 .text          0x0000000000000354        0x0 /usr/lib/gcc/avr/4.9.2/../../../avr/lib/avr5/libc.a(strnlen_P.o)
 .text          0x0000000000000354        0x0 /usr/lib/gcc/avr/4.9.2/../../../avr/lib/avr5/libc.a(strnlen.o)
 .text          0x0000000000000354        0x0 /usr/lib/gcc/avr/4.9.2/../../../avr/lib/avr5/libc.a(fputc.o)
 .text          0x0000000000000354        0x0 /usr/lib/gcc/avr/4.9.2/../../../avr/lib/avr5/libc.a(ultoa_invert.o)
 .text          0x0000000000000354        0x0 /usr/lib/gcc/avr/4.9.2/../../../avr/lib/avr5/libatmega328p.a(eerd_byte.o)
 .text          0x0000000000000354        0x0 /usr/lib/gcc/avr/4.9.2/../../../avr/lib/avr5/libatmega328p.a(eerd_dword.o)
 .text          0x0000000000000354        0x0 /usr/lib/gcc/avr/4.9.2/../../../avr/lib/avr5/libatmega328p.a(eerd_word.o)
 .text          0x0000000000000354        0x0 /usr/lib/gcc/avr/4.9.2/../../../avr/lib/avr5/libatmega328p.a(eewr_byte.o)
 .text          0x0000000000000354        0x0 /usr/lib/gcc/avr/4.9.2/../../../avr/lib/avr5/libatmega328p.a(eewr_dword.o)
 .text          0x0000000000000354        0x0 /usr/lib/gcc/avr/4.9.2/../../../avr/lib/avr5/libatmega328p.a(eewr_word.o)
 .text          0x0000000000000354        0x0 /usr/lib/gcc/avr/4.9.2/../../../avr/lib/avr5/libatmega328p.a(eerd_block.o)
 .text          0x0000000000000354        0x0 /usr/lib/gcc/avr/4.9.2/avr5/libgcc.a(_prologue.o)
 .text          0x0000000000000354        0x0 /usr/lib/gcc/avr/4.9.2/avr5/libgcc.a(_epilogue.o)
                0x0000000000000354                . = ALIGN (0x2)
 *(.text.*)
 .text.valor_ADC
                0x0000000000000354      0x2b2 ./ADC.o
                0x0000000000000354                valor_ADC
 .text.Inicio_valor_ADC
                0x0000000000000606       0x46 ./ADC.o
                0x0000000000000606                Inicio_valor_ADC
 .text.Recepcion_USART_0
                0x000000000000064c      0x350 ./USART0.o
                0x000000000000064c                Recepcion_USART_0
 .text.Inicio_USART_0
                0x000000000000099c       0x40 ./USART0.o
                0x000000000000099c                Inicio_USART_0
 .text.USART0_Flush
                0x00000000000009dc       0x4a ./USART0.o
                0x00000000000009dc                USART0_Flush
 .text.Transmitir_Buffer_USART0
                0x0000000000000a26       0x7e ./USART0.o
                0x0000000000000a26                Transmitir_Buffer_USART0
 .text.Transmitir_Buffer_USART0_P
                0x0000000000000aa4       0x84 ./USART0.o
                0x0000000000000aa4                Transmitir_Buffer_USART0_P
 .text.Transmitir_Float_USART0
                0x0000000000000b28       0xd4 ./USART0.o
                0x0000000000000b28                Transmitir_Float_USART0
 .text.Esperar_USART_O_TX
                0x0000000000000bfc       0x58 ./USART0.o
                0x0000000000000bfc                Esperar_USART_O_TX
 .text.Recibir_Buffer_USART0
                0x0000000000000c54       0xd2 ./USART0.o
                0x0000000000000c54                Recibir_Buffer_USART0
 .text.Esperar_USART_0_RX
                0x0000000000000d26       0x50 ./USART0.o
                0x0000000000000d26                Esperar_USART_0_RX
 .text.Medicion_Caudales
                0x0000000000000d76      0x206 ./caudales.o
                0x0000000000000d76                Medicion_Caudales
 .text.Configuracion_Timer_Medicion_Caudales
                0x0000000000000f7c       0xde ./caudales.o
                0x0000000000000f7c                Configuracion_Timer_Medicion_Caudales
 .text.Iniciar_Medicion_Caudal
                0x000000000000105a       0x9c ./caudales.o
                0x000000000000105a                Iniciar_Medicion_Caudal
 .text.Control_Temp
                0x00000000000010f6      0xe4c ./control.o
                0x00000000000010f6                Control_Temp
 .text.Inicio_Control_Temp
                0x0000000000001f42       0x1a ./control.o
                0x0000000000001f42                Inicio_Control_Temp
 .text.Carga_Configuracion_Desde_Eeprom
                0x0000000000001f5c      0x860 ./eeprom.o
                0x0000000000001f5c                Carga_Configuracion_Desde_Eeprom
 .text.Carga_Configuracion_Fabrica_Eeprom
                0x00000000000027bc      0x1ec ./eeprom.o
                0x00000000000027bc                Carga_Configuracion_Fabrica_Eeprom
 .text.Escribir_Checksum_Eeprom
                0x00000000000029a8      0x116 ./eeprom.o
                0x00000000000029a8                Escribir_Checksum_Eeprom
 .text.Float_a_Checksum
                0x0000000000002abe       0xbc ./eeprom.o
                0x0000000000002abe                Float_a_Checksum
 .text.UnsignedInt_a_Checksum
                0x0000000000002b7a       0x4e ./eeprom.o
                0x0000000000002b7a                UnsignedInt_a_Checksum
 .text.Char_a_Checksum
                0x0000000000002bc8       0x42 ./eeprom.o
                0x0000000000002bc8                Char_a_Checksum
 .text.Float_a_Eeprom
                0x0000000000002c0a       0xe6 ./eeprom.o
                0x0000000000002c0a                Float_a_Eeprom
 .text.Eeprom_a_Float
                0x0000000000002cf0       0xe4 ./eeprom.o
                0x0000000000002cf0                Eeprom_a_Float
 .text.UnsignedInt_a_Eeprom
                0x0000000000002dd4       0xc8 ./eeprom.o
                0x0000000000002dd4                UnsignedInt_a_Eeprom
 .text.Eeprom_a_UnsignedInt
                0x0000000000002e9c       0xc8 ./eeprom.o
                0x0000000000002e9c                Eeprom_a_UnsignedInt
 .text.Char_a_Eeprom
                0x0000000000002f64       0xbe ./eeprom.o
                0x0000000000002f64                Char_a_Eeprom
 .text.Eeprom_a_Char
                0x0000000000003022       0xbe ./eeprom.o
                0x0000000000003022                Eeprom_a_Char
 .text.Inicio_Puertos
                0x00000000000030e0      0x176 ./inicio.o
                0x00000000000030e0                Inicio_Puertos
 .text.Inicio_Timer2
                0x0000000000003256       0x3e ./inicio.o
                0x0000000000003256                Inicio_Timer2
 .text.LCDByte  0x0000000000003294      0xed6 ./lcd.o
                0x0000000000003294                LCDByte
 .text.LCDBusyLoop
                0x000000000000416a     0x15fa ./lcd.o
                0x000000000000416a                LCDBusyLoop
 .text.LCDInit  0x0000000000005764      0xa22 ./lcd.o
                0x0000000000005764                LCDInit
 .text.LCDWriteString
                0x0000000000006186       0x92 ./lcd.o
                0x0000000000006186                LCDWriteString
 .text.LCDWriteLine
                0x0000000000006218       0xe2 ./lcd.o
                0x0000000000006218                LCDWriteLine
 .text.LCDWriteInt
                0x00000000000062fa      0x11a ./lcd.o
                0x00000000000062fa                LCDWriteInt
 .text.LCDGotoXY
                0x0000000000006414       0x66 ./lcd.o
                0x0000000000006414                LCDGotoXY
 .text.main     0x000000000000647a      0x60c ./main.o
                0x000000000000647a                main
 .text.__vector_7
                0x0000000000006a86      0x158 ./main.o
                0x0000000000006a86                __vector_7
 .text.__vector_10
                0x0000000000006bde       0xf0 ./main.o
                0x0000000000006bde                __vector_10
 .text.__vector_13
                0x0000000000006cce       0x78 ./main.o
                0x0000000000006cce                __vector_13
 .text.__vector_default
                0x0000000000006d46       0x24 ./main.o
                0x0000000000006d46                __vector_default
 .text.Max6675_Get_Temp
                0x0000000000006d6a      0x1b2 ./max6675.o
                0x0000000000006d6a                Max6675_Get_Temp
 .text.Spi_Max6675_Inicio
                0x0000000000006f1c       0x4c ./max6675.o
                0x0000000000006f1c                Spi_Max6675_Inicio
 .text.Spi_Max6675_TxRx
                0x0000000000006f68       0x40 ./max6675.o
                0x0000000000006f68                Spi_Max6675_TxRx
 .text.Rotar_Motor_PP
                0x0000000000006fa8      0x434 ./motorPP.o
                0x0000000000006fa8                Rotar_Motor_PP
 .text.Inicio_Motor_PP
                0x00000000000073dc     0x17f6 ./motorPP.o
                0x00000000000073dc                Inicio_Motor_PP
 .text.Terminal
                0x0000000000008bd2     0x1948 ./terminal.o
                0x0000000000008bd2                Terminal
 .text.Detectar_Comando_Buffer_P
                0x000000000000a51a      0x10c ./terminal.o
                0x000000000000a51a                Detectar_Comando_Buffer_P
 .text.Inicio_Terminal
                0x000000000000a626       0x58 ./terminal.o
                0x000000000000a626                Inicio_Terminal
 .text.Buscar_en_Buffer_P
                0x000000000000a67e       0xf6 ./utiles.o
                0x000000000000a67e                Buscar_en_Buffer_P
 .text.Buscar_en_Buffer
                0x000000000000a774       0xd8 ./utiles.o
                0x000000000000a774                Buscar_en_Buffer
 .text.Comparar_Inicio_Buffer_P
                0x000000000000a84c       0xda ./utiles.o
                0x000000000000a84c                Comparar_Inicio_Buffer_P
 .text.Comparar_Inicio_Buffer
                0x000000000000a926       0xc2 ./utiles.o
                0x000000000000a926                Comparar_Inicio_Buffer
 .text.String_a_Mayusculas
                0x000000000000a9e8       0xe2 ./utiles.o
                0x000000000000a9e8                String_a_Mayusculas
 .text.From_String_to_Float
                0x000000000000aaca      0x1a8 ./utiles.o
                0x000000000000aaca                From_String_to_Float
 .text.libgcc.mul
                0x000000000000ac72        0x0 /usr/lib/gcc/avr/4.9.2/avr5/libgcc.a(_divmodhi4.o)
 .text.libgcc.div
                0x000000000000ac72       0x28 /usr/lib/gcc/avr/4.9.2/avr5/libgcc.a(_divmodhi4.o)
                0x000000000000ac72                __divmodhi4
                0x000000000000ac72                _div
 .text.libgcc   0x000000000000ac9a        0x0 /usr/lib/gcc/avr/4.9.2/avr5/libgcc.a(_divmodhi4.o)
 .text.libgcc.prologue
                0x000000000000ac9a        0x0 /usr/lib/gcc/avr/4.9.2/avr5/libgcc.a(_divmodhi4.o)
 .text.libgcc.builtins
                0x000000000000ac9a        0x0 /usr/lib/gcc/avr/4.9.2/avr5/libgcc.a(_divmodhi4.o)
 .text.libgcc.fmul
                0x000000000000ac9a        0x0 /usr/lib/gcc/avr/4.9.2/avr5/libgcc.a(_divmodhi4.o)
 .text.libgcc.fixed
                0x000000000000ac9a        0x0 /usr/lib/gcc/avr/4.9.2/avr5/libgcc.a(_divmodhi4.o)
 .text.libgcc.mul
                0x000000000000ac9a        0x0 /usr/lib/gcc/avr/4.9.2/avr5/libgcc.a(_exit.o)
 .text.libgcc.div
                0x000000000000ac9a        0x0 /usr/lib/gcc/avr/4.9.2/avr5/libgcc.a(_exit.o)
 .text.libgcc   0x000000000000ac9a        0x0 /usr/lib/gcc/avr/4.9.2/avr5/libgcc.a(_exit.o)
 .text.libgcc.prologue
                0x000000000000ac9a        0x0 /usr/lib/gcc/avr/4.9.2/avr5/libgcc.a(_exit.o)
 .text.libgcc.builtins
                0x000000000000ac9a        0x0 /usr/lib/gcc/avr/4.9.2/avr5/libgcc.a(_exit.o)
 .text.libgcc.fmul
                0x000000000000ac9a        0x0 /usr/lib/gcc/avr/4.9.2/avr5/libgcc.a(_exit.o)
 .text.libgcc.fixed
                0x000000000000ac9a        0x0 /usr/lib/gcc/avr/4.9.2/avr5/libgcc.a(_exit.o)
 .text.libgcc.mul
                0x000000000000ac9a        0x0 /usr/lib/gcc/avr/4.9.2/avr5/libgcc.a(_tablejump2.o)
 .text.libgcc.div
                0x000000000000ac9a        0x0 /usr/lib/gcc/avr/4.9.2/avr5/libgcc.a(_tablejump2.o)
 .text.libgcc   0x000000000000ac9a        0xc /usr/lib/gcc/avr/4.9.2/avr5/libgcc.a(_tablejump2.o)
                0x000000000000ac9a                __tablejump2__
 .text.libgcc.prologue
                0x000000000000aca6        0x0 /usr/lib/gcc/avr/4.9.2/avr5/libgcc.a(_tablejump2.o)
 .text.libgcc.builtins
                0x000000000000aca6        0x0 /usr/lib/gcc/avr/4.9.2/avr5/libgcc.a(_tablejump2.o)
 .text.libgcc.fmul
                0x000000000000aca6        0x0 /usr/lib/gcc/avr/4.9.2/avr5/libgcc.a(_tablejump2.o)
 .text.libgcc.fixed
                0x000000000000aca6        0x0 /usr/lib/gcc/avr/4.9.2/avr5/libgcc.a(_tablejump2.o)
 .text.libgcc.mul
                0x000000000000aca6        0x0 /usr/lib/gcc/avr/4.9.2/avr5/libgcc.a(_copy_data.o)
 .text.libgcc.div
                0x000000000000aca6        0x0 /usr/lib/gcc/avr/4.9.2/avr5/libgcc.a(_copy_data.o)
 .text.libgcc   0x000000000000aca6        0x0 /usr/lib/gcc/avr/4.9.2/avr5/libgcc.a(_copy_data.o)
 .text.libgcc.prologue
                0x000000000000aca6        0x0 /usr/lib/gcc/avr/4.9.2/avr5/libgcc.a(_copy_data.o)
 .text.libgcc.builtins
                0x000000000000aca6        0x0 /usr/lib/gcc/avr/4.9.2/avr5/libgcc.a(_copy_data.o)
 .text.libgcc.fmul
                0x000000000000aca6        0x0 /usr/lib/gcc/avr/4.9.2/avr5/libgcc.a(_copy_data.o)
 .text.libgcc.fixed
                0x000000000000aca6        0x0 /usr/lib/gcc/avr/4.9.2/avr5/libgcc.a(_copy_data.o)
 .text.libgcc.mul
                0x000000000000aca6        0x0 /usr/lib/gcc/avr/4.9.2/avr5/libgcc.a(_clear_bss.o)
 .text.libgcc.div
                0x000000000000aca6        0x0 /usr/lib/gcc/avr/4.9.2/avr5/libgcc.a(_clear_bss.o)
 .text.libgcc   0x000000000000aca6        0x0 /usr/lib/gcc/avr/4.9.2/avr5/libgcc.a(_clear_bss.o)
 .text.libgcc.prologue
                0x000000000000aca6        0x0 /usr/lib/gcc/avr/4.9.2/avr5/libgcc.a(_clear_bss.o)
 .text.libgcc.builtins
                0x000000000000aca6        0x0 /usr/lib/gcc/avr/4.9.2/avr5/libgcc.a(_clear_bss.o)
 .text.libgcc.fmul
                0x000000000000aca6        0x0 /usr/lib/gcc/avr/4.9.2/avr5/libgcc.a(_clear_bss.o)
 .text.libgcc.fixed
                0x000000000000aca6        0x0 /usr/lib/gcc/avr/4.9.2/avr5/libgcc.a(_clear_bss.o)
 .text.libgcc.mul
                0x000000000000aca6        0x0 /usr/lib/gcc/avr/4.9.2/avr5/libgcc.a(_udivmodhi4.o)
 .text.libgcc.div
                0x000000000000aca6       0x28 /usr/lib/gcc/avr/4.9.2/avr5/libgcc.a(_udivmodhi4.o)
                0x000000000000aca6                __udivmodhi4
 .text.libgcc   0x000000000000acce        0x0 /usr/lib/gcc/avr/4.9.2/avr5/libgcc.a(_udivmodhi4.o)
 .text.libgcc.prologue
                0x000000000000acce        0x0 /usr/lib/gcc/avr/4.9.2/avr5/libgcc.a(_udivmodhi4.o)
 .text.libgcc.builtins
                0x000000000000acce        0x0 /usr/lib/gcc/avr/4.9.2/avr5/libgcc.a(_udivmodhi4.o)
 .text.libgcc.fmul
                0x000000000000acce        0x0 /usr/lib/gcc/avr/4.9.2/avr5/libgcc.a(_udivmodhi4.o)
 .text.libgcc.fixed
                0x000000000000acce        0x0 /usr/lib/gcc/avr/4.9.2/avr5/libgcc.a(_udivmodhi4.o)
 .text.avr-libc.fplib
                0x000000000000acce        0xe /usr/lib/gcc/avr/4.9.2/../../../avr/lib/avr5/libm.a(addsf3.o)
                0x000000000000acce                __subsf3
                0x000000000000acd0                __addsf3
 .text.avr-libc.fplib
                0x000000000000acdc       0xcc /usr/lib/gcc/avr/4.9.2/../../../avr/lib/avr5/libm.a(addsf3x.o)
                0x000000000000acfe                __addsf3x
 .text.avr-libc.fplib
                0x000000000000ada8        0xa /usr/lib/gcc/avr/4.9.2/../../../avr/lib/avr5/libm.a(cmpsf2.o)
                0x000000000000ada8                __lesf2
                0x000000000000ada8                __nesf2
                0x000000000000ada8                __eqsf2
                0x000000000000ada8                __cmpsf2
                0x000000000000ada8                __ltsf2
 .text.avr-libc.fplib
                0x000000000000adb2        0x8 /usr/lib/gcc/avr/4.9.2/../../../avr/lib/avr5/libm.a(divsf3.o)
                0x000000000000adb2                __divsf3
 .text.avr-libc.fplib
                0x000000000000adba       0xdc /usr/lib/gcc/avr/4.9.2/../../../avr/lib/avr5/libm.a(divsf3x.o)
                0x000000000000adda                __divsf3x
                0x000000000000ade0                __divsf3_pse
 .text.avr-libc.fplib
                0x000000000000ae96        0xe /usr/lib/gcc/avr/4.9.2/../../../avr/lib/avr5/libm.a(fixsfsi.o)
                0x000000000000ae96                __fixsfsi
 .text.avr-libc.fplib
                0x000000000000aea4       0x5e /usr/lib/gcc/avr/4.9.2/../../../avr/lib/avr5/libm.a(fixunssfsi.o)
                0x000000000000aea4                __fixunssfsi
 .text.avr-libc.fplib
                0x000000000000af02       0x7a /usr/lib/gcc/avr/4.9.2/../../../avr/lib/avr5/libm.a(floatsisf.o)
                0x000000000000af02                __floatunsisf
                0x000000000000af06                __floatsisf
 .text.avr-libc.fplib
                0x000000000000af7c       0x48 /usr/lib/gcc/avr/4.9.2/../../../avr/lib/avr5/libm.a(fp_cmp.o)
                0x000000000000af7c                __fp_cmp
 .text.avr-libc.fplib
                0x000000000000afc4        0xc /usr/lib/gcc/avr/4.9.2/../../../avr/lib/avr5/libm.a(fp_inf.o)
                0x000000000000afc4                __fp_inf
 .text.avr-libc.fplib
                0x000000000000afd0        0x6 /usr/lib/gcc/avr/4.9.2/../../../avr/lib/avr5/libm.a(fp_nan.o)
                0x000000000000afd0                __fp_nan
 .text.avr-libc.fplib
                0x000000000000afd6        0xe /usr/lib/gcc/avr/4.9.2/../../../avr/lib/avr5/libm.a(fp_pscA.o)
                0x000000000000afd6                __fp_pscA
 .text.avr-libc.fplib
                0x000000000000afe4        0xe /usr/lib/gcc/avr/4.9.2/../../../avr/lib/avr5/libm.a(fp_pscB.o)
                0x000000000000afe4                __fp_pscB
 .text.avr-libc.fplib
                0x000000000000aff2       0x22 /usr/lib/gcc/avr/4.9.2/../../../avr/lib/avr5/libm.a(fp_round.o)
                0x000000000000aff2                __fp_round
 .text.avr-libc.fplib
                0x000000000000b014       0x44 /usr/lib/gcc/avr/4.9.2/../../../avr/lib/avr5/libm.a(fp_split3.o)
                0x000000000000b014                __fp_split3
                0x000000000000b024                __fp_splitA
 .text.avr-libc.fplib
                0x000000000000b058        0xe /usr/lib/gcc/avr/4.9.2/../../../avr/lib/avr5/libm.a(fp_zero.o)
                0x000000000000b058                __fp_zero
                0x000000000000b05a                __fp_szero
 .text.avr-libc.fplib
                0x000000000000b066        0xa /usr/lib/gcc/avr/4.9.2/../../../avr/lib/avr5/libm.a(gesf2.o)
                0x000000000000b066                __gtsf2
                0x000000000000b066                __gesf2
 .text.avr-libc.fplib
                0x000000000000b070        0x8 /usr/lib/gcc/avr/4.9.2/../../../avr/lib/avr5/libm.a(mulsf3.o)
                0x000000000000b070                __mulsf3
 .text.avr-libc.fplib
                0x000000000000b078       0xd2 /usr/lib/gcc/avr/4.9.2/../../../avr/lib/avr5/libm.a(mulsf3x.o)
                0x000000000000b096                __mulsf3x
                0x000000000000b09c                __mulsf3_pse
 .text.avr-libc
                0x000000000000b14a       0x40 /usr/lib/gcc/avr/4.9.2/../../../avr/lib/avr5/libc.a(dtostrf.o)
                0x000000000000b14a                dtostrf
 .text.avr-libc
                0x000000000000b18a       0x3c /usr/lib/gcc/avr/4.9.2/../../../avr/lib/avr5/libc.a(atoi.o)
                0x000000000000b18a                atoi
 .text.avr-libc
                0x000000000000b1c6       0x10 /usr/lib/gcc/avr/4.9.2/../../../avr/lib/avr5/libc.a(mul10.o)
                0x000000000000b1c6                __mulhi_const_10
 .text.avr-libc
                0x000000000000b1d6       0x46 /usr/lib/gcc/avr/4.9.2/../../../avr/lib/avr5/libc.a(sprintf.o)
                0x000000000000b1d6                sprintf
 .text.avr-libc
                0x000000000000b21c      0x3a4 /usr/lib/gcc/avr/4.9.2/../../../avr/lib/avr5/libc.a(vfprintf_std.o)
                0x000000000000b21c                vfprintf
 .text.avr-libc
                0x000000000000b5c0      0x31c /usr/lib/gcc/avr/4.9.2/../../../avr/lib/avr5/libc.a(dtoa_prf.o)
                0x000000000000b5c0                dtoa_prf
 .text.avr-libc
                0x000000000000b8dc      0x1b0 /usr/lib/gcc/avr/4.9.2/../../../avr/lib/avr5/libc.a(ftoa_engine.o)
                0x000000000000b8dc                __ftoa_engine
 .text.avr-libc
                0x000000000000ba8c       0x16 /usr/lib/gcc/avr/4.9.2/../../../avr/lib/avr5/libc.a(strnlen_P.o)
                0x000000000000ba8c                strnlen_P
 .text.avr-libc
                0x000000000000baa2       0x16 /usr/lib/gcc/avr/4.9.2/../../../avr/lib/avr5/libc.a(strnlen.o)
                0x000000000000baa2                strnlen
 .text.avr-libc
                0x000000000000bab8       0x70 /usr/lib/gcc/avr/4.9.2/../../../avr/lib/avr5/libc.a(fputc.o)
                0x000000000000bab8                fputc
 .text.avr-libc
                0x000000000000bb28       0xbc /usr/lib/gcc/avr/4.9.2/../../../avr/lib/avr5/libc.a(ultoa_invert.o)
                0x000000000000bb28                __ultoa_invert
 .text.avr-libc
                0x000000000000bbe4       0x10 /usr/lib/gcc/avr/4.9.2/../../../avr/lib/avr5/libatmega328p.a(eerd_byte.o)
                0x000000000000bbe4                eeprom_read_byte
 .text.avr-libc
                0x000000000000bbf4        0xc /usr/lib/gcc/avr/4.9.2/../../../avr/lib/avr5/libatmega328p.a(eerd_dword.o)
                0x000000000000bbf4                eeprom_read_dword
                0x000000000000bbf4                eeprom_read_float
 .text.avr-libc
                0x000000000000bc00        0xc /usr/lib/gcc/avr/4.9.2/../../../avr/lib/avr5/libatmega328p.a(eerd_word.o)
                0x000000000000bc00                eeprom_read_word
 .text.avr-libc
                0x000000000000bc0c       0x1c /usr/lib/gcc/avr/4.9.2/../../../avr/lib/avr5/libatmega328p.a(eewr_byte.o)
                0x000000000000bc0c                eeprom_write_byte
                0x000000000000bc0e                eeprom_write_r18
 .text.avr-libc
                0x000000000000bc28       0x10 /usr/lib/gcc/avr/4.9.2/../../../avr/lib/avr5/libatmega328p.a(eewr_dword.o)
                0x000000000000bc28                eeprom_write_float
                0x000000000000bc28                eeprom_write_dword
 .text.avr-libc
                0x000000000000bc38        0xa /usr/lib/gcc/avr/4.9.2/../../../avr/lib/avr5/libatmega328p.a(eewr_word.o)
                0x000000000000bc38                eeprom_write_word
 .text.avr-libc
                0x000000000000bc42       0x20 /usr/lib/gcc/avr/4.9.2/../../../avr/lib/avr5/libatmega328p.a(eerd_block.o)
                0x000000000000bc42                eeprom_read_block
                0x000000000000bc46                eeprom_read_blraw
 .text.libgcc.mul
                0x000000000000bc62        0x0 /usr/lib/gcc/avr/4.9.2/avr5/libgcc.a(_prologue.o)
 .text.libgcc.div
                0x000000000000bc62        0x0 /usr/lib/gcc/avr/4.9.2/avr5/libgcc.a(_prologue.o)
 .text.libgcc   0x000000000000bc62        0x0 /usr/lib/gcc/avr/4.9.2/avr5/libgcc.a(_prologue.o)
 .text.libgcc.prologue
                0x000000000000bc62       0x38 /usr/lib/gcc/avr/4.9.2/avr5/libgcc.a(_prologue.o)
                0x000000000000bc62                __prologue_saves__
 .text.libgcc.builtins
                0x000000000000bc9a        0x0 /usr/lib/gcc/avr/4.9.2/avr5/libgcc.a(_prologue.o)
 .text.libgcc.fmul
                0x000000000000bc9a        0x0 /usr/lib/gcc/avr/4.9.2/avr5/libgcc.a(_prologue.o)
 .text.libgcc.fixed
                0x000000000000bc9a        0x0 /usr/lib/gcc/avr/4.9.2/avr5/libgcc.a(_prologue.o)
 .text.libgcc.mul
                0x000000000000bc9a        0x0 /usr/lib/gcc/avr/4.9.2/avr5/libgcc.a(_epilogue.o)
 .text.libgcc.div
                0x000000000000bc9a        0x0 /usr/lib/gcc/avr/4.9.2/avr5/libgcc.a(_epilogue.o)
 .text.libgcc   0x000000000000bc9a        0x0 /usr/lib/gcc/avr/4.9.2/avr5/libgcc.a(_epilogue.o)
 .text.libgcc.prologue
                0x000000000000bc9a       0x36 /usr/lib/gcc/avr/4.9.2/avr5/libgcc.a(_epilogue.o)
                0x000000000000bc9a                __epilogue_restores__
 .text.libgcc.builtins
                0x000000000000bcd0        0x0 /usr/lib/gcc/avr/4.9.2/avr5/libgcc.a(_epilogue.o)
 .text.libgcc.fmul
                0x000000000000bcd0        0x0 /usr/lib/gcc/avr/4.9.2/avr5/libgcc.a(_epilogue.o)
 .text.libgcc.fixed
                0x000000000000bcd0        0x0 /usr/lib/gcc/avr/4.9.2/avr5/libgcc.a(_epilogue.o)
                0x000000000000bcd0                . = ALIGN (0x2)
 *(.fini9)
 .fini9         0x000000000000bcd0        0x0 /usr/lib/gcc/avr/4.9.2/avr5/libgcc.a(_exit.o)
                0x000000000000bcd0                exit
                0x000000000000bcd0                _exit
 *(.fini9)
 *(.fini8)
 *(.fini8)
 *(.fini7)
 *(.fini7)
 *(.fini6)
 *(.fini6)
 *(.fini5)
 *(.fini5)
 *(.fini4)
 *(.fini4)
 *(.fini3)
 *(.fini3)
 *(.fini2)
 *(.fini2)
 *(.fini1)
 *(.fini1)
 *(.fini0)
 .fini0         0x000000000000bcd0        0x4 /usr/lib/gcc/avr/4.9.2/avr5/libgcc.a(_exit.o)
 *(.fini0)
                0x000000000000bcd4                _etext = .

.data           0x0000000000800100      0x164 load address 0x000000000000bcd4
                0x0000000000800100                PROVIDE (__data_start, .)
 *(.data)
 .data          0x0000000000800100        0x0 /usr/lib/gcc/avr/4.9.2/../../../avr/lib/avr5/crtatmega328p.o
 .data          0x0000000000800100        0x0 ./ADC.o
 .data          0x0000000000800100        0x0 ./USART0.o
 .data          0x0000000000800100        0x0 ./caudales.o
 .data          0x0000000000800100        0x0 ./control.o
 .data          0x0000000000800100        0x0 ./ds18b20.o
 .data          0x0000000000800100        0x0 ./eeprom.o
 .data          0x0000000000800100        0x0 ./inicio.o
 .data          0x0000000000800100        0x0 ./lcd.o
 .data          0x0000000000800100        0x0 ./main.o
 .data          0x0000000000800100        0x0 ./max6675.o
 .data          0x0000000000800100        0x0 ./motorPP.o
 .data          0x0000000000800100        0x0 ./terminal.o
 .data          0x0000000000800100        0x0 ./utiles.o
 .data          0x0000000000800100        0x0 /usr/lib/gcc/avr/4.9.2/avr5/libgcc.a(_divmodhi4.o)
 .data          0x0000000000800100        0x0 /usr/lib/gcc/avr/4.9.2/avr5/libgcc.a(_exit.o)
 .data          0x0000000000800100        0x0 /usr/lib/gcc/avr/4.9.2/avr5/libgcc.a(_tablejump2.o)
 .data          0x0000000000800100        0x0 /usr/lib/gcc/avr/4.9.2/avr5/libgcc.a(_copy_data.o)
 .data          0x0000000000800100        0x0 /usr/lib/gcc/avr/4.9.2/avr5/libgcc.a(_clear_bss.o)
 .data          0x0000000000800100        0x0 /usr/lib/gcc/avr/4.9.2/avr5/libgcc.a(_udivmodhi4.o)
 .data          0x0000000000800100        0x0 /usr/lib/gcc/avr/4.9.2/../../../avr/lib/avr5/libm.a(addsf3.o)
 .data          0x0000000000800100        0x0 /usr/lib/gcc/avr/4.9.2/../../../avr/lib/avr5/libm.a(addsf3x.o)
 .data          0x0000000000800100        0x0 /usr/lib/gcc/avr/4.9.2/../../../avr/lib/avr5/libm.a(cmpsf2.o)
 .data          0x0000000000800100        0x0 /usr/lib/gcc/avr/4.9.2/../../../avr/lib/avr5/libm.a(divsf3.o)
 .data          0x0000000000800100        0x0 /usr/lib/gcc/avr/4.9.2/../../../avr/lib/avr5/libm.a(divsf3x.o)
 .data          0x0000000000800100        0x0 /usr/lib/gcc/avr/4.9.2/../../../avr/lib/avr5/libm.a(fixsfsi.o)
 .data          0x0000000000800100        0x0 /usr/lib/gcc/avr/4.9.2/../../../avr/lib/avr5/libm.a(fixunssfsi.o)
 .data          0x0000000000800100        0x0 /usr/lib/gcc/avr/4.9.2/../../../avr/lib/avr5/libm.a(floatsisf.o)
 .data          0x0000000000800100        0x0 /usr/lib/gcc/avr/4.9.2/../../../avr/lib/avr5/libm.a(fp_cmp.o)
 .data          0x0000000000800100        0x0 /usr/lib/gcc/avr/4.9.2/../../../avr/lib/avr5/libm.a(fp_inf.o)
 .data          0x0000000000800100        0x0 /usr/lib/gcc/avr/4.9.2/../../../avr/lib/avr5/libm.a(fp_nan.o)
 .data          0x0000000000800100        0x0 /usr/lib/gcc/avr/4.9.2/../../../avr/lib/avr5/libm.a(fp_pscA.o)
 .data          0x0000000000800100        0x0 /usr/lib/gcc/avr/4.9.2/../../../avr/lib/avr5/libm.a(fp_pscB.o)
 .data          0x0000000000800100        0x0 /usr/lib/gcc/avr/4.9.2/../../../avr/lib/avr5/libm.a(fp_round.o)
 .data          0x0000000000800100        0x0 /usr/lib/gcc/avr/4.9.2/../../../avr/lib/avr5/libm.a(fp_split3.o)
 .data          0x0000000000800100        0x0 /usr/lib/gcc/avr/4.9.2/../../../avr/lib/avr5/libm.a(fp_zero.o)
 .data          0x0000000000800100        0x0 /usr/lib/gcc/avr/4.9.2/../../../avr/lib/avr5/libm.a(gesf2.o)
 .data          0x0000000000800100        0x0 /usr/lib/gcc/avr/4.9.2/../../../avr/lib/avr5/libm.a(mulsf3.o)
 .data          0x0000000000800100        0x0 /usr/lib/gcc/avr/4.9.2/../../../avr/lib/avr5/libm.a(mulsf3x.o)
 .data          0x0000000000800100        0x0 /usr/lib/gcc/avr/4.9.2/../../../avr/lib/avr5/libc.a(dtostrf.o)
 .data          0x0000000000800100        0x0 /usr/lib/gcc/avr/4.9.2/../../../avr/lib/avr5/libc.a(atoi.o)
 .data          0x0000000000800100        0x0 /usr/lib/gcc/avr/4.9.2/../../../avr/lib/avr5/libc.a(mul10.o)
 .data          0x0000000000800100        0x0 /usr/lib/gcc/avr/4.9.2/../../../avr/lib/avr5/libc.a(sprintf.o)
 .data          0x0000000000800100        0x0 /usr/lib/gcc/avr/4.9.2/../../../avr/lib/avr5/libc.a(vfprintf_std.o)
 .data          0x0000000000800100        0x0 /usr/lib/gcc/avr/4.9.2/../../../avr/lib/avr5/libc.a(dtoa_prf.o)
 .data          0x0000000000800100        0x0 /usr/lib/gcc/avr/4.9.2/../../../avr/lib/avr5/libc.a(ftoa_engine.o)
 .data          0x0000000000800100        0x0 /usr/lib/gcc/avr/4.9.2/../../../avr/lib/avr5/libc.a(strnlen_P.o)
 .data          0x0000000000800100        0x0 /usr/lib/gcc/avr/4.9.2/../../../avr/lib/avr5/libc.a(strnlen.o)
 .data          0x0000000000800100        0x0 /usr/lib/gcc/avr/4.9.2/../../../avr/lib/avr5/libc.a(fputc.o)
 .data          0x0000000000800100        0x0 /usr/lib/gcc/avr/4.9.2/../../../avr/lib/avr5/libc.a(ultoa_invert.o)
 .data          0x0000000000800100        0x0 /usr/lib/gcc/avr/4.9.2/../../../avr/lib/avr5/libatmega328p.a(eerd_byte.o)
 .data          0x0000000000800100        0x0 /usr/lib/gcc/avr/4.9.2/../../../avr/lib/avr5/libatmega328p.a(eerd_dword.o)
 .data          0x0000000000800100        0x0 /usr/lib/gcc/avr/4.9.2/../../../avr/lib/avr5/libatmega328p.a(eerd_word.o)
 .data          0x0000000000800100        0x0 /usr/lib/gcc/avr/4.9.2/../../../avr/lib/avr5/libatmega328p.a(eewr_byte.o)
 .data          0x0000000000800100        0x0 /usr/lib/gcc/avr/4.9.2/../../../avr/lib/avr5/libatmega328p.a(eewr_dword.o)
 .data          0x0000000000800100        0x0 /usr/lib/gcc/avr/4.9.2/../../../avr/lib/avr5/libatmega328p.a(eewr_word.o)
 .data          0x0000000000800100        0x0 /usr/lib/gcc/avr/4.9.2/../../../avr/lib/avr5/libatmega328p.a(eerd_block.o)
 .data          0x0000000000800100        0x0 /usr/lib/gcc/avr/4.9.2/avr5/libgcc.a(_prologue.o)
 .data          0x0000000000800100        0x0 /usr/lib/gcc/avr/4.9.2/avr5/libgcc.a(_epilogue.o)
 *(.data*)
 .data.__cgram  0x0000000000800100       0x40 ./lcd.o
                0x0000000000800100                __cgram
 *(.rodata)
 .rodata        0x0000000000800140       0x5f ./control.o
 .rodata        0x000000000080019f        0xd ./eeprom.o
 .rodata        0x00000000008001ac       0x68 ./main.o
 .rodata        0x0000000000800214       0x4f ./terminal.o
 *(.rodata*)
 *(.gnu.linkonce.d*)
                0x0000000000800264                . = ALIGN (0x2)
 *fill*         0x0000000000800263        0x1 
                0x0000000000800264                _edata = .
                0x0000000000800264                PROVIDE (__data_end, .)

.bss            0x0000000000800264      0x233
                0x0000000000800264                PROVIDE (__bss_start, .)
 *(.bss)
 .bss           0x0000000000800264        0x0 /usr/lib/gcc/avr/4.9.2/../../../avr/lib/avr5/crtatmega328p.o
 .bss           0x0000000000800264        0x0 ./ADC.o
 .bss           0x0000000000800264        0x0 ./USART0.o
 .bss           0x0000000000800264        0x0 ./caudales.o
 .bss           0x0000000000800264        0x0 ./control.o
 .bss           0x0000000000800264        0x0 ./ds18b20.o
 .bss           0x0000000000800264        0x0 ./eeprom.o
 .bss           0x0000000000800264        0x0 ./inicio.o
 .bss           0x0000000000800264        0x0 ./lcd.o
 .bss           0x0000000000800264        0x0 ./main.o
 .bss           0x0000000000800264        0x0 ./max6675.o
 .bss           0x0000000000800264        0x0 ./motorPP.o
 .bss           0x0000000000800264        0x0 ./terminal.o
 .bss           0x0000000000800264        0x0 ./utiles.o
 .bss           0x0000000000800264        0x0 /usr/lib/gcc/avr/4.9.2/avr5/libgcc.a(_divmodhi4.o)
 .bss           0x0000000000800264        0x0 /usr/lib/gcc/avr/4.9.2/avr5/libgcc.a(_exit.o)
 .bss           0x0000000000800264        0x0 /usr/lib/gcc/avr/4.9.2/avr5/libgcc.a(_tablejump2.o)
 .bss           0x0000000000800264        0x0 /usr/lib/gcc/avr/4.9.2/avr5/libgcc.a(_copy_data.o)
 .bss           0x0000000000800264        0x0 /usr/lib/gcc/avr/4.9.2/avr5/libgcc.a(_clear_bss.o)
 .bss           0x0000000000800264        0x0 /usr/lib/gcc/avr/4.9.2/avr5/libgcc.a(_udivmodhi4.o)
 .bss           0x0000000000800264        0x0 /usr/lib/gcc/avr/4.9.2/../../../avr/lib/avr5/libm.a(addsf3.o)
 .bss           0x0000000000800264        0x0 /usr/lib/gcc/avr/4.9.2/../../../avr/lib/avr5/libm.a(addsf3x.o)
 .bss           0x0000000000800264        0x0 /usr/lib/gcc/avr/4.9.2/../../../avr/lib/avr5/libm.a(cmpsf2.o)
 .bss           0x0000000000800264        0x0 /usr/lib/gcc/avr/4.9.2/../../../avr/lib/avr5/libm.a(divsf3.o)
 .bss           0x0000000000800264        0x0 /usr/lib/gcc/avr/4.9.2/../../../avr/lib/avr5/libm.a(divsf3x.o)
 .bss           0x0000000000800264        0x0 /usr/lib/gcc/avr/4.9.2/../../../avr/lib/avr5/libm.a(fixsfsi.o)
 .bss           0x0000000000800264        0x0 /usr/lib/gcc/avr/4.9.2/../../../avr/lib/avr5/libm.a(fixunssfsi.o)
 .bss           0x0000000000800264        0x0 /usr/lib/gcc/avr/4.9.2/../../../avr/lib/avr5/libm.a(floatsisf.o)
 .bss           0x0000000000800264        0x0 /usr/lib/gcc/avr/4.9.2/../../../avr/lib/avr5/libm.a(fp_cmp.o)
 .bss           0x0000000000800264        0x0 /usr/lib/gcc/avr/4.9.2/../../../avr/lib/avr5/libm.a(fp_inf.o)
 .bss           0x0000000000800264        0x0 /usr/lib/gcc/avr/4.9.2/../../../avr/lib/avr5/libm.a(fp_nan.o)
 .bss           0x0000000000800264        0x0 /usr/lib/gcc/avr/4.9.2/../../../avr/lib/avr5/libm.a(fp_pscA.o)
 .bss           0x0000000000800264        0x0 /usr/lib/gcc/avr/4.9.2/../../../avr/lib/avr5/libm.a(fp_pscB.o)
 .bss           0x0000000000800264        0x0 /usr/lib/gcc/avr/4.9.2/../../../avr/lib/avr5/libm.a(fp_round.o)
 .bss           0x0000000000800264        0x0 /usr/lib/gcc/avr/4.9.2/../../../avr/lib/avr5/libm.a(fp_split3.o)
 .bss           0x0000000000800264        0x0 /usr/lib/gcc/avr/4.9.2/../../../avr/lib/avr5/libm.a(fp_zero.o)
 .bss           0x0000000000800264        0x0 /usr/lib/gcc/avr/4.9.2/../../../avr/lib/avr5/libm.a(gesf2.o)
 .bss           0x0000000000800264        0x0 /usr/lib/gcc/avr/4.9.2/../../../avr/lib/avr5/libm.a(mulsf3.o)
 .bss           0x0000000000800264        0x0 /usr/lib/gcc/avr/4.9.2/../../../avr/lib/avr5/libm.a(mulsf3x.o)
 .bss           0x0000000000800264        0x0 /usr/lib/gcc/avr/4.9.2/../../../avr/lib/avr5/libc.a(dtostrf.o)
 .bss           0x0000000000800264        0x0 /usr/lib/gcc/avr/4.9.2/../../../avr/lib/avr5/libc.a(atoi.o)
 .bss           0x0000000000800264        0x0 /usr/lib/gcc/avr/4.9.2/../../../avr/lib/avr5/libc.a(mul10.o)
 .bss           0x0000000000800264        0x0 /usr/lib/gcc/avr/4.9.2/../../../avr/lib/avr5/libc.a(sprintf.o)
 .bss           0x0000000000800264        0x0 /usr/lib/gcc/avr/4.9.2/../../../avr/lib/avr5/libc.a(vfprintf_std.o)
 .bss           0x0000000000800264        0x0 /usr/lib/gcc/avr/4.9.2/../../../avr/lib/avr5/libc.a(dtoa_prf.o)
 .bss           0x0000000000800264        0x0 /usr/lib/gcc/avr/4.9.2/../../../avr/lib/avr5/libc.a(ftoa_engine.o)
 .bss           0x0000000000800264        0x0 /usr/lib/gcc/avr/4.9.2/../../../avr/lib/avr5/libc.a(strnlen_P.o)
 .bss           0x0000000000800264        0x0 /usr/lib/gcc/avr/4.9.2/../../../avr/lib/avr5/libc.a(strnlen.o)
 .bss           0x0000000000800264        0x0 /usr/lib/gcc/avr/4.9.2/../../../avr/lib/avr5/libc.a(fputc.o)
 .bss           0x0000000000800264        0x0 /usr/lib/gcc/avr/4.9.2/../../../avr/lib/avr5/libc.a(ultoa_invert.o)
 .bss           0x0000000000800264        0x0 /usr/lib/gcc/avr/4.9.2/../../../avr/lib/avr5/libatmega328p.a(eerd_byte.o)
 .bss           0x0000000000800264        0x0 /usr/lib/gcc/avr/4.9.2/../../../avr/lib/avr5/libatmega328p.a(eerd_dword.o)
 .bss           0x0000000000800264        0x0 /usr/lib/gcc/avr/4.9.2/../../../avr/lib/avr5/libatmega328p.a(eerd_word.o)
 .bss           0x0000000000800264        0x0 /usr/lib/gcc/avr/4.9.2/../../../avr/lib/avr5/libatmega328p.a(eewr_byte.o)
 .bss           0x0000000000800264        0x0 /usr/lib/gcc/avr/4.9.2/../../../avr/lib/avr5/libatmega328p.a(eewr_dword.o)
 .bss           0x0000000000800264        0x0 /usr/lib/gcc/avr/4.9.2/../../../avr/lib/avr5/libatmega328p.a(eewr_word.o)
 .bss           0x0000000000800264        0x0 /usr/lib/gcc/avr/4.9.2/../../../avr/lib/avr5/libatmega328p.a(eerd_block.o)
 .bss           0x0000000000800264        0x0 /usr/lib/gcc/avr/4.9.2/avr5/libgcc.a(_prologue.o)
 .bss           0x0000000000800264        0x0 /usr/lib/gcc/avr/4.9.2/avr5/libgcc.a(_epilogue.o)
 *(.bss*)
 *(COMMON)
 COMMON         0x0000000000800264        0x9 ./ADC.o
                0x0000000000800264                flTensionBateria
                0x0000000000800268                chEstadoADC
                0x0000000000800269                flTempSetP
 COMMON         0x000000000080026d      0x19c ./USART0.o
                0x000000000080026d                uchEstadoBufferTx_USART0
                0x000000000080026e                uContTimeoutEsperaUSART0
                0x0000000000800270                chBufferRx_USART0
                0x0000000000800338                uchEstadoRecepcionUSART0
                0x0000000000800339                uchContAuxTx_USART0
                0x000000000080033a                uContTimeoutLecturaRxUSART0
                0x000000000080033c                uContTimeoutRxUSART0
                0x000000000080033e                uchContAuxRx_USART0
                0x000000000080033f                uchEstadoTransmisionUSART0
                0x0000000000800340                uchEstadoBufferRx_USART0
                0x0000000000800341                chBufferTx_USART0
 COMMON         0x0000000000800409        0xc ./caudales.o
                0x0000000000800409                uchEstadoCaudales
                0x000000000080040a                uchEtapaMedicionCaudal
                0x000000000080040b                uContStandbyCaudal
                0x000000000080040d                flCaudalMedido
                0x0000000000800411                uPrimerCaptura
                0x0000000000800413                uSegundaCaptura
 COMMON         0x0000000000800415       0x47 ./control.o
                0x0000000000800415                uchEstadoControl
                0x0000000000800416                chPrintEstado
                0x0000000000800417                uContPeriodoPID
                0x0000000000800419                flPIDintMax
                0x000000000080041d                uPeriodoVedaCaudal
                0x000000000080041f                flPIDderivTerm
                0x0000000000800423                uPeriodoPID
                0x0000000000800425                flPIDintegTerm
                0x0000000000800429                flCaudalMedidoAnterior
                0x000000000080042d                flPIDerror
                0x0000000000800431                chPrintPID
                0x0000000000800432                flTempMedidaAnterior
                0x0000000000800436                flVariacionCaudalMedido
                0x000000000080043a                uContPeriodoVedaPID
                0x000000000080043c                flCaudalEscalaKsPID
                0x0000000000800440                flPIDpropTerm
                0x0000000000800444                flPIDkD
                0x0000000000800448                flEscalaVariacionCaudal
                0x000000000080044c                flPIDkI
                0x0000000000800450                flPIDkP
                0x0000000000800454                uContPeriodoVedaCaudal
                0x0000000000800456                uPeriodoVedaPID
                0x0000000000800458                flVariacionCaudalSetP
 COMMON         0x000000000080045c       0x23 ./main.o
                0x000000000080045c                uContActualizarDisplay
                0x000000000080045e                chBuffer
                0x000000000080047c                chLlamaDetectada
                0x000000000080047d                uContLlamaDetectada
 COMMON         0x000000000080047f        0xb ./max6675.o
                0x000000000080047f                flTempMedida
                0x0000000000800483                auxLowBite
                0x0000000000800485                uContMax6675
                0x0000000000800487                auxHighBite
                0x0000000000800489                uchEstadoSensorTemp
 COMMON         0x000000000080048a        0xa ./motorPP.o
                0x000000000080048a                stateMotorPP
                0x000000000080048c                relativePositionBySteps
                0x000000000080048e                uchEstadoRotar
                0x000000000080048f                uContMotorPP
                0x0000000000800491                uchEstadoMotorPP
                0x0000000000800492                stepToRotate
 COMMON         0x0000000000800494        0x3 ./terminal.o
                0x0000000000800494                uchEstadoTerminal
                0x0000000000800495                auxIndexTerminal
                0x0000000000800497                PROVIDE (__bss_end, .)
                0x000000000000bcd4                __data_load_start = LOADADDR (.data)
                0x000000000000be38                __data_load_end = (__data_load_start + SIZEOF (.data))

.noinit         0x0000000000800497        0x0
                0x0000000000800497                PROVIDE (__noinit_start, .)
 *(.noinit*)
                0x0000000000800497                PROVIDE (__noinit_end, .)
                0x0000000000800497                _end = .
                0x0000000000800497                PROVIDE (__heap_start, .)

.eeprom         0x0000000000810000       0x4c
 *(.eeprom*)
 .eeprom        0x0000000000810000       0x4c ./eeprom.o
                0x0000000000810000                flPIDkP_Eeprom
                0x0000000000810004                flPIDkI_Eeprom
                0x0000000000810008                flPIDkD_Eeprom
                0x000000000081000c                flPIDintMax_Eeprom
                0x0000000000810010                flVariacionCaudalSetP_Eeprom
                0x0000000000810014                flCaudalEscalaKsPID_Eeprom
                0x0000000000810018                flEscalaVariacionCaudal_Eeprom
                0x000000000081001c                uPeriodoPID_Eeprom
                0x000000000081001e                uPeriodoVedaPID_Eeprom
                0x0000000000810020                uPeriodoVedaCaudal_Eeprom
                0x0000000000810022                uChecksumPID_Eeprom
                0x0000000000810024                flPIDkP_Eeprom_BK
                0x0000000000810028                flPIDkI_Eeprom_BK
                0x000000000081002c                flPIDkD_Eeprom_BK
                0x0000000000810030                flPIDintMax_Eeprom_BK
                0x0000000000810034                flVariacionCaudalSetP_Eeprom_BK
                0x0000000000810038                flCaudalEscalaKsPID_Eeprom_BK
                0x000000000081003c                flEscalaVariacionCaudal_Eeprom_BK
                0x0000000000810040                uPeriodoPID_Eeprom_BK
                0x0000000000810042                uPeriodoVedaPID_Eeprom_BK
                0x0000000000810044                uPeriodoVedaCaudal_Eeprom_BK
                0x0000000000810046                uChecksumPID_Eeprom_BK
                0x0000000000810048                flDireccionVaciaEeprom
                0x000000000081004c                __eeprom_end = .

.fuse
 *(.fuse)
 *(.lfuse)
 *(.hfuse)
 *(.efuse)

.lock
 *(.lock*)

.signature
 *(.signature*)

.user_signatures
 *(.user_signatures*)

.stab           0x0000000000000000     0xa350
 *(.stab)
 .stab          0x0000000000000000      0x6fc ./ADC.o
 .stab          0x00000000000006fc      0xd98 ./USART0.o
                                        0xf9c (size before relaxing)
 .stab          0x0000000000001494      0x630 ./caudales.o
                                        0x870 (size before relaxing)
 .stab          0x0000000000001ac4      0x9d8 ./control.o
                                        0xc30 (size before relaxing)
 .stab          0x000000000000249c      0x2dc ./ds18b20.o
                                        0x4d4 (size before relaxing)
 .stab          0x0000000000002778     0x15e4 ./eeprom.o
                                       0x1824 (size before relaxing)
 .stab          0x0000000000003d5c      0x408 ./inicio.o
                                        0x5d0 (size before relaxing)
 .stab          0x0000000000004164     0x20a0 ./lcd.o
                                       0x2268 (size before relaxing)
 .stab          0x0000000000006204      0x960 ./main.o
                                        0xbc4 (size before relaxing)
 .stab          0x0000000000006b64      0x504 ./max6675.o
                                        0x720 (size before relaxing)
 .stab          0x0000000000007068     0x1464 ./motorPP.o
                                       0x16bc (size before relaxing)
 .stab          0x00000000000084cc     0x13e0 ./terminal.o
                                       0x1650 (size before relaxing)
 .stab          0x00000000000098ac      0xaa4 ./utiles.o
                                        0xcc0 (size before relaxing)

.stabstr        0x0000000000000000     0x2926
 *(.stabstr)
 .stabstr       0x0000000000000000     0x2926 ./ADC.o

.stab.excl
 *(.stab.excl)

.stab.exclstr
 *(.stab.exclstr)

.stab.index
 *(.stab.index)

.stab.indexstr
 *(.stab.indexstr)

.comment        0x0000000000000000       0x11
 *(.comment)
 .comment       0x0000000000000000       0x11 ./ADC.o
                                         0x12 (size before relaxing)
 .comment       0x0000000000000011       0x12 ./USART0.o
 .comment       0x0000000000000011       0x12 ./caudales.o
 .comment       0x0000000000000011       0x12 ./control.o
 .comment       0x0000000000000011       0x12 ./ds18b20.o
 .comment       0x0000000000000011       0x12 ./eeprom.o
 .comment       0x0000000000000011       0x12 ./inicio.o
 .comment       0x0000000000000011       0x12 ./lcd.o
 .comment       0x0000000000000011       0x12 ./main.o
 .comment       0x0000000000000011       0x12 ./max6675.o
 .comment       0x0000000000000011       0x12 ./motorPP.o
 .comment       0x0000000000000011       0x12 ./terminal.o
 .comment       0x0000000000000011       0x12 ./utiles.o
 .comment       0x0000000000000011       0x12 /usr/lib/gcc/avr/4.9.2/../../../avr/lib/avr5/libc.a(dtostrf.o)
 .comment       0x0000000000000011       0x12 /usr/lib/gcc/avr/4.9.2/../../../avr/lib/avr5/libc.a(sprintf.o)
 .comment       0x0000000000000011       0x12 /usr/lib/gcc/avr/4.9.2/../../../avr/lib/avr5/libc.a(vfprintf_std.o)
 .comment       0x0000000000000011       0x12 /usr/lib/gcc/avr/4.9.2/../../../avr/lib/avr5/libc.a(dtoa_prf.o)
 .comment       0x0000000000000011       0x12 /usr/lib/gcc/avr/4.9.2/../../../avr/lib/avr5/libc.a(fputc.o)

.note.gnu.avr.deviceinfo
                0x0000000000000000       0x40
 .note.gnu.avr.deviceinfo
                0x0000000000000000       0x40 /usr/lib/gcc/avr/4.9.2/../../../avr/lib/avr5/crtatmega328p.o

.note.gnu.build-id
 *(.note.gnu.build-id)

.debug
 *(.debug)

.line
 *(.line)

.debug_srcinfo
 *(.debug_srcinfo)

.debug_sfnames
 *(.debug_sfnames)

.debug_aranges
 *(.debug_aranges)

.debug_pubnames
 *(.debug_pubnames)

.debug_info
 *(.debug_info .gnu.linkonce.wi.*)

.debug_abbrev
 *(.debug_abbrev)

.debug_line
 *(.debug_line .debug_line.* .debug_line_end)

.debug_frame
 *(.debug_frame)

.debug_str
 *(.debug_str)

.debug_loc
 *(.debug_loc)

.debug_macinfo
 *(.debug_macinfo)

.debug_weaknames
 *(.debug_weaknames)

.debug_funcnames
 *(.debug_funcnames)

.debug_typenames
 *(.debug_typenames)

.debug_varnames
 *(.debug_varnames)

.debug_pubtypes
 *(.debug_pubtypes)

.debug_ranges
 *(.debug_ranges)

.debug_macro
 *(.debug_macro)
OUTPUT(calefon.elf elf32-avr)
LOAD linker stubs
