Archive member included to satisfy reference by file (symbol)

/usr/lib/gcc/avr/4.9.2/avr5/libgcc.a(_divmodhi4.o)
                              ./lcd.o (__divmodhi4)
/usr/lib/gcc/avr/4.9.2/avr5/libgcc.a(_exit.o)
                              /usr/lib/gcc/avr/4.9.2/../../../avr/lib/avr5/crtatmega328.o (exit)
/usr/lib/gcc/avr/4.9.2/avr5/libgcc.a(_tablejump2.o)
                              ./ds18b20.o (__tablejump2__)
/usr/lib/gcc/avr/4.9.2/avr5/libgcc.a(_copy_data.o)
                              ./lcd.o (__do_copy_data)
/usr/lib/gcc/avr/4.9.2/avr5/libgcc.a(_clear_bss.o)
                              ./ADC.o (__do_clear_bss)
/usr/lib/gcc/avr/4.9.2/avr5/libgcc.a(_umulhisi3.o)
                              ./ADC.o (__umulhisi3)
/usr/lib/gcc/avr/4.9.2/avr5/libgcc.a(_udivmodhi4.o)
                              /usr/lib/gcc/avr/4.9.2/avr5/libgcc.a(_divmodhi4.o) (__udivmodhi4)
/usr/lib/gcc/avr/4.9.2/../../../avr/lib/avr5/libm.a(addsf3.o)
                              ./ADC.o (__subsf3)
/usr/lib/gcc/avr/4.9.2/../../../avr/lib/avr5/libm.a(addsf3x.o)
                              /usr/lib/gcc/avr/4.9.2/../../../avr/lib/avr5/libm.a(addsf3.o) (__addsf3x)
/usr/lib/gcc/avr/4.9.2/../../../avr/lib/avr5/libm.a(cmpsf2.o)
                              ./ds18b20.o (__ltsf2)
/usr/lib/gcc/avr/4.9.2/../../../avr/lib/avr5/libm.a(divsf3.o)
                              ./ADC.o (__divsf3)
/usr/lib/gcc/avr/4.9.2/../../../avr/lib/avr5/libm.a(divsf3x.o)
                              /usr/lib/gcc/avr/4.9.2/../../../avr/lib/avr5/libm.a(divsf3.o) (__divsf3x)
/usr/lib/gcc/avr/4.9.2/../../../avr/lib/avr5/libm.a(fixunssfsi.o)
                              ./ADC.o (__fixunssfsi)
/usr/lib/gcc/avr/4.9.2/../../../avr/lib/avr5/libm.a(floatsisf.o)
                              ./ADC.o (__floatunsisf)
/usr/lib/gcc/avr/4.9.2/../../../avr/lib/avr5/libm.a(fp_cmp.o)
                              /usr/lib/gcc/avr/4.9.2/../../../avr/lib/avr5/libm.a(cmpsf2.o) (__fp_cmp)
/usr/lib/gcc/avr/4.9.2/../../../avr/lib/avr5/libm.a(fp_inf.o)
                              /usr/lib/gcc/avr/4.9.2/../../../avr/lib/avr5/libm.a(addsf3x.o) (__fp_inf)
/usr/lib/gcc/avr/4.9.2/../../../avr/lib/avr5/libm.a(fp_nan.o)
                              /usr/lib/gcc/avr/4.9.2/../../../avr/lib/avr5/libm.a(addsf3x.o) (__fp_nan)
/usr/lib/gcc/avr/4.9.2/../../../avr/lib/avr5/libm.a(fp_pscA.o)
                              /usr/lib/gcc/avr/4.9.2/../../../avr/lib/avr5/libm.a(addsf3x.o) (__fp_pscA)
/usr/lib/gcc/avr/4.9.2/../../../avr/lib/avr5/libm.a(fp_pscB.o)
                              /usr/lib/gcc/avr/4.9.2/../../../avr/lib/avr5/libm.a(addsf3x.o) (__fp_pscB)
/usr/lib/gcc/avr/4.9.2/../../../avr/lib/avr5/libm.a(fp_round.o)
                              /usr/lib/gcc/avr/4.9.2/../../../avr/lib/avr5/libm.a(addsf3.o) (__fp_round)
/usr/lib/gcc/avr/4.9.2/../../../avr/lib/avr5/libm.a(fp_split3.o)
                              /usr/lib/gcc/avr/4.9.2/../../../avr/lib/avr5/libm.a(addsf3x.o) (__fp_split3)
/usr/lib/gcc/avr/4.9.2/../../../avr/lib/avr5/libm.a(fp_zero.o)
                              /usr/lib/gcc/avr/4.9.2/../../../avr/lib/avr5/libm.a(addsf3x.o) (__fp_zero)
/usr/lib/gcc/avr/4.9.2/../../../avr/lib/avr5/libm.a(gesf2.o)
                              ./ds18b20.o (__gtsf2)
/usr/lib/gcc/avr/4.9.2/../../../avr/lib/avr5/libm.a(mulsf3.o)
                              ./caudales.o (__mulsf3)
/usr/lib/gcc/avr/4.9.2/../../../avr/lib/avr5/libm.a(mulsf3x.o)
                              /usr/lib/gcc/avr/4.9.2/../../../avr/lib/avr5/libm.a(mulsf3.o) (__mulsf3x)
/usr/lib/gcc/avr/4.9.2/../../../avr/lib/avr5/libc.a(dtostrf.o)
                              ./USART0.o (dtostrf)
/usr/lib/gcc/avr/4.9.2/../../../avr/lib/avr5/libc.a(dtoa_prf.o)
                              /usr/lib/gcc/avr/4.9.2/../../../avr/lib/avr5/libc.a(dtostrf.o) (dtoa_prf)
/usr/lib/gcc/avr/4.9.2/../../../avr/lib/avr5/libc.a(ftoa_engine.o)
                              /usr/lib/gcc/avr/4.9.2/../../../avr/lib/avr5/libc.a(dtoa_prf.o) (__ftoa_engine)

Allocating common symbols
Common symbol       size              file

uValor_adc_7_promedio
                    0x2               ./ADC.o
flValorCaudal       0x4               ./caudales.o
uchEstadoBufferTx_USART0
                    0x1               ./USART0.o
uContTimeoutEsperaUSART0
                    0x2               ./USART0.o
chBufferRx_USART0   0xc8              ./USART0.o
uchEstadoCaudales   0x1               ./caudales.o
uTensionBatria      0x2               ./ADC.o
chBuffer            0x14              ./main.o
chActualizarDisplay
                    0x1               ./main.o
uchEstadoRecepcionUSART0
                    0x1               ./USART0.o
uchContAuxTx_USART0
                    0x1               ./USART0.o
uContTimeoutLecturaRxUSART0
                    0x2               ./USART0.o
uContTimeoutRxUSART0
                    0x2               ./USART0.o
uchEtapaMedicionCaudal
                    0x1               ./caudales.o
uContStandbyCaudal  0x2               ./caudales.o
chEstadoADC         0x1               ./ADC.o
uchContAuxRx_USART0
                    0x1               ./USART0.o
uValor_adc_6_promedio
                    0x2               ./ADC.o
uPrimerCaptura      0x2               ./caudales.o
uSegundaCaptura     0x2               ./caudales.o
uSetTemp            0x2               ./ADC.o
uchEstadoTransmisionUSART0
                    0x1               ./USART0.o
uTempMedida         0x2               ./ds18b20.o
uchEstadoBufferRx_USART0
                    0x1               ./USART0.o
chBufferTx_USART0   0xc8              ./USART0.o
uchEstadoSensorTemp
                    0x1               ./ds18b20.o

Memory Configuration

Name             Origin             Length             Attributes
text             0x0000000000000000 0x0000000000020000 xr
data             0x0000000000800060 0x000000000000ffa0 rw !x
eeprom           0x0000000000810000 0x0000000000010000 rw !x
fuse             0x0000000000820000 0x0000000000000400 rw !x
lock             0x0000000000830000 0x0000000000000400 rw !x
signature        0x0000000000840000 0x0000000000000400 rw !x
user_signatures  0x0000000000850000 0x0000000000000400 rw !x
*default*        0x0000000000000000 0xffffffffffffffff

Linker script and memory map

Address of section .data set to 0x800100
LOAD /usr/lib/gcc/avr/4.9.2/../../../avr/lib/avr5/crtatmega328.o
LOAD ./ADC.o
LOAD ./USART0.o
LOAD ./caudales.o
LOAD ./ds18b20.o
LOAD ./inicio.o
LOAD ./lcd.o
LOAD ./main.o
START GROUP
LOAD /usr/lib/gcc/avr/4.9.2/avr5/libgcc.a
LOAD /usr/lib/gcc/avr/4.9.2/../../../avr/lib/avr5/libm.a
LOAD /usr/lib/gcc/avr/4.9.2/../../../avr/lib/avr5/libc.a
LOAD /usr/lib/gcc/avr/4.9.2/../../../avr/lib/avr5/libatmega328.a
END GROUP

.hash
 *(.hash)

.dynsym
 *(.dynsym)

.dynstr
 *(.dynstr)

.gnu.version
 *(.gnu.version)

.gnu.version_d
 *(.gnu.version_d)

.gnu.version_r
 *(.gnu.version_r)

.rel.init
 *(.rel.init)

.rela.init
 *(.rela.init)

.rel.text
 *(.rel.text)
 *(.rel.text.*)
 *(.rel.gnu.linkonce.t*)

.rela.text
 *(.rela.text)
 *(.rela.text.*)
 *(.rela.gnu.linkonce.t*)

.rel.fini
 *(.rel.fini)

.rela.fini
 *(.rela.fini)

.rel.rodata
 *(.rel.rodata)
 *(.rel.rodata.*)
 *(.rel.gnu.linkonce.r*)

.rela.rodata
 *(.rela.rodata)
 *(.rela.rodata.*)
 *(.rela.gnu.linkonce.r*)

.rel.data
 *(.rel.data)
 *(.rel.data.*)
 *(.rel.gnu.linkonce.d*)

.rela.data
 *(.rela.data)
 *(.rela.data.*)
 *(.rela.gnu.linkonce.d*)

.rel.ctors
 *(.rel.ctors)

.rela.ctors
 *(.rela.ctors)

.rel.dtors
 *(.rel.dtors)

.rela.dtors
 *(.rela.dtors)

.rel.got
 *(.rel.got)

.rela.got
 *(.rela.got)

.rel.bss
 *(.rel.bss)

.rela.bss
 *(.rela.bss)

.rel.plt
 *(.rel.plt)

.rela.plt
 *(.rela.plt)

.text           0x0000000000000000     0x63fe
 *(.vectors)
 .vectors       0x0000000000000000       0x68 /usr/lib/gcc/avr/4.9.2/../../../avr/lib/avr5/crtatmega328.o
                0x0000000000000000                __vectors
 *(.vectors)
 *(.progmem.gcc*)
 .progmem.gcc_sw_table.ds18b20_gettemp
                0x0000000000000068       0x10 ./ds18b20.o
                0x0000000000000078                . = ALIGN (0x2)
                0x0000000000000078                __trampolines_start = .
 *(.trampolines)
 .trampolines   0x0000000000000078        0x0 linker stubs
 *(.trampolines*)
                0x0000000000000078                __trampolines_end = .
 *(.progmem*)
 .progmem.data  0x0000000000000078       0xfa /usr/lib/gcc/avr/4.9.2/../../../avr/lib/avr5/libc.a(ftoa_engine.o)
                0x0000000000000172                . = ALIGN (0x2)
 *(.jumptables)
 *(.jumptables*)
 *(.lowtext)
 *(.lowtext*)
                0x0000000000000172                __ctors_start = .
 *(.ctors)
                0x0000000000000172                __ctors_end = .
                0x0000000000000172                __dtors_start = .
 *(.dtors)
                0x0000000000000172                __dtors_end = .
 SORT(*)(.ctors)
 SORT(*)(.dtors)
 *(.init0)
 .init0         0x0000000000000172        0x0 /usr/lib/gcc/avr/4.9.2/../../../avr/lib/avr5/crtatmega328.o
                0x0000000000000172                __init
 *(.init0)
 *(.init1)
 *(.init1)
 *(.init2)
 .init2         0x0000000000000172        0xc /usr/lib/gcc/avr/4.9.2/../../../avr/lib/avr5/crtatmega328.o
 *(.init2)
 *(.init3)
 *(.init3)
 *(.init4)
 .init4         0x000000000000017e       0x16 /usr/lib/gcc/avr/4.9.2/avr5/libgcc.a(_copy_data.o)
                0x000000000000017e                __do_copy_data
 .init4         0x0000000000000194       0x10 /usr/lib/gcc/avr/4.9.2/avr5/libgcc.a(_clear_bss.o)
                0x0000000000000194                __do_clear_bss
 *(.init4)
 *(.init5)
 *(.init5)
 *(.init6)
 *(.init6)
 *(.init7)
 *(.init7)
 *(.init8)
 *(.init8)
 *(.init9)
 .init9         0x00000000000001a4        0x8 /usr/lib/gcc/avr/4.9.2/../../../avr/lib/avr5/crtatmega328.o
 *(.init9)
 *(.text)
 .text          0x00000000000001ac        0x4 /usr/lib/gcc/avr/4.9.2/../../../avr/lib/avr5/crtatmega328.o
                0x00000000000001ac                __vector_22
                0x00000000000001ac                __vector_1
                0x00000000000001ac                __vector_24
                0x00000000000001ac                __vector_12
                0x00000000000001ac                __bad_interrupt
                0x00000000000001ac                __vector_6
                0x00000000000001ac                __vector_3
                0x00000000000001ac                __vector_23
                0x00000000000001ac                __vector_25
                0x00000000000001ac                __vector_11
                0x00000000000001ac                __vector_17
                0x00000000000001ac                __vector_19
                0x00000000000001ac                __vector_5
                0x00000000000001ac                __vector_4
                0x00000000000001ac                __vector_9
                0x00000000000001ac                __vector_2
                0x00000000000001ac                __vector_21
                0x00000000000001ac                __vector_15
                0x00000000000001ac                __vector_8
                0x00000000000001ac                __vector_14
                0x00000000000001ac                __vector_16
                0x00000000000001ac                __vector_18
                0x00000000000001ac                __vector_20
 .text          0x00000000000001b0        0x0 ./ADC.o
 .text          0x00000000000001b0        0x0 ./USART0.o
 .text          0x00000000000001b0        0x0 ./caudales.o
 .text          0x00000000000001b0        0x0 ./ds18b20.o
 .text          0x00000000000001b0        0x0 ./inicio.o
 .text          0x00000000000001b0        0x0 ./lcd.o
 .text          0x00000000000001b0        0x0 ./main.o
 .text          0x00000000000001b0        0x0 /usr/lib/gcc/avr/4.9.2/avr5/libgcc.a(_divmodhi4.o)
 .text          0x00000000000001b0        0x0 /usr/lib/gcc/avr/4.9.2/avr5/libgcc.a(_exit.o)
 .text          0x00000000000001b0        0x0 /usr/lib/gcc/avr/4.9.2/avr5/libgcc.a(_tablejump2.o)
 .text          0x00000000000001b0        0x0 /usr/lib/gcc/avr/4.9.2/avr5/libgcc.a(_copy_data.o)
 .text          0x00000000000001b0        0x0 /usr/lib/gcc/avr/4.9.2/avr5/libgcc.a(_clear_bss.o)
 .text          0x00000000000001b0        0x0 /usr/lib/gcc/avr/4.9.2/avr5/libgcc.a(_umulhisi3.o)
 .text          0x00000000000001b0        0x0 /usr/lib/gcc/avr/4.9.2/avr5/libgcc.a(_udivmodhi4.o)
 .text          0x00000000000001b0        0x0 /usr/lib/gcc/avr/4.9.2/../../../avr/lib/avr5/libm.a(addsf3.o)
 .text          0x00000000000001b0        0x0 /usr/lib/gcc/avr/4.9.2/../../../avr/lib/avr5/libm.a(addsf3x.o)
 .text          0x00000000000001b0        0x0 /usr/lib/gcc/avr/4.9.2/../../../avr/lib/avr5/libm.a(cmpsf2.o)
 .text          0x00000000000001b0        0x0 /usr/lib/gcc/avr/4.9.2/../../../avr/lib/avr5/libm.a(divsf3.o)
 .text          0x00000000000001b0        0x0 /usr/lib/gcc/avr/4.9.2/../../../avr/lib/avr5/libm.a(divsf3x.o)
 .text          0x00000000000001b0        0x0 /usr/lib/gcc/avr/4.9.2/../../../avr/lib/avr5/libm.a(fixunssfsi.o)
 .text          0x00000000000001b0        0x0 /usr/lib/gcc/avr/4.9.2/../../../avr/lib/avr5/libm.a(floatsisf.o)
 .text          0x00000000000001b0        0x0 /usr/lib/gcc/avr/4.9.2/../../../avr/lib/avr5/libm.a(fp_cmp.o)
 .text          0x00000000000001b0        0x0 /usr/lib/gcc/avr/4.9.2/../../../avr/lib/avr5/libm.a(fp_inf.o)
 .text          0x00000000000001b0        0x0 /usr/lib/gcc/avr/4.9.2/../../../avr/lib/avr5/libm.a(fp_nan.o)
 .text          0x00000000000001b0        0x0 /usr/lib/gcc/avr/4.9.2/../../../avr/lib/avr5/libm.a(fp_pscA.o)
 .text          0x00000000000001b0        0x0 /usr/lib/gcc/avr/4.9.2/../../../avr/lib/avr5/libm.a(fp_pscB.o)
 .text          0x00000000000001b0        0x0 /usr/lib/gcc/avr/4.9.2/../../../avr/lib/avr5/libm.a(fp_round.o)
 .text          0x00000000000001b0        0x0 /usr/lib/gcc/avr/4.9.2/../../../avr/lib/avr5/libm.a(fp_split3.o)
 .text          0x00000000000001b0        0x0 /usr/lib/gcc/avr/4.9.2/../../../avr/lib/avr5/libm.a(fp_zero.o)
 .text          0x00000000000001b0        0x0 /usr/lib/gcc/avr/4.9.2/../../../avr/lib/avr5/libm.a(gesf2.o)
 .text          0x00000000000001b0        0x0 /usr/lib/gcc/avr/4.9.2/../../../avr/lib/avr5/libm.a(mulsf3.o)
 .text          0x00000000000001b0        0x0 /usr/lib/gcc/avr/4.9.2/../../../avr/lib/avr5/libm.a(mulsf3x.o)
 .text          0x00000000000001b0        0x0 /usr/lib/gcc/avr/4.9.2/../../../avr/lib/avr5/libc.a(dtostrf.o)
 .text          0x00000000000001b0        0x0 /usr/lib/gcc/avr/4.9.2/../../../avr/lib/avr5/libc.a(dtoa_prf.o)
 .text          0x00000000000001b0        0x0 /usr/lib/gcc/avr/4.9.2/../../../avr/lib/avr5/libc.a(ftoa_engine.o)
                0x00000000000001b0                . = ALIGN (0x2)
 *(.text.*)
 .text.valor_ADC
                0x00000000000001b0      0x2c0 ./ADC.o
                0x00000000000001b0                valor_ADC
 .text.Inicio_valor_ADC
                0x0000000000000470       0x36 ./ADC.o
                0x0000000000000470                Inicio_valor_ADC
 .text.Recepcion_USART_0
                0x00000000000004a6      0x350 ./USART0.o
                0x00000000000004a6                Recepcion_USART_0
 .text.Inicio_USART_0
                0x00000000000007f6       0x5c ./USART0.o
                0x00000000000007f6                Inicio_USART_0
 .text.USART0_Flush
                0x0000000000000852       0x4a ./USART0.o
                0x0000000000000852                USART0_Flush
 .text.Transmitir_Buffer_USART0
                0x000000000000089c       0x7e ./USART0.o
                0x000000000000089c                Transmitir_Buffer_USART0
 .text.Transmitir_Buffer_USART0_P
                0x000000000000091a       0x84 ./USART0.o
                0x000000000000091a                Transmitir_Buffer_USART0_P
 .text.Transmitir_Float_USART0
                0x000000000000099e       0xd4 ./USART0.o
                0x000000000000099e                Transmitir_Float_USART0
 .text.Esperar_USART_O_TX
                0x0000000000000a72       0x58 ./USART0.o
                0x0000000000000a72                Esperar_USART_O_TX
 .text.Recibir_Buffer_USART0
                0x0000000000000aca       0xd2 ./USART0.o
                0x0000000000000aca                Recibir_Buffer_USART0
 .text.Esperar_USART_0_RX
                0x0000000000000b9c       0x50 ./USART0.o
                0x0000000000000b9c                Esperar_USART_0_RX
 .text.Medicion_Caudales
                0x0000000000000bec      0x1ea ./caudales.o
                0x0000000000000bec                Medicion_Caudales
 .text.Configuracion_Timer_Medicion_Caudales
                0x0000000000000dd6       0xde ./caudales.o
                0x0000000000000dd6                Configuracion_Timer_Medicion_Caudales
 .text.Iniciar_Medicion_Caudal
                0x0000000000000eb4       0xa6 ./caudales.o
                0x0000000000000eb4                Iniciar_Medicion_Caudal
 .text.ds18b20_gettemp
                0x0000000000000f5a      0x110 ./ds18b20.o
                0x0000000000000f5a                ds18b20_gettemp
 .text.ds18b20_reset
                0x000000000000106a      0x794 ./ds18b20.o
                0x000000000000106a                ds18b20_reset
 .text.ds18b20_writebit
                0x00000000000017fe      0x460 ./ds18b20.o
                0x00000000000017fe                ds18b20_writebit
 .text.ds18b20_readbit
                0x0000000000001c5e      0x7a2 ./ds18b20.o
                0x0000000000001c5e                ds18b20_readbit
 .text.ds18b20_writebyte
                0x0000000000002400       0x36 ./ds18b20.o
                0x0000000000002400                ds18b20_writebyte
 .text.ds18b20_readbyte
                0x0000000000002436       0x4a ./ds18b20.o
                0x0000000000002436                ds18b20_readbyte
 .text.Inicio_Puertos
                0x0000000000002480      0x152 ./inicio.o
                0x0000000000002480                Inicio_Puertos
 .text.Inicio_Timer2
                0x00000000000025d2       0x3e ./inicio.o
                0x00000000000025d2                Inicio_Timer2
 .text.LCDByte  0x0000000000002610      0xe8e ./lcd.o
                0x0000000000002610                LCDByte
 .text.LCDBusyLoop
                0x000000000000349e     0x15b2 ./lcd.o
                0x000000000000349e                LCDBusyLoop
 .text.LCDInit  0x0000000000004a50      0x9da ./lcd.o
                0x0000000000004a50                LCDInit
 .text.LCDWriteString
                0x000000000000542a       0x92 ./lcd.o
                0x000000000000542a                LCDWriteString
 .text.LCDWriteLine
                0x00000000000054bc       0xe2 ./lcd.o
                0x00000000000054bc                LCDWriteLine
 .text.LCDWriteInt
                0x000000000000559e      0x11a ./lcd.o
                0x000000000000559e                LCDWriteInt
 .text.LCDGotoXY
                0x00000000000056b8       0x66 ./lcd.o
                0x00000000000056b8                LCDGotoXY
 .text.main     0x000000000000571e       0xb8 ./main.o
                0x000000000000571e                main
 .text.__vector_7
                0x00000000000057d6       0xa4 ./main.o
                0x00000000000057d6                __vector_7
 .text.__vector_10
                0x000000000000587a       0xf0 ./main.o
                0x000000000000587a                __vector_10
 .text.__vector_13
                0x000000000000596a       0x78 ./main.o
                0x000000000000596a                __vector_13
 .text.__vector_default
                0x00000000000059e2       0x24 ./main.o
                0x00000000000059e2                __vector_default
 .text.libgcc.mul
                0x0000000000005a06        0x0 /usr/lib/gcc/avr/4.9.2/avr5/libgcc.a(_divmodhi4.o)
 .text.libgcc.div
                0x0000000000005a06       0x28 /usr/lib/gcc/avr/4.9.2/avr5/libgcc.a(_divmodhi4.o)
                0x0000000000005a06                __divmodhi4
                0x0000000000005a06                _div
 .text.libgcc   0x0000000000005a2e        0x0 /usr/lib/gcc/avr/4.9.2/avr5/libgcc.a(_divmodhi4.o)
 .text.libgcc.prologue
                0x0000000000005a2e        0x0 /usr/lib/gcc/avr/4.9.2/avr5/libgcc.a(_divmodhi4.o)
 .text.libgcc.builtins
                0x0000000000005a2e        0x0 /usr/lib/gcc/avr/4.9.2/avr5/libgcc.a(_divmodhi4.o)
 .text.libgcc.fmul
                0x0000000000005a2e        0x0 /usr/lib/gcc/avr/4.9.2/avr5/libgcc.a(_divmodhi4.o)
 .text.libgcc.fixed
                0x0000000000005a2e        0x0 /usr/lib/gcc/avr/4.9.2/avr5/libgcc.a(_divmodhi4.o)
 .text.libgcc.mul
                0x0000000000005a2e        0x0 /usr/lib/gcc/avr/4.9.2/avr5/libgcc.a(_exit.o)
 .text.libgcc.div
                0x0000000000005a2e        0x0 /usr/lib/gcc/avr/4.9.2/avr5/libgcc.a(_exit.o)
 .text.libgcc   0x0000000000005a2e        0x0 /usr/lib/gcc/avr/4.9.2/avr5/libgcc.a(_exit.o)
 .text.libgcc.prologue
                0x0000000000005a2e        0x0 /usr/lib/gcc/avr/4.9.2/avr5/libgcc.a(_exit.o)
 .text.libgcc.builtins
                0x0000000000005a2e        0x0 /usr/lib/gcc/avr/4.9.2/avr5/libgcc.a(_exit.o)
 .text.libgcc.fmul
                0x0000000000005a2e        0x0 /usr/lib/gcc/avr/4.9.2/avr5/libgcc.a(_exit.o)
 .text.libgcc.fixed
                0x0000000000005a2e        0x0 /usr/lib/gcc/avr/4.9.2/avr5/libgcc.a(_exit.o)
 .text.libgcc.mul
                0x0000000000005a2e        0x0 /usr/lib/gcc/avr/4.9.2/avr5/libgcc.a(_tablejump2.o)
 .text.libgcc.div
                0x0000000000005a2e        0x0 /usr/lib/gcc/avr/4.9.2/avr5/libgcc.a(_tablejump2.o)
 .text.libgcc   0x0000000000005a2e        0xc /usr/lib/gcc/avr/4.9.2/avr5/libgcc.a(_tablejump2.o)
                0x0000000000005a2e                __tablejump2__
 .text.libgcc.prologue
                0x0000000000005a3a        0x0 /usr/lib/gcc/avr/4.9.2/avr5/libgcc.a(_tablejump2.o)
 .text.libgcc.builtins
                0x0000000000005a3a        0x0 /usr/lib/gcc/avr/4.9.2/avr5/libgcc.a(_tablejump2.o)
 .text.libgcc.fmul
                0x0000000000005a3a        0x0 /usr/lib/gcc/avr/4.9.2/avr5/libgcc.a(_tablejump2.o)
 .text.libgcc.fixed
                0x0000000000005a3a        0x0 /usr/lib/gcc/avr/4.9.2/avr5/libgcc.a(_tablejump2.o)
 .text.libgcc.mul
                0x0000000000005a3a        0x0 /usr/lib/gcc/avr/4.9.2/avr5/libgcc.a(_copy_data.o)
 .text.libgcc.div
                0x0000000000005a3a        0x0 /usr/lib/gcc/avr/4.9.2/avr5/libgcc.a(_copy_data.o)
 .text.libgcc   0x0000000000005a3a        0x0 /usr/lib/gcc/avr/4.9.2/avr5/libgcc.a(_copy_data.o)
 .text.libgcc.prologue
                0x0000000000005a3a        0x0 /usr/lib/gcc/avr/4.9.2/avr5/libgcc.a(_copy_data.o)
 .text.libgcc.builtins
                0x0000000000005a3a        0x0 /usr/lib/gcc/avr/4.9.2/avr5/libgcc.a(_copy_data.o)
 .text.libgcc.fmul
                0x0000000000005a3a        0x0 /usr/lib/gcc/avr/4.9.2/avr5/libgcc.a(_copy_data.o)
 .text.libgcc.fixed
                0x0000000000005a3a        0x0 /usr/lib/gcc/avr/4.9.2/avr5/libgcc.a(_copy_data.o)
 .text.libgcc.mul
                0x0000000000005a3a        0x0 /usr/lib/gcc/avr/4.9.2/avr5/libgcc.a(_clear_bss.o)
 .text.libgcc.div
                0x0000000000005a3a        0x0 /usr/lib/gcc/avr/4.9.2/avr5/libgcc.a(_clear_bss.o)
 .text.libgcc   0x0000000000005a3a        0x0 /usr/lib/gcc/avr/4.9.2/avr5/libgcc.a(_clear_bss.o)
 .text.libgcc.prologue
                0x0000000000005a3a        0x0 /usr/lib/gcc/avr/4.9.2/avr5/libgcc.a(_clear_bss.o)
 .text.libgcc.builtins
                0x0000000000005a3a        0x0 /usr/lib/gcc/avr/4.9.2/avr5/libgcc.a(_clear_bss.o)
 .text.libgcc.fmul
                0x0000000000005a3a        0x0 /usr/lib/gcc/avr/4.9.2/avr5/libgcc.a(_clear_bss.o)
 .text.libgcc.fixed
                0x0000000000005a3a        0x0 /usr/lib/gcc/avr/4.9.2/avr5/libgcc.a(_clear_bss.o)
 .text.libgcc.mul
                0x0000000000005a3a       0x1e /usr/lib/gcc/avr/4.9.2/avr5/libgcc.a(_umulhisi3.o)
                0x0000000000005a3a                __umulhisi3
 .text.libgcc.div
                0x0000000000005a58        0x0 /usr/lib/gcc/avr/4.9.2/avr5/libgcc.a(_umulhisi3.o)
 .text.libgcc   0x0000000000005a58        0x0 /usr/lib/gcc/avr/4.9.2/avr5/libgcc.a(_umulhisi3.o)
 .text.libgcc.prologue
                0x0000000000005a58        0x0 /usr/lib/gcc/avr/4.9.2/avr5/libgcc.a(_umulhisi3.o)
 .text.libgcc.builtins
                0x0000000000005a58        0x0 /usr/lib/gcc/avr/4.9.2/avr5/libgcc.a(_umulhisi3.o)
 .text.libgcc.fmul
                0x0000000000005a58        0x0 /usr/lib/gcc/avr/4.9.2/avr5/libgcc.a(_umulhisi3.o)
 .text.libgcc.fixed
                0x0000000000005a58        0x0 /usr/lib/gcc/avr/4.9.2/avr5/libgcc.a(_umulhisi3.o)
 .text.libgcc.mul
                0x0000000000005a58        0x0 /usr/lib/gcc/avr/4.9.2/avr5/libgcc.a(_udivmodhi4.o)
 .text.libgcc.div
                0x0000000000005a58       0x28 /usr/lib/gcc/avr/4.9.2/avr5/libgcc.a(_udivmodhi4.o)
                0x0000000000005a58                __udivmodhi4
 .text.libgcc   0x0000000000005a80        0x0 /usr/lib/gcc/avr/4.9.2/avr5/libgcc.a(_udivmodhi4.o)
 .text.libgcc.prologue
                0x0000000000005a80        0x0 /usr/lib/gcc/avr/4.9.2/avr5/libgcc.a(_udivmodhi4.o)
 .text.libgcc.builtins
                0x0000000000005a80        0x0 /usr/lib/gcc/avr/4.9.2/avr5/libgcc.a(_udivmodhi4.o)
 .text.libgcc.fmul
                0x0000000000005a80        0x0 /usr/lib/gcc/avr/4.9.2/avr5/libgcc.a(_udivmodhi4.o)
 .text.libgcc.fixed
                0x0000000000005a80        0x0 /usr/lib/gcc/avr/4.9.2/avr5/libgcc.a(_udivmodhi4.o)
 .text.avr-libc.fplib
                0x0000000000005a80        0xe /usr/lib/gcc/avr/4.9.2/../../../avr/lib/avr5/libm.a(addsf3.o)
                0x0000000000005a80                __subsf3
                0x0000000000005a82                __addsf3
 .text.avr-libc.fplib
                0x0000000000005a8e       0xcc /usr/lib/gcc/avr/4.9.2/../../../avr/lib/avr5/libm.a(addsf3x.o)
                0x0000000000005ab0                __addsf3x
 .text.avr-libc.fplib
                0x0000000000005b5a        0xa /usr/lib/gcc/avr/4.9.2/../../../avr/lib/avr5/libm.a(cmpsf2.o)
                0x0000000000005b5a                __lesf2
                0x0000000000005b5a                __nesf2
                0x0000000000005b5a                __eqsf2
                0x0000000000005b5a                __cmpsf2
                0x0000000000005b5a                __ltsf2
 .text.avr-libc.fplib
                0x0000000000005b64        0x8 /usr/lib/gcc/avr/4.9.2/../../../avr/lib/avr5/libm.a(divsf3.o)
                0x0000000000005b64                __divsf3
 .text.avr-libc.fplib
                0x0000000000005b6c       0xdc /usr/lib/gcc/avr/4.9.2/../../../avr/lib/avr5/libm.a(divsf3x.o)
                0x0000000000005b8c                __divsf3x
                0x0000000000005b92                __divsf3_pse
 .text.avr-libc.fplib
                0x0000000000005c48       0x5e /usr/lib/gcc/avr/4.9.2/../../../avr/lib/avr5/libm.a(fixunssfsi.o)
                0x0000000000005c48                __fixunssfsi
 .text.avr-libc.fplib
                0x0000000000005ca6       0x7a /usr/lib/gcc/avr/4.9.2/../../../avr/lib/avr5/libm.a(floatsisf.o)
                0x0000000000005ca6                __floatunsisf
                0x0000000000005caa                __floatsisf
 .text.avr-libc.fplib
                0x0000000000005d20       0x48 /usr/lib/gcc/avr/4.9.2/../../../avr/lib/avr5/libm.a(fp_cmp.o)
                0x0000000000005d20                __fp_cmp
 .text.avr-libc.fplib
                0x0000000000005d68        0xc /usr/lib/gcc/avr/4.9.2/../../../avr/lib/avr5/libm.a(fp_inf.o)
                0x0000000000005d68                __fp_inf
 .text.avr-libc.fplib
                0x0000000000005d74        0x6 /usr/lib/gcc/avr/4.9.2/../../../avr/lib/avr5/libm.a(fp_nan.o)
                0x0000000000005d74                __fp_nan
 .text.avr-libc.fplib
                0x0000000000005d7a        0xe /usr/lib/gcc/avr/4.9.2/../../../avr/lib/avr5/libm.a(fp_pscA.o)
                0x0000000000005d7a                __fp_pscA
 .text.avr-libc.fplib
                0x0000000000005d88        0xe /usr/lib/gcc/avr/4.9.2/../../../avr/lib/avr5/libm.a(fp_pscB.o)
                0x0000000000005d88                __fp_pscB
 .text.avr-libc.fplib
                0x0000000000005d96       0x22 /usr/lib/gcc/avr/4.9.2/../../../avr/lib/avr5/libm.a(fp_round.o)
                0x0000000000005d96                __fp_round
 .text.avr-libc.fplib
                0x0000000000005db8       0x44 /usr/lib/gcc/avr/4.9.2/../../../avr/lib/avr5/libm.a(fp_split3.o)
                0x0000000000005db8                __fp_split3
                0x0000000000005dc8                __fp_splitA
 .text.avr-libc.fplib
                0x0000000000005dfc        0xe /usr/lib/gcc/avr/4.9.2/../../../avr/lib/avr5/libm.a(fp_zero.o)
                0x0000000000005dfc                __fp_zero
                0x0000000000005dfe                __fp_szero
 .text.avr-libc.fplib
                0x0000000000005e0a        0xa /usr/lib/gcc/avr/4.9.2/../../../avr/lib/avr5/libm.a(gesf2.o)
                0x0000000000005e0a                __gtsf2
                0x0000000000005e0a                __gesf2
 .text.avr-libc.fplib
                0x0000000000005e14        0x8 /usr/lib/gcc/avr/4.9.2/../../../avr/lib/avr5/libm.a(mulsf3.o)
                0x0000000000005e14                __mulsf3
 .text.avr-libc.fplib
                0x0000000000005e1c       0xd2 /usr/lib/gcc/avr/4.9.2/../../../avr/lib/avr5/libm.a(mulsf3x.o)
                0x0000000000005e3a                __mulsf3x
                0x0000000000005e40                __mulsf3_pse
 .text.avr-libc
                0x0000000000005eee       0x40 /usr/lib/gcc/avr/4.9.2/../../../avr/lib/avr5/libc.a(dtostrf.o)
                0x0000000000005eee                dtostrf
 .text.avr-libc
                0x0000000000005f2e      0x31c /usr/lib/gcc/avr/4.9.2/../../../avr/lib/avr5/libc.a(dtoa_prf.o)
                0x0000000000005f2e                dtoa_prf
 .text.avr-libc
                0x000000000000624a      0x1b0 /usr/lib/gcc/avr/4.9.2/../../../avr/lib/avr5/libc.a(ftoa_engine.o)
                0x000000000000624a                __ftoa_engine
                0x00000000000063fa                . = ALIGN (0x2)
 *(.fini9)
 .fini9         0x00000000000063fa        0x0 /usr/lib/gcc/avr/4.9.2/avr5/libgcc.a(_exit.o)
                0x00000000000063fa                exit
                0x00000000000063fa                _exit
 *(.fini9)
 *(.fini8)
 *(.fini8)
 *(.fini7)
 *(.fini7)
 *(.fini6)
 *(.fini6)
 *(.fini5)
 *(.fini5)
 *(.fini4)
 *(.fini4)
 *(.fini3)
 *(.fini3)
 *(.fini2)
 *(.fini2)
 *(.fini1)
 *(.fini1)
 *(.fini0)
 .fini0         0x00000000000063fa        0x4 /usr/lib/gcc/avr/4.9.2/avr5/libgcc.a(_exit.o)
 *(.fini0)
                0x00000000000063fe                _etext = .

.data           0x0000000000800100       0x40 load address 0x00000000000063fe
                0x0000000000800100                PROVIDE (__data_start, .)
 *(.data)
 .data          0x0000000000800100        0x0 /usr/lib/gcc/avr/4.9.2/../../../avr/lib/avr5/crtatmega328.o
 .data          0x0000000000800100        0x0 ./ADC.o
 .data          0x0000000000800100        0x0 ./USART0.o
 .data          0x0000000000800100        0x0 ./caudales.o
 .data          0x0000000000800100        0x0 ./ds18b20.o
 .data          0x0000000000800100        0x0 ./inicio.o
 .data          0x0000000000800100        0x0 ./lcd.o
 .data          0x0000000000800100        0x0 ./main.o
 .data          0x0000000000800100        0x0 /usr/lib/gcc/avr/4.9.2/avr5/libgcc.a(_divmodhi4.o)
 .data          0x0000000000800100        0x0 /usr/lib/gcc/avr/4.9.2/avr5/libgcc.a(_exit.o)
 .data          0x0000000000800100        0x0 /usr/lib/gcc/avr/4.9.2/avr5/libgcc.a(_tablejump2.o)
 .data          0x0000000000800100        0x0 /usr/lib/gcc/avr/4.9.2/avr5/libgcc.a(_copy_data.o)
 .data          0x0000000000800100        0x0 /usr/lib/gcc/avr/4.9.2/avr5/libgcc.a(_clear_bss.o)
 .data          0x0000000000800100        0x0 /usr/lib/gcc/avr/4.9.2/avr5/libgcc.a(_umulhisi3.o)
 .data          0x0000000000800100        0x0 /usr/lib/gcc/avr/4.9.2/avr5/libgcc.a(_udivmodhi4.o)
 .data          0x0000000000800100        0x0 /usr/lib/gcc/avr/4.9.2/../../../avr/lib/avr5/libm.a(addsf3.o)
 .data          0x0000000000800100        0x0 /usr/lib/gcc/avr/4.9.2/../../../avr/lib/avr5/libm.a(addsf3x.o)
 .data          0x0000000000800100        0x0 /usr/lib/gcc/avr/4.9.2/../../../avr/lib/avr5/libm.a(cmpsf2.o)
 .data          0x0000000000800100        0x0 /usr/lib/gcc/avr/4.9.2/../../../avr/lib/avr5/libm.a(divsf3.o)
 .data          0x0000000000800100        0x0 /usr/lib/gcc/avr/4.9.2/../../../avr/lib/avr5/libm.a(divsf3x.o)
 .data          0x0000000000800100        0x0 /usr/lib/gcc/avr/4.9.2/../../../avr/lib/avr5/libm.a(fixunssfsi.o)
 .data          0x0000000000800100        0x0 /usr/lib/gcc/avr/4.9.2/../../../avr/lib/avr5/libm.a(floatsisf.o)
 .data          0x0000000000800100        0x0 /usr/lib/gcc/avr/4.9.2/../../../avr/lib/avr5/libm.a(fp_cmp.o)
 .data          0x0000000000800100        0x0 /usr/lib/gcc/avr/4.9.2/../../../avr/lib/avr5/libm.a(fp_inf.o)
 .data          0x0000000000800100        0x0 /usr/lib/gcc/avr/4.9.2/../../../avr/lib/avr5/libm.a(fp_nan.o)
 .data          0x0000000000800100        0x0 /usr/lib/gcc/avr/4.9.2/../../../avr/lib/avr5/libm.a(fp_pscA.o)
 .data          0x0000000000800100        0x0 /usr/lib/gcc/avr/4.9.2/../../../avr/lib/avr5/libm.a(fp_pscB.o)
 .data          0x0000000000800100        0x0 /usr/lib/gcc/avr/4.9.2/../../../avr/lib/avr5/libm.a(fp_round.o)
 .data          0x0000000000800100        0x0 /usr/lib/gcc/avr/4.9.2/../../../avr/lib/avr5/libm.a(fp_split3.o)
 .data          0x0000000000800100        0x0 /usr/lib/gcc/avr/4.9.2/../../../avr/lib/avr5/libm.a(fp_zero.o)
 .data          0x0000000000800100        0x0 /usr/lib/gcc/avr/4.9.2/../../../avr/lib/avr5/libm.a(gesf2.o)
 .data          0x0000000000800100        0x0 /usr/lib/gcc/avr/4.9.2/../../../avr/lib/avr5/libm.a(mulsf3.o)
 .data          0x0000000000800100        0x0 /usr/lib/gcc/avr/4.9.2/../../../avr/lib/avr5/libm.a(mulsf3x.o)
 .data          0x0000000000800100        0x0 /usr/lib/gcc/avr/4.9.2/../../../avr/lib/avr5/libc.a(dtostrf.o)
 .data          0x0000000000800100        0x0 /usr/lib/gcc/avr/4.9.2/../../../avr/lib/avr5/libc.a(dtoa_prf.o)
 .data          0x0000000000800100        0x0 /usr/lib/gcc/avr/4.9.2/../../../avr/lib/avr5/libc.a(ftoa_engine.o)
 *(.data*)
 .data.__cgram  0x0000000000800100       0x40 ./lcd.o
                0x0000000000800100                __cgram
 *(.rodata)
 *(.rodata*)
 *(.gnu.linkonce.d*)
                0x0000000000800140                . = ALIGN (0x2)
                0x0000000000800140                _edata = .
                0x0000000000800140                PROVIDE (__data_end, .)

.bss            0x0000000000800140      0x1c9
                0x0000000000800140                PROVIDE (__bss_start, .)
 *(.bss)
 .bss           0x0000000000800140        0x0 /usr/lib/gcc/avr/4.9.2/../../../avr/lib/avr5/crtatmega328.o
 .bss           0x0000000000800140        0x0 ./ADC.o
 .bss           0x0000000000800140        0x0 ./USART0.o
 .bss           0x0000000000800140        0x0 ./caudales.o
 .bss           0x0000000000800140        0x0 ./ds18b20.o
 .bss           0x0000000000800140        0x0 ./inicio.o
 .bss           0x0000000000800140        0x0 ./lcd.o
 .bss           0x0000000000800140        0x0 ./main.o
 .bss           0x0000000000800140        0x0 /usr/lib/gcc/avr/4.9.2/avr5/libgcc.a(_divmodhi4.o)
 .bss           0x0000000000800140        0x0 /usr/lib/gcc/avr/4.9.2/avr5/libgcc.a(_exit.o)
 .bss           0x0000000000800140        0x0 /usr/lib/gcc/avr/4.9.2/avr5/libgcc.a(_tablejump2.o)
 .bss           0x0000000000800140        0x0 /usr/lib/gcc/avr/4.9.2/avr5/libgcc.a(_copy_data.o)
 .bss           0x0000000000800140        0x0 /usr/lib/gcc/avr/4.9.2/avr5/libgcc.a(_clear_bss.o)
 .bss           0x0000000000800140        0x0 /usr/lib/gcc/avr/4.9.2/avr5/libgcc.a(_umulhisi3.o)
 .bss           0x0000000000800140        0x0 /usr/lib/gcc/avr/4.9.2/avr5/libgcc.a(_udivmodhi4.o)
 .bss           0x0000000000800140        0x0 /usr/lib/gcc/avr/4.9.2/../../../avr/lib/avr5/libm.a(addsf3.o)
 .bss           0x0000000000800140        0x0 /usr/lib/gcc/avr/4.9.2/../../../avr/lib/avr5/libm.a(addsf3x.o)
 .bss           0x0000000000800140        0x0 /usr/lib/gcc/avr/4.9.2/../../../avr/lib/avr5/libm.a(cmpsf2.o)
 .bss           0x0000000000800140        0x0 /usr/lib/gcc/avr/4.9.2/../../../avr/lib/avr5/libm.a(divsf3.o)
 .bss           0x0000000000800140        0x0 /usr/lib/gcc/avr/4.9.2/../../../avr/lib/avr5/libm.a(divsf3x.o)
 .bss           0x0000000000800140        0x0 /usr/lib/gcc/avr/4.9.2/../../../avr/lib/avr5/libm.a(fixunssfsi.o)
 .bss           0x0000000000800140        0x0 /usr/lib/gcc/avr/4.9.2/../../../avr/lib/avr5/libm.a(floatsisf.o)
 .bss           0x0000000000800140        0x0 /usr/lib/gcc/avr/4.9.2/../../../avr/lib/avr5/libm.a(fp_cmp.o)
 .bss           0x0000000000800140        0x0 /usr/lib/gcc/avr/4.9.2/../../../avr/lib/avr5/libm.a(fp_inf.o)
 .bss           0x0000000000800140        0x0 /usr/lib/gcc/avr/4.9.2/../../../avr/lib/avr5/libm.a(fp_nan.o)
 .bss           0x0000000000800140        0x0 /usr/lib/gcc/avr/4.9.2/../../../avr/lib/avr5/libm.a(fp_pscA.o)
 .bss           0x0000000000800140        0x0 /usr/lib/gcc/avr/4.9.2/../../../avr/lib/avr5/libm.a(fp_pscB.o)
 .bss           0x0000000000800140        0x0 /usr/lib/gcc/avr/4.9.2/../../../avr/lib/avr5/libm.a(fp_round.o)
 .bss           0x0000000000800140        0x0 /usr/lib/gcc/avr/4.9.2/../../../avr/lib/avr5/libm.a(fp_split3.o)
 .bss           0x0000000000800140        0x0 /usr/lib/gcc/avr/4.9.2/../../../avr/lib/avr5/libm.a(fp_zero.o)
 .bss           0x0000000000800140        0x0 /usr/lib/gcc/avr/4.9.2/../../../avr/lib/avr5/libm.a(gesf2.o)
 .bss           0x0000000000800140        0x0 /usr/lib/gcc/avr/4.9.2/../../../avr/lib/avr5/libm.a(mulsf3.o)
 .bss           0x0000000000800140        0x0 /usr/lib/gcc/avr/4.9.2/../../../avr/lib/avr5/libm.a(mulsf3x.o)
 .bss           0x0000000000800140        0x0 /usr/lib/gcc/avr/4.9.2/../../../avr/lib/avr5/libc.a(dtostrf.o)
 .bss           0x0000000000800140        0x0 /usr/lib/gcc/avr/4.9.2/../../../avr/lib/avr5/libc.a(dtoa_prf.o)
 .bss           0x0000000000800140        0x0 /usr/lib/gcc/avr/4.9.2/../../../avr/lib/avr5/libc.a(ftoa_engine.o)
 *(.bss*)
 *(COMMON)
 COMMON         0x0000000000800140        0x9 ./ADC.o
                0x0000000000800140                uValor_adc_7_promedio
                0x0000000000800142                uTensionBatria
                0x0000000000800144                chEstadoADC
                0x0000000000800145                uValor_adc_6_promedio
                0x0000000000800147                uSetTemp
 COMMON         0x0000000000800149      0x19c ./USART0.o
                0x0000000000800149                uchEstadoBufferTx_USART0
                0x000000000080014a                uContTimeoutEsperaUSART0
                0x000000000080014c                chBufferRx_USART0
                0x0000000000800214                uchEstadoRecepcionUSART0
                0x0000000000800215                uchContAuxTx_USART0
                0x0000000000800216                uContTimeoutLecturaRxUSART0
                0x0000000000800218                uContTimeoutRxUSART0
                0x000000000080021a                uchContAuxRx_USART0
                0x000000000080021b                uchEstadoTransmisionUSART0
                0x000000000080021c                uchEstadoBufferRx_USART0
                0x000000000080021d                chBufferTx_USART0
 COMMON         0x00000000008002e5        0xc ./caudales.o
                0x00000000008002e5                flValorCaudal
                0x00000000008002e9                uchEstadoCaudales
                0x00000000008002ea                uchEtapaMedicionCaudal
                0x00000000008002eb                uContStandbyCaudal
                0x00000000008002ed                uPrimerCaptura
                0x00000000008002ef                uSegundaCaptura
 COMMON         0x00000000008002f1        0x3 ./ds18b20.o
                0x00000000008002f1                uTempMedida
                0x00000000008002f3                uchEstadoSensorTemp
 COMMON         0x00000000008002f4       0x15 ./main.o
                0x00000000008002f4                chBuffer
                0x0000000000800308                chActualizarDisplay
                0x0000000000800309                PROVIDE (__bss_end, .)
                0x00000000000063fe                __data_load_start = LOADADDR (.data)
                0x000000000000643e                __data_load_end = (__data_load_start + SIZEOF (.data))

.noinit         0x0000000000800309        0x0
                0x0000000000800309                PROVIDE (__noinit_start, .)
 *(.noinit*)
                0x0000000000800309                PROVIDE (__noinit_end, .)
                0x0000000000800309                _end = .
                0x0000000000800309                PROVIDE (__heap_start, .)

.eeprom         0x0000000000810000        0x0
 *(.eeprom*)
                0x0000000000810000                __eeprom_end = .

.fuse
 *(.fuse)
 *(.lfuse)
 *(.hfuse)
 *(.efuse)

.lock
 *(.lock*)

.signature
 *(.signature*)

.user_signatures
 *(.user_signatures*)

.stab           0x0000000000000000     0x564c
 *(.stab)
 .stab          0x0000000000000000      0x6cc ./ADC.o
 .stab          0x00000000000006cc      0xda4 ./USART0.o
                                        0xfa8 (size before relaxing)
 .stab          0x0000000000001470      0x5f4 ./caudales.o
                                        0x834 (size before relaxing)
 .stab          0x0000000000001a64     0x1230 ./ds18b20.o
                                       0x13f8 (size before relaxing)
 .stab          0x0000000000002c94      0x3f0 ./inicio.o
                                        0x5b8 (size before relaxing)
 .stab          0x0000000000003084     0x1fbc ./lcd.o
                                       0x2184 (size before relaxing)
 .stab          0x0000000000005040      0x60c ./main.o
                                        0x870 (size before relaxing)

.stabstr        0x0000000000000000     0x1723
 *(.stabstr)
 .stabstr       0x0000000000000000     0x1723 ./ADC.o

.stab.excl
 *(.stab.excl)

.stab.exclstr
 *(.stab.exclstr)

.stab.index
 *(.stab.index)

.stab.indexstr
 *(.stab.indexstr)

.comment        0x0000000000000000       0x11
 *(.comment)
 .comment       0x0000000000000000       0x11 ./ADC.o
                                         0x12 (size before relaxing)
 .comment       0x0000000000000011       0x12 ./USART0.o
 .comment       0x0000000000000011       0x12 ./caudales.o
 .comment       0x0000000000000011       0x12 ./ds18b20.o
 .comment       0x0000000000000011       0x12 ./inicio.o
 .comment       0x0000000000000011       0x12 ./lcd.o
 .comment       0x0000000000000011       0x12 ./main.o
 .comment       0x0000000000000011       0x12 /usr/lib/gcc/avr/4.9.2/../../../avr/lib/avr5/libc.a(dtostrf.o)
 .comment       0x0000000000000011       0x12 /usr/lib/gcc/avr/4.9.2/../../../avr/lib/avr5/libc.a(dtoa_prf.o)

.note.gnu.avr.deviceinfo
                0x0000000000000000       0x3c
 .note.gnu.avr.deviceinfo
                0x0000000000000000       0x3c /usr/lib/gcc/avr/4.9.2/../../../avr/lib/avr5/crtatmega328.o

.note.gnu.build-id
 *(.note.gnu.build-id)

.debug
 *(.debug)

.line
 *(.line)

.debug_srcinfo
 *(.debug_srcinfo)

.debug_sfnames
 *(.debug_sfnames)

.debug_aranges
 *(.debug_aranges)

.debug_pubnames
 *(.debug_pubnames)

.debug_info
 *(.debug_info .gnu.linkonce.wi.*)

.debug_abbrev
 *(.debug_abbrev)

.debug_line
 *(.debug_line .debug_line.* .debug_line_end)

.debug_frame
 *(.debug_frame)

.debug_str
 *(.debug_str)

.debug_loc
 *(.debug_loc)

.debug_macinfo
 *(.debug_macinfo)

.debug_weaknames
 *(.debug_weaknames)

.debug_funcnames
 *(.debug_funcnames)

.debug_typenames
 *(.debug_typenames)

.debug_varnames
 *(.debug_varnames)

.debug_pubtypes
 *(.debug_pubtypes)

.debug_ranges
 *(.debug_ranges)

.debug_macro
 *(.debug_macro)
OUTPUT(colefon.elf elf32-avr)
LOAD linker stubs
