Archive member included to satisfy reference by file (symbol)

/usr/lib/gcc/avr/4.9.2/avr51/libgcc.a(_divmodhi4.o)
                              ./lcd.o (__divmodhi4)
/usr/lib/gcc/avr/4.9.2/avr51/libgcc.a(_exit.o)
                              /usr/lib/gcc/avr/4.9.2/../../../avr/lib/avr51/crtatmega128.o (exit)
/usr/lib/gcc/avr/4.9.2/avr51/libgcc.a(_copy_data.o)
                              ./discretas.o (__do_copy_data)
/usr/lib/gcc/avr/4.9.2/avr51/libgcc.a(_clear_bss.o)
                              ./PWM420mA.o (__do_clear_bss)
/usr/lib/gcc/avr/4.9.2/avr51/libgcc.a(_muluhisi3.o)
                              ./alarmas.o (__muluhisi3)
/usr/lib/gcc/avr/4.9.2/avr51/libgcc.a(_udivmodhi4.o)
                              /usr/lib/gcc/avr/4.9.2/avr51/libgcc.a(_divmodhi4.o) (__udivmodhi4)
/usr/lib/gcc/avr/4.9.2/avr51/libgcc.a(_umulhisi3.o)
                              /usr/lib/gcc/avr/4.9.2/avr51/libgcc.a(_muluhisi3.o) (__umulhisi3)
/usr/lib/gcc/avr/4.9.2/../../../avr/lib/avr51/libm.a(addsf3.o)
                              ./PWM420mA.o (__subsf3)
/usr/lib/gcc/avr/4.9.2/../../../avr/lib/avr51/libm.a(addsf3x.o)
                              /usr/lib/gcc/avr/4.9.2/../../../avr/lib/avr51/libm.a(addsf3.o) (__addsf3x)
/usr/lib/gcc/avr/4.9.2/../../../avr/lib/avr51/libm.a(cmpsf2.o)
                              ./eeprom.o (__eqsf2)
/usr/lib/gcc/avr/4.9.2/../../../avr/lib/avr51/libm.a(divsf3.o)
                              ./PWM420mA.o (__divsf3)
/usr/lib/gcc/avr/4.9.2/../../../avr/lib/avr51/libm.a(divsf3x.o)
                              /usr/lib/gcc/avr/4.9.2/../../../avr/lib/avr51/libm.a(divsf3.o) (__divsf3x)
/usr/lib/gcc/avr/4.9.2/../../../avr/lib/avr51/libm.a(fixsfsi.o)
                              ./PWM420mA.o (__fixsfsi)
/usr/lib/gcc/avr/4.9.2/../../../avr/lib/avr51/libm.a(fixunssfsi.o)
                              ./lcd.o (__fixunssfsi)
/usr/lib/gcc/avr/4.9.2/../../../avr/lib/avr51/libm.a(floatsisf.o)
                              ./PWM420mA.o (__floatunsisf)
/usr/lib/gcc/avr/4.9.2/../../../avr/lib/avr51/libm.a(fp_cmp.o)
                              /usr/lib/gcc/avr/4.9.2/../../../avr/lib/avr51/libm.a(cmpsf2.o) (__fp_cmp)
/usr/lib/gcc/avr/4.9.2/../../../avr/lib/avr51/libm.a(fp_inf.o)
                              /usr/lib/gcc/avr/4.9.2/../../../avr/lib/avr51/libm.a(addsf3x.o) (__fp_inf)
/usr/lib/gcc/avr/4.9.2/../../../avr/lib/avr51/libm.a(fp_nan.o)
                              /usr/lib/gcc/avr/4.9.2/../../../avr/lib/avr51/libm.a(addsf3x.o) (__fp_nan)
/usr/lib/gcc/avr/4.9.2/../../../avr/lib/avr51/libm.a(fp_pscA.o)
                              /usr/lib/gcc/avr/4.9.2/../../../avr/lib/avr51/libm.a(addsf3x.o) (__fp_pscA)
/usr/lib/gcc/avr/4.9.2/../../../avr/lib/avr51/libm.a(fp_pscB.o)
                              /usr/lib/gcc/avr/4.9.2/../../../avr/lib/avr51/libm.a(addsf3x.o) (__fp_pscB)
/usr/lib/gcc/avr/4.9.2/../../../avr/lib/avr51/libm.a(fp_round.o)
                              /usr/lib/gcc/avr/4.9.2/../../../avr/lib/avr51/libm.a(addsf3.o) (__fp_round)
/usr/lib/gcc/avr/4.9.2/../../../avr/lib/avr51/libm.a(fp_split3.o)
                              /usr/lib/gcc/avr/4.9.2/../../../avr/lib/avr51/libm.a(addsf3x.o) (__fp_split3)
/usr/lib/gcc/avr/4.9.2/../../../avr/lib/avr51/libm.a(fp_zero.o)
                              /usr/lib/gcc/avr/4.9.2/../../../avr/lib/avr51/libm.a(addsf3x.o) (__fp_zero)
/usr/lib/gcc/avr/4.9.2/../../../avr/lib/avr51/libm.a(gesf2.o)
                              ./PWM420mA.o (__gtsf2)
/usr/lib/gcc/avr/4.9.2/../../../avr/lib/avr51/libm.a(mulsf3.o)
                              ./PWM420mA.o (__mulsf3)
/usr/lib/gcc/avr/4.9.2/../../../avr/lib/avr51/libm.a(mulsf3x.o)
                              /usr/lib/gcc/avr/4.9.2/../../../avr/lib/avr51/libm.a(mulsf3.o) (__mulsf3x)
/usr/lib/gcc/avr/4.9.2/../../../avr/lib/avr51/libm.a(round.o)
                              ./PWM420mA.o (round)
/usr/lib/gcc/avr/4.9.2/../../../avr/lib/avr51/libm.a(fp_mintl.o)
                              /usr/lib/gcc/avr/4.9.2/../../../avr/lib/avr51/libm.a(round.o) (__fp_mintl)
/usr/lib/gcc/avr/4.9.2/../../../avr/lib/avr51/libm.a(fp_mpack.o)
                              /usr/lib/gcc/avr/4.9.2/../../../avr/lib/avr51/libm.a(round.o) (__fp_mpack)
/usr/lib/gcc/avr/4.9.2/../../../avr/lib/avr51/libc.a(dtostrf.o)
                              ./USART0.o (dtostrf)
/usr/lib/gcc/avr/4.9.2/../../../avr/lib/avr51/libc.a(atoi.o)
                              ./terminal.o (atoi)
/usr/lib/gcc/avr/4.9.2/../../../avr/lib/avr51/libc.a(mul10.o)
                              /usr/lib/gcc/avr/4.9.2/../../../avr/lib/avr51/libc.a(atoi.o) (__mulhi_const_10)
/usr/lib/gcc/avr/4.9.2/../../../avr/lib/avr51/libc.a(sprintf.o)
                              ./discretas.o (sprintf)
/usr/lib/gcc/avr/4.9.2/../../../avr/lib/avr51/libc.a(vfprintf_std.o)
                              /usr/lib/gcc/avr/4.9.2/../../../avr/lib/avr51/libc.a(sprintf.o) (vfprintf)
/usr/lib/gcc/avr/4.9.2/../../../avr/lib/avr51/libc.a(dtoa_prf.o)
                              /usr/lib/gcc/avr/4.9.2/../../../avr/lib/avr51/libc.a(dtostrf.o) (dtoa_prf)
/usr/lib/gcc/avr/4.9.2/../../../avr/lib/avr51/libc.a(ftoa_engine.o)
                              /usr/lib/gcc/avr/4.9.2/../../../avr/lib/avr51/libc.a(dtoa_prf.o) (__ftoa_engine)
/usr/lib/gcc/avr/4.9.2/../../../avr/lib/avr51/libc.a(strnlen_P.o)
                              /usr/lib/gcc/avr/4.9.2/../../../avr/lib/avr51/libc.a(vfprintf_std.o) (strnlen_P)
/usr/lib/gcc/avr/4.9.2/../../../avr/lib/avr51/libc.a(strnlen.o)
                              /usr/lib/gcc/avr/4.9.2/../../../avr/lib/avr51/libc.a(vfprintf_std.o) (strnlen)
/usr/lib/gcc/avr/4.9.2/../../../avr/lib/avr51/libc.a(fputc.o)
                              /usr/lib/gcc/avr/4.9.2/../../../avr/lib/avr51/libc.a(vfprintf_std.o) (fputc)
/usr/lib/gcc/avr/4.9.2/../../../avr/lib/avr51/libc.a(ultoa_invert.o)
                              /usr/lib/gcc/avr/4.9.2/../../../avr/lib/avr51/libc.a(vfprintf_std.o) (__ultoa_invert)
/usr/lib/gcc/avr/4.9.2/../../../avr/lib/avr51/libatmega128.a(eerd_byte.o)
                              ./eeprom.o (eeprom_read_byte)
/usr/lib/gcc/avr/4.9.2/../../../avr/lib/avr51/libatmega128.a(eerd_dword.o)
                              ./eeprom.o (eeprom_read_float)
/usr/lib/gcc/avr/4.9.2/../../../avr/lib/avr51/libatmega128.a(eerd_word.o)
                              ./eeprom.o (eeprom_read_word)
/usr/lib/gcc/avr/4.9.2/../../../avr/lib/avr51/libatmega128.a(eewr_byte.o)
                              ./eeprom.o (eeprom_write_byte)
/usr/lib/gcc/avr/4.9.2/../../../avr/lib/avr51/libatmega128.a(eewr_dword.o)
                              ./eeprom.o (eeprom_write_float)
/usr/lib/gcc/avr/4.9.2/../../../avr/lib/avr51/libatmega128.a(eewr_word.o)
                              ./eeprom.o (eeprom_write_word)
/usr/lib/gcc/avr/4.9.2/../../../avr/lib/avr51/libatmega128.a(eerd_block.o)
                              /usr/lib/gcc/avr/4.9.2/../../../avr/lib/avr51/libatmega128.a(eerd_dword.o) (eeprom_read_blraw)

Allocating common symbols
Common symbol       size              file

uValorIntegracionEntradas
                    0x6               ./discretas.o
cond1MaxUs          0x2               ./medicion_ADC.o
uContDisplay        0x2               ./display.o
flCorrienteObjetivo
                    0x4               ./PWM420mA.o
uchEstadoLeerEntradas
                    0x1               ./discretas.o
uRangoCond1         0x2               ./medicion_ADC.o
uRangoCond1_Eeprom_BK
                    0x2               ./eeprom.o
uRangoCond1_Eeprom  0x2               ./eeprom.o
uContTimeoutEsperaUSART0
                    0x2               ./USART0.o
chBufferRx_USART0   0xc8              ./USART0.o
chNumeroSerie_Eeprom
                    0xa               ./eeprom.o
flPWM1aMA_Eeprom    0x4               ./eeprom.o
uMuestrasADCpwm2_Eeprom
                    0x2               ./eeprom.o
uchEstadoADC        0x1               ./medicion_ADC.o
uFlagEntradasLiberadas
                    0x2               ./discretas.o
flOffsetCond2_Eeprom_BK
                    0x4               ./eeprom.o
uTiempoSilenciarAlarma_Eeprom_BK
                    0x2               ./eeprom.o
chADCprint          0x1               ./medicion_ADC.o
uTiempoIntegracionEntradas
                    0x2               ./discretas.o
flCond2valoruS      0x4               ./medicion_ADC.o
uContDisplayON      0x2               ./display.o
uContMuestrasADC    0x2               ./medicion_ADC.o
chBuffer            0x11              ./display.o
flValorAlarmaCond1_Eeprom
                    0x4               ./eeprom.o
flValorAlarmaCond1_Eeprom_BK
                    0x4               ./eeprom.o
uContTiempoAlarmaCond1
                    0x2               ./alarmas.o
uValorADCcond1      0x2               ./medicion_ADC.o
flCond2auS_Eeprom   0x4               ./eeprom.o
chDisplayInstalado  0x1               ./display.o
chValorNuevoCond1   0x1               ./medicion_ADC.o
uMuestrasADCcond2   0x2               ./medicion_ADC.o
flOffsetCond1       0x4               ./medicion_ADC.o
uTiempoAlarmaCond1  0x2               ./alarmas.o
chNumeroSerie       0xa               ./terminal.o
uEstadoEntradas     0x2               ./discretas.o
chValorNuevoPWM2    0x1               ./medicion_ADC.o
uTiempoSilenciarAlarma
                    0x2               ./alarmas.o
uGananciaPWM2_Eeprom_BK
                    0x2               ./eeprom.o
uMuestrasADCcond1_Eeprom_BK
                    0x2               ./eeprom.o
uGananciaPWM1       0x2               ./PWM420mA.o
uchEstadoDisplay    0x1               ./display.o
flCond2auS_Eeprom_BK
                    0x4               ./eeprom.o
uchEstadoPWM420mA   0x1               ./PWM420mA.o
uMuestrasADCpwm1_Eeprom
                    0x2               ./eeprom.o
flValorAlarmaCond2_Eeprom
                    0x4               ./eeprom.o
uMuestrasADCpwm2_Eeprom_BK
                    0x2               ./eeprom.o
uMuestrasADCpwm1    0x2               ./medicion_ADC.o
uRangoCond2_Eeprom  0x2               ./eeprom.o
uEstadoEntradasInstantaneas
                    0x2               ./discretas.o
cond1MinUs          0x2               ./medicion_ADC.o
uMuestrasADCcond1_Eeprom
                    0x2               ./eeprom.o
uGananciaPWM2       0x2               ./PWM420mA.o
uMuestrasADCcond1   0x2               ./medicion_ADC.o
uMuestrasADCcond2_Eeprom_BK
                    0x2               ./eeprom.o
uchEstadoTerminal   0x1               ./terminal.o
flOffsetCond2       0x4               ./medicion_ADC.o
flValorAlarmaCond2  0x4               ./alarmas.o
chPrintEntradas     0x1               ./discretas.o
uchEstadoRecepcionUSART0
                    0x1               ./USART0.o
uValorADCcond2      0x2               ./medicion_ADC.o
uFlagEntradasActivadas
                    0x2               ./discretas.o
flValorAlarmaCond2_Eeprom_BK
                    0x4               ./eeprom.o
uGananciaPWM2_Eeprom
                    0x2               ./eeprom.o
uchContAuxTx_USART0
                    0x1               ./USART0.o
uContTimeoutLecturaRxUSART0
                    0x2               ./USART0.o
chNumeroSerie_Eeprom_BK
                    0xa               ./eeprom.o
flPWM1aMA           0x4               ./medicion_ADC.o
flCond1auS          0x4               ./medicion_ADC.o
flCond1valoruS      0x4               ./medicion_ADC.o
cond2MinUs          0x2               ./medicion_ADC.o
uContTiempoAlarmaCond2
                    0x2               ./alarmas.o
flPWM2aMA_Eeprom    0x4               ./eeprom.o
uContTimeoutRxUSART0
                    0x2               ./USART0.o
chPrintSalidas      0x1               ./discretas.o
uGananciaPWM1_Eeprom
                    0x2               ./eeprom.o
OnOffAlarmas        0x2               ./alarmas.o
deltaOCR            0x2               ./PWM420mA.o
flPWM2aMA_Eeprom_BK
                    0x4               ./eeprom.o
chBuzzerModo        0x1               ./inicioUc.o
ulContTiempoSilenciarAlarma
                    0x2               ./alarmas.o
chValorNuevoCond2   0x1               ./medicion_ADC.o
uMuestrasADCpwm2    0x2               ./medicion_ADC.o
chValorNuevoPWM1    0x1               ./medicion_ADC.o
uRangoCond2_Eeprom_BK
                    0x2               ./eeprom.o
uContBuzzerOFF      0x2               ./inicioUc.o
uGananciaPWM1_Eeprom_BK
                    0x2               ./eeprom.o
uContTimeoutTxUSART0
                    0x2               ./USART0.o
flCond1auS_Eeprom_BK
                    0x4               ./eeprom.o
flCond1Factor       0x78              ./medicion_ADC.o
uchEstadoAlarmas    0x1               ./alarmas.o
flOffsetCond1_Eeprom
                    0x4               ./eeprom.o
flCond2auS          0x4               ./medicion_ADC.o
flDeltaI            0x4               ./PWM420mA.o
uchContAuxRx_USART0
                    0x1               ./USART0.o
uMuestrasADCpwm1_Eeprom_BK
                    0x2               ./eeprom.o
flPWM2aMA           0x4               ./medicion_ADC.o
uTiempoAlarmaCond1_Eeprom
                    0x2               ./eeprom.o
flCond2Factor       0x78              ./medicion_ADC.o
uMuestrasADCcond2_Eeprom
                    0x2               ./eeprom.o
flPWM1aMA_Eeprom_BK
                    0x4               ./eeprom.o
uContBuzzerON       0x2               ./inicioUc.o
uTiempoAlarmaCond1_Eeprom_BK
                    0x2               ./eeprom.o
flPWM1valorMA       0x4               ./medicion_ADC.o
uTimeoutEntradas    0x2               ./discretas.o
flPWM2valorMA       0x4               ./medicion_ADC.o
flValorAlarmaCond1  0x4               ./alarmas.o
flOffsetCond2_Eeprom
                    0x4               ./eeprom.o
indexDisplay        0x2               ./display.o
auxIndexTerminal    0x2               ./terminal.o
uTiempoAlarmaCond2_Eeprom_BK
                    0x2               ./eeprom.o
flOffsetCond1_Eeprom_BK
                    0x4               ./eeprom.o
uTiempoAlarmaCond2_Eeprom
                    0x2               ./eeprom.o
uContDisplayOFF     0x2               ./display.o
uTiempoAlarmaCond2  0x2               ./alarmas.o
uTiempoSilenciarAlarma_Eeprom
                    0x2               ./eeprom.o
cond2MaxUs          0x2               ./medicion_ADC.o
uRangoCond2         0x2               ./medicion_ADC.o
uchEstadoBufferRx_USART0
                    0x1               ./USART0.o
flCond1auS_Eeprom   0x4               ./eeprom.o
chBufferTx_USART0   0xc8              ./USART0.o

Memory Configuration

Name             Origin             Length             Attributes
text             0x0000000000000000 0x0000000000020000 xr
data             0x0000000000800100 0x000000000000ff00 rw !x
eeprom           0x0000000000810000 0x0000000000010000 rw !x
fuse             0x0000000000820000 0x0000000000000400 rw !x
lock             0x0000000000830000 0x0000000000000400 rw !x
signature        0x0000000000840000 0x0000000000000400 rw !x
user_signatures  0x0000000000850000 0x0000000000000400 rw !x
*default*        0x0000000000000000 0xffffffffffffffff

Linker script and memory map

Address of section .data set to 0x800100
LOAD /usr/lib/gcc/avr/4.9.2/../../../avr/lib/avr51/crtatmega128.o
LOAD ./PWM420mA.o
LOAD ./USART0.o
LOAD ./alarmas.o
LOAD ./discretas.o
LOAD ./display.o
LOAD ./eeprom.o
LOAD ./inicioUc.o
LOAD ./lcd.o
LOAD ./main.o
LOAD ./medicion_ADC.o
LOAD ./terminal.o
LOAD ./utiles.o
START GROUP
LOAD /usr/lib/gcc/avr/4.9.2/avr51/libgcc.a
LOAD /usr/lib/gcc/avr/4.9.2/../../../avr/lib/avr51/libm.a
LOAD /usr/lib/gcc/avr/4.9.2/../../../avr/lib/avr51/libc.a
LOAD /usr/lib/gcc/avr/4.9.2/../../../avr/lib/avr51/libatmega128.a
END GROUP

.hash
 *(.hash)

.dynsym
 *(.dynsym)

.dynstr
 *(.dynstr)

.gnu.version
 *(.gnu.version)

.gnu.version_d
 *(.gnu.version_d)

.gnu.version_r
 *(.gnu.version_r)

.rel.init
 *(.rel.init)

.rela.init
 *(.rela.init)

.rel.text
 *(.rel.text)
 *(.rel.text.*)
 *(.rel.gnu.linkonce.t*)

.rela.text
 *(.rela.text)
 *(.rela.text.*)
 *(.rela.gnu.linkonce.t*)

.rel.fini
 *(.rel.fini)

.rela.fini
 *(.rela.fini)

.rel.rodata
 *(.rel.rodata)
 *(.rel.rodata.*)
 *(.rel.gnu.linkonce.r*)

.rela.rodata
 *(.rela.rodata)
 *(.rela.rodata.*)
 *(.rela.gnu.linkonce.r*)

.rel.data
 *(.rel.data)
 *(.rel.data.*)
 *(.rel.gnu.linkonce.d*)

.rela.data
 *(.rela.data)
 *(.rela.data.*)
 *(.rela.gnu.linkonce.d*)

.rel.ctors
 *(.rel.ctors)

.rela.ctors
 *(.rela.ctors)

.rel.dtors
 *(.rel.dtors)

.rela.dtors
 *(.rela.dtors)

.rel.got
 *(.rel.got)

.rela.got
 *(.rela.got)

.rel.bss
 *(.rel.bss)

.rela.bss
 *(.rela.bss)

.rel.plt
 *(.rel.plt)

.rela.plt
 *(.rela.plt)

.text           0x0000000000000000    0x11384
 *(.vectors)
 .vectors       0x0000000000000000       0x8c /usr/lib/gcc/avr/4.9.2/../../../avr/lib/avr51/crtatmega128.o
                0x0000000000000000                __vectors
 *(.vectors)
 *(.progmem.gcc*)
                0x000000000000008c                . = ALIGN (0x2)
                0x000000000000008c                __trampolines_start = .
 *(.trampolines)
 .trampolines   0x000000000000008c        0x0 linker stubs
 *(.trampolines*)
                0x000000000000008c                __trampolines_end = .
 *(.progmem*)
 .progmem.data.MSG_Estado_Entradas
                0x000000000000008c       0x13 ./discretas.o
                0x000000000000008c                MSG_Estado_Entradas
 .progmem.data.uFlagBotonesPresionados_MSG
                0x000000000000009f       0x10 ./discretas.o
                0x000000000000009f                uFlagBotonesPresionados_MSG
 .progmem.data.uFlagBotonesLiberados_MSG
                0x00000000000000af       0x10 ./discretas.o
                0x00000000000000af                uFlagBotonesLiberados_MSG
 .progmem.data.MSG_Estado_Salidas
                0x00000000000000bf       0x12 ./discretas.o
                0x00000000000000bf                MSG_Estado_Salidas
 .progmem.data.Texto_Llamas
                0x00000000000000d1       0x12 ./display.o
                0x00000000000000d1                Texto_Llamas
 .progmem.data.Texto_Cargando
                0x00000000000000e3        0xa ./display.o
                0x00000000000000e3                Texto_Cargando
 .progmem.data.Texto_Punto
                0x00000000000000ed        0x3 ./display.o
                0x00000000000000ed                Texto_Punto
 .progmem.data.Texto_Vacio
                0x00000000000000f0       0x12 ./display.o
                0x00000000000000f0                Texto_Vacio
 .progmem.data.__c.2192
                0x0000000000000102        0xf ./display.o
 .progmem.data.__c.2209
                0x0000000000000111        0x4 ./display.o
 .progmem.data.__c.2221
                0x0000000000000115        0x4 ./display.o
 .progmem.data.validacion_Serie_MSG
                0x0000000000000119       0x1e ./eeprom.o
                0x0000000000000119                validacion_Serie_MSG
 .progmem.data.validacion_Alarmas_MSG
                0x0000000000000137       0x20 ./eeprom.o
                0x0000000000000137                validacion_Alarmas_MSG
 .progmem.data.validacion_ADC_MSG
                0x0000000000000157       0x1c ./eeprom.o
                0x0000000000000157                validacion_ADC_MSG
 .progmem.data.validacion_PWM_MSG
                0x0000000000000173       0x1c ./eeprom.o
                0x0000000000000173                validacion_PWM_MSG
 .progmem.data.datosOriginalesOk_MSG
                0x000000000000018f       0x15 ./eeprom.o
                0x000000000000018f                datosOriginalesOk_MSG
 .progmem.data.datosBackUpError_MSG
                0x00000000000001a4       0x1a ./eeprom.o
                0x00000000000001a4                datosBackUpError_MSG
 .progmem.data.datosOriginalesError_MSG
                0x00000000000001be       0x1b ./eeprom.o
                0x00000000000001be                datosOriginalesError_MSG
 .progmem.data.datosBackUpOK_MSG
                0x00000000000001d9       0x14 ./eeprom.o
                0x00000000000001d9                datosBackUpOK_MSG
 .progmem.data.datosOrigBackUPError_MSG
                0x00000000000001ed       0x27 ./eeprom.o
                0x00000000000001ed                datosOrigBackUPError_MSG
 .progmem.data.cargaPorDefecto_MSG
                0x0000000000000214       0x1b ./eeprom.o
                0x0000000000000214                cargaPorDefecto_MSG
 .progmem.data.numeroGrupo_MSG
                0x000000000000022f       0x13 ./eeprom.o
                0x000000000000022f                numeroGrupo_MSG
 .progmem.data.Cond_0_20_G_Factor
                0x0000000000000242       0x78 ./medicion_ADC.o
                0x0000000000000242                Cond_0_20_G_Factor
 .progmem.data.Cond_2_200_G_Factor
                0x00000000000002ba       0x78 ./medicion_ADC.o
                0x00000000000002ba                Cond_2_200_G_Factor
 .progmem.data.Cond_20_2500_G_Factor
                0x0000000000000332       0x78 ./medicion_ADC.o
                0x0000000000000332                Cond_20_2500_G_Factor
 .progmem.data.Cond_0_20_C_Factor
                0x00000000000003aa       0x78 ./medicion_ADC.o
                0x00000000000003aa                Cond_0_20_C_Factor
 .progmem.data.Cond_2_200_C_Factor
                0x0000000000000422       0x78 ./medicion_ADC.o
                0x0000000000000422                Cond_2_200_C_Factor
 .progmem.data.Cond_20_2500_C_Factor
                0x000000000000049a       0x78 ./medicion_ADC.o
                0x000000000000049a                Cond_20_2500_C_Factor
 .progmem.data.Conductimetro_Info
                0x0000000000000512       0x69 ./terminal.o
                0x0000000000000512                Conductimetro_Info
 .progmem.data.Comando_Info
                0x000000000000057b        0x6 ./terminal.o
                0x000000000000057b                Comando_Info
 .progmem.data.Comando_Print
                0x0000000000000581        0x8 ./terminal.o
                0x0000000000000581                Comando_Print
 .progmem.data.Comando_Entradas
                0x0000000000000589        0xa ./terminal.o
                0x0000000000000589                Comando_Entradas
 .progmem.data.Comando_ADC
                0x0000000000000593        0x5 ./terminal.o
                0x0000000000000593                Comando_ADC
 .progmem.data.Comando_Salidas
                0x0000000000000598        0x9 ./terminal.o
                0x0000000000000598                Comando_Salidas
 .progmem.data.Comando_Reiniciar
                0x00000000000005a1        0xb ./terminal.o
                0x00000000000005a1                Comando_Reiniciar
 .progmem.data.Comando_Factory_Reset
                0x00000000000005ac        0xf ./terminal.o
                0x00000000000005ac                Comando_Factory_Reset
 .progmem.data.Comando_Alarmas_Reset
                0x00000000000005bb        0xf ./terminal.o
                0x00000000000005bb                Comando_Alarmas_Reset
 .progmem.data.Comando_PWM_Reset
                0x00000000000005ca        0xb ./terminal.o
                0x00000000000005ca                Comando_PWM_Reset
 .progmem.data.Comando_Cal_Reset
                0x00000000000005d5        0xb ./terminal.o
                0x00000000000005d5                Comando_Cal_Reset
 .progmem.data.Comando_Reset
                0x00000000000005e0        0x7 ./terminal.o
                0x00000000000005e0                Comando_Reset
 .progmem.data.Comando_Serie
                0x00000000000005e7        0x7 ./terminal.o
                0x00000000000005e7                Comando_Serie
 .progmem.data.Comando_Muestras_PWM_1
                0x00000000000005ee        0xe ./terminal.o
                0x00000000000005ee                Comando_Muestras_PWM_1
 .progmem.data.Comando_Muestras_PWM_2
                0x00000000000005fc        0xe ./terminal.o
                0x00000000000005fc                Comando_Muestras_PWM_2
 .progmem.data.Comando_Muestras_Cond_1
                0x000000000000060a        0xf ./terminal.o
                0x000000000000060a                Comando_Muestras_Cond_1
 .progmem.data.Comando_Muestras_Cond_2
                0x0000000000000619        0xf ./terminal.o
                0x0000000000000619                Comando_Muestras_Cond_2
 .progmem.data.Comando_Ganancia_PWM_1
                0x0000000000000628       0x10 ./terminal.o
                0x0000000000000628                Comando_Ganancia_PWM_1
 .progmem.data.Comando_Ganancia_PWM_2
                0x0000000000000638       0x10 ./terminal.o
                0x0000000000000638                Comando_Ganancia_PWM_2
 .progmem.data.Comando_Tiempo_Alarma_Cond_1
                0x0000000000000648       0x11 ./terminal.o
                0x0000000000000648                Comando_Tiempo_Alarma_Cond_1
 .progmem.data.Comando_Tiempo_Alarma_Cond_2
                0x0000000000000659       0x11 ./terminal.o
                0x0000000000000659                Comando_Tiempo_Alarma_Cond_2
 .progmem.data.Comando_Alarma_1
                0x000000000000066a        0xa ./terminal.o
                0x000000000000066a                Comando_Alarma_1
 .progmem.data.Comando_Alarma_2
                0x0000000000000674        0xa ./terminal.o
                0x0000000000000674                Comando_Alarma_2
 .progmem.data.Comando_Cal_PWM_1
                0x000000000000067e        0xb ./terminal.o
                0x000000000000067e                Comando_Cal_PWM_1
 .progmem.data.Comando_Cal_PWM_2
                0x0000000000000689        0xb ./terminal.o
                0x0000000000000689                Comando_Cal_PWM_2
 .progmem.data.Comando_Cal_Cond_1
                0x0000000000000694        0xc ./terminal.o
                0x0000000000000694                Comando_Cal_Cond_1
 .progmem.data.Comando_Cal_Cond_2
                0x00000000000006a0        0xc ./terminal.o
                0x00000000000006a0                Comando_Cal_Cond_2
 .progmem.data.Comando_Autocal_PWM_1
                0x00000000000006ac        0xf ./terminal.o
                0x00000000000006ac                Comando_Autocal_PWM_1
 .progmem.data.Comando_Autocal_PWM_2
                0x00000000000006bb        0xf ./terminal.o
                0x00000000000006bb                Comando_Autocal_PWM_2
 .progmem.data.Comando_Autocal_Cond_1
                0x00000000000006ca       0x10 ./terminal.o
                0x00000000000006ca                Comando_Autocal_Cond_1
 .progmem.data.Comando_Autocal_Cond_2
                0x00000000000006da       0x10 ./terminal.o
                0x00000000000006da                Comando_Autocal_Cond_2
 .progmem.data.Comando_Offset_1
                0x00000000000006ea        0xf ./terminal.o
                0x00000000000006ea                Comando_Offset_1
 .progmem.data.Comando_Offset_2
                0x00000000000006f9        0xf ./terminal.o
                0x00000000000006f9                Comando_Offset_2
 .progmem.data.Comando_Rango_1
                0x0000000000000708        0xe ./terminal.o
                0x0000000000000708                Comando_Rango_1
 .progmem.data.Comando_Rango_2
                0x0000000000000716        0xe ./terminal.o
                0x0000000000000716                Comando_Rango_2
 .progmem.data.Comando_Silenciar_Alarma
                0x0000000000000724       0x12 ./terminal.o
                0x0000000000000724                Comando_Silenciar_Alarma
 .progmem.data.MSG_Comando
                0x0000000000000736        0x9 ./terminal.o
                0x0000000000000736                MSG_Comando
 .progmem.data.MSG_Parametro
                0x000000000000073f        0xb ./terminal.o
                0x000000000000073f                MSG_Parametro
 .progmem.data.MSG_Desconocido
                0x000000000000074a        0xd ./terminal.o
                0x000000000000074a                MSG_Desconocido
 .progmem.data.MSG_Borrado
                0x0000000000000757        0x9 ./terminal.o
                0x0000000000000757                MSG_Borrado
 .progmem.data.MSG_Ok
                0x0000000000000760        0x4 ./terminal.o
                0x0000000000000760                MSG_Ok
 .progmem.data.MSG_End
                0x0000000000000764        0x5 ./terminal.o
                0x0000000000000764                MSG_End
 .progmem.data.MSG_Error
                0x0000000000000769        0x7 ./terminal.o
                0x0000000000000769                MSG_Error
 .progmem.data.MSG_Terminal_Lista
                0x0000000000000770       0x17 ./terminal.o
                0x0000000000000770                MSG_Terminal_Lista
 .progmem.data.MSG_FueraDeRango
                0x0000000000000787       0x10 ./terminal.o
                0x0000000000000787                MSG_FueraDeRango
 .progmem.data.MSG_Offset
                0x0000000000000797        0x8 ./terminal.o
                0x0000000000000797                MSG_Offset
 .progmem.data.MSG_Rango_0_20_G
                0x000000000000079f        0x7 ./terminal.o
                0x000000000000079f                MSG_Rango_0_20_G
 .progmem.data.MSG_Rango_0_20_C
                0x00000000000007a6        0x7 ./terminal.o
                0x00000000000007a6                MSG_Rango_0_20_C
 .progmem.data.MSG_Rango_2_200_G
                0x00000000000007ad        0x8 ./terminal.o
                0x00000000000007ad                MSG_Rango_2_200_G
 .progmem.data.MSG_Rango_2_200_C
                0x00000000000007b5        0x8 ./terminal.o
                0x00000000000007b5                MSG_Rango_2_200_C
 .progmem.data.MSG_Rango_20_2500_G
                0x00000000000007bd        0xa ./terminal.o
                0x00000000000007bd                MSG_Rango_20_2500_G
 .progmem.data.MSG_Rango_20_2500_C
                0x00000000000007c7        0xa ./terminal.o
                0x00000000000007c7                MSG_Rango_20_2500_C
 .progmem.data.__c.2510
                0x00000000000007d1        0x4 ./terminal.o
 .progmem.data.__c.2513
                0x00000000000007d5        0x4 ./terminal.o
 .progmem.data  0x00000000000007d9       0xfa /usr/lib/gcc/avr/4.9.2/../../../avr/lib/avr51/libc.a(ftoa_engine.o)
                0x00000000000008d4                . = ALIGN (0x2)
 *fill*         0x00000000000008d3        0x1 
 *(.jumptables)
 *(.jumptables*)
 *(.lowtext)
 *(.lowtext*)
                0x00000000000008d4                __ctors_start = .
 *(.ctors)
                0x00000000000008d4                __ctors_end = .
                0x00000000000008d4                __dtors_start = .
 *(.dtors)
                0x00000000000008d4                __dtors_end = .
 SORT(*)(.ctors)
 SORT(*)(.dtors)
 *(.init0)
 .init0         0x00000000000008d4        0x0 /usr/lib/gcc/avr/4.9.2/../../../avr/lib/avr51/crtatmega128.o
                0x00000000000008d4                __init
 *(.init0)
 *(.init1)
 *(.init1)
 *(.init2)
 .init2         0x00000000000008d4        0xc /usr/lib/gcc/avr/4.9.2/../../../avr/lib/avr51/crtatmega128.o
 *(.init2)
 *(.init3)
 *(.init3)
 *(.init4)
 .init4         0x00000000000008e0       0x1a /usr/lib/gcc/avr/4.9.2/avr51/libgcc.a(_copy_data.o)
                0x00000000000008e0                __do_copy_data
 .init4         0x00000000000008fa       0x10 /usr/lib/gcc/avr/4.9.2/avr51/libgcc.a(_clear_bss.o)
                0x00000000000008fa                __do_clear_bss
 *(.init4)
 *(.init5)
 *(.init5)
 *(.init6)
 *(.init6)
 *(.init7)
 *(.init7)
 *(.init8)
 *(.init8)
 *(.init9)
 .init9         0x000000000000090a        0x8 /usr/lib/gcc/avr/4.9.2/../../../avr/lib/avr51/crtatmega128.o
 *(.init9)
 *(.text)
 .text          0x0000000000000912        0x4 /usr/lib/gcc/avr/4.9.2/../../../avr/lib/avr51/crtatmega128.o
                0x0000000000000912                __vector_22
                0x0000000000000912                __vector_28
                0x0000000000000912                __vector_1
                0x0000000000000912                __vector_32
                0x0000000000000912                __vector_34
                0x0000000000000912                __vector_24
                0x0000000000000912                __vector_12
                0x0000000000000912                __bad_interrupt
                0x0000000000000912                __vector_6
                0x0000000000000912                __vector_31
                0x0000000000000912                __vector_3
                0x0000000000000912                __vector_23
                0x0000000000000912                __vector_30
                0x0000000000000912                __vector_25
                0x0000000000000912                __vector_11
                0x0000000000000912                __vector_13
                0x0000000000000912                __vector_17
                0x0000000000000912                __vector_19
                0x0000000000000912                __vector_7
                0x0000000000000912                __vector_27
                0x0000000000000912                __vector_5
                0x0000000000000912                __vector_33
                0x0000000000000912                __vector_4
                0x0000000000000912                __vector_9
                0x0000000000000912                __vector_2
                0x0000000000000912                __vector_21
                0x0000000000000912                __vector_29
                0x0000000000000912                __vector_8
                0x0000000000000912                __vector_26
                0x0000000000000912                __vector_14
                0x0000000000000912                __vector_10
                0x0000000000000912                __vector_16
                0x0000000000000912                __vector_18
                0x0000000000000912                __vector_20
 .text          0x0000000000000916        0x0 ./PWM420mA.o
 .text          0x0000000000000916        0x0 ./USART0.o
 .text          0x0000000000000916        0x0 ./alarmas.o
 .text          0x0000000000000916        0x0 ./discretas.o
 .text          0x0000000000000916        0x0 ./display.o
 .text          0x0000000000000916        0x0 ./eeprom.o
 .text          0x0000000000000916        0x0 ./inicioUc.o
 .text          0x0000000000000916        0x0 ./lcd.o
 .text          0x0000000000000916        0x0 ./main.o
 .text          0x0000000000000916        0x0 ./medicion_ADC.o
 .text          0x0000000000000916        0x0 ./terminal.o
 .text          0x0000000000000916        0x0 ./utiles.o
 .text          0x0000000000000916        0x0 /usr/lib/gcc/avr/4.9.2/avr51/libgcc.a(_divmodhi4.o)
 .text          0x0000000000000916        0x0 /usr/lib/gcc/avr/4.9.2/avr51/libgcc.a(_exit.o)
 .text          0x0000000000000916        0x0 /usr/lib/gcc/avr/4.9.2/avr51/libgcc.a(_copy_data.o)
 .text          0x0000000000000916        0x0 /usr/lib/gcc/avr/4.9.2/avr51/libgcc.a(_clear_bss.o)
 .text          0x0000000000000916        0x0 /usr/lib/gcc/avr/4.9.2/avr51/libgcc.a(_muluhisi3.o)
 .text          0x0000000000000916        0x0 /usr/lib/gcc/avr/4.9.2/avr51/libgcc.a(_udivmodhi4.o)
 .text          0x0000000000000916        0x0 /usr/lib/gcc/avr/4.9.2/avr51/libgcc.a(_umulhisi3.o)
 .text          0x0000000000000916        0x0 /usr/lib/gcc/avr/4.9.2/../../../avr/lib/avr51/libm.a(addsf3.o)
 .text          0x0000000000000916        0x0 /usr/lib/gcc/avr/4.9.2/../../../avr/lib/avr51/libm.a(addsf3x.o)
 .text          0x0000000000000916        0x0 /usr/lib/gcc/avr/4.9.2/../../../avr/lib/avr51/libm.a(cmpsf2.o)
 .text          0x0000000000000916        0x0 /usr/lib/gcc/avr/4.9.2/../../../avr/lib/avr51/libm.a(divsf3.o)
 .text          0x0000000000000916        0x0 /usr/lib/gcc/avr/4.9.2/../../../avr/lib/avr51/libm.a(divsf3x.o)
 .text          0x0000000000000916        0x0 /usr/lib/gcc/avr/4.9.2/../../../avr/lib/avr51/libm.a(fixsfsi.o)
 .text          0x0000000000000916        0x0 /usr/lib/gcc/avr/4.9.2/../../../avr/lib/avr51/libm.a(fixunssfsi.o)
 .text          0x0000000000000916        0x0 /usr/lib/gcc/avr/4.9.2/../../../avr/lib/avr51/libm.a(floatsisf.o)
 .text          0x0000000000000916        0x0 /usr/lib/gcc/avr/4.9.2/../../../avr/lib/avr51/libm.a(fp_cmp.o)
 .text          0x0000000000000916        0x0 /usr/lib/gcc/avr/4.9.2/../../../avr/lib/avr51/libm.a(fp_inf.o)
 .text          0x0000000000000916        0x0 /usr/lib/gcc/avr/4.9.2/../../../avr/lib/avr51/libm.a(fp_nan.o)
 .text          0x0000000000000916        0x0 /usr/lib/gcc/avr/4.9.2/../../../avr/lib/avr51/libm.a(fp_pscA.o)
 .text          0x0000000000000916        0x0 /usr/lib/gcc/avr/4.9.2/../../../avr/lib/avr51/libm.a(fp_pscB.o)
 .text          0x0000000000000916        0x0 /usr/lib/gcc/avr/4.9.2/../../../avr/lib/avr51/libm.a(fp_round.o)
 .text          0x0000000000000916        0x0 /usr/lib/gcc/avr/4.9.2/../../../avr/lib/avr51/libm.a(fp_split3.o)
 .text          0x0000000000000916        0x0 /usr/lib/gcc/avr/4.9.2/../../../avr/lib/avr51/libm.a(fp_zero.o)
 .text          0x0000000000000916        0x0 /usr/lib/gcc/avr/4.9.2/../../../avr/lib/avr51/libm.a(gesf2.o)
 .text          0x0000000000000916        0x0 /usr/lib/gcc/avr/4.9.2/../../../avr/lib/avr51/libm.a(mulsf3.o)
 .text          0x0000000000000916        0x0 /usr/lib/gcc/avr/4.9.2/../../../avr/lib/avr51/libm.a(mulsf3x.o)
 .text          0x0000000000000916        0x0 /usr/lib/gcc/avr/4.9.2/../../../avr/lib/avr51/libm.a(round.o)
 .text          0x0000000000000916        0x0 /usr/lib/gcc/avr/4.9.2/../../../avr/lib/avr51/libm.a(fp_mintl.o)
 .text          0x0000000000000916        0x0 /usr/lib/gcc/avr/4.9.2/../../../avr/lib/avr51/libm.a(fp_mpack.o)
 .text          0x0000000000000916        0x0 /usr/lib/gcc/avr/4.9.2/../../../avr/lib/avr51/libc.a(dtostrf.o)
 .text          0x0000000000000916        0x0 /usr/lib/gcc/avr/4.9.2/../../../avr/lib/avr51/libc.a(atoi.o)
 .text          0x0000000000000916        0x0 /usr/lib/gcc/avr/4.9.2/../../../avr/lib/avr51/libc.a(mul10.o)
 .text          0x0000000000000916        0x0 /usr/lib/gcc/avr/4.9.2/../../../avr/lib/avr51/libc.a(sprintf.o)
 .text          0x0000000000000916        0x0 /usr/lib/gcc/avr/4.9.2/../../../avr/lib/avr51/libc.a(vfprintf_std.o)
 .text          0x0000000000000916        0x0 /usr/lib/gcc/avr/4.9.2/../../../avr/lib/avr51/libc.a(dtoa_prf.o)
 .text          0x0000000000000916        0x0 /usr/lib/gcc/avr/4.9.2/../../../avr/lib/avr51/libc.a(ftoa_engine.o)
 .text          0x0000000000000916        0x0 /usr/lib/gcc/avr/4.9.2/../../../avr/lib/avr51/libc.a(strnlen_P.o)
 .text          0x0000000000000916        0x0 /usr/lib/gcc/avr/4.9.2/../../../avr/lib/avr51/libc.a(strnlen.o)
 .text          0x0000000000000916        0x0 /usr/lib/gcc/avr/4.9.2/../../../avr/lib/avr51/libc.a(fputc.o)
 .text          0x0000000000000916        0x0 /usr/lib/gcc/avr/4.9.2/../../../avr/lib/avr51/libc.a(ultoa_invert.o)
 .text          0x0000000000000916        0x0 /usr/lib/gcc/avr/4.9.2/../../../avr/lib/avr51/libatmega128.a(eerd_byte.o)
 .text          0x0000000000000916        0x0 /usr/lib/gcc/avr/4.9.2/../../../avr/lib/avr51/libatmega128.a(eerd_dword.o)
 .text          0x0000000000000916        0x0 /usr/lib/gcc/avr/4.9.2/../../../avr/lib/avr51/libatmega128.a(eerd_word.o)
 .text          0x0000000000000916        0x0 /usr/lib/gcc/avr/4.9.2/../../../avr/lib/avr51/libatmega128.a(eewr_byte.o)
 .text          0x0000000000000916        0x0 /usr/lib/gcc/avr/4.9.2/../../../avr/lib/avr51/libatmega128.a(eewr_dword.o)
 .text          0x0000000000000916        0x0 /usr/lib/gcc/avr/4.9.2/../../../avr/lib/avr51/libatmega128.a(eewr_word.o)
 .text          0x0000000000000916        0x0 /usr/lib/gcc/avr/4.9.2/../../../avr/lib/avr51/libatmega128.a(eerd_block.o)
                0x0000000000000916                . = ALIGN (0x2)
 *(.text.*)
 .text.Actualizar_PWM_420mA
                0x0000000000000916      0x95e ./PWM420mA.o
                0x0000000000000916                Actualizar_PWM_420mA
 .text.Inicio_PWM_420mA
                0x0000000000001274       0x3c ./PWM420mA.o
                0x0000000000001274                Inicio_PWM_420mA
 .text.Recepcion_USART_0
                0x00000000000012b0      0x350 ./USART0.o
                0x00000000000012b0                Recepcion_USART_0
 .text.Inicio_USART_0
                0x0000000000001600       0x42 ./USART0.o
                0x0000000000001600                Inicio_USART_0
 .text.USART0_Flush
                0x0000000000001642       0x4a ./USART0.o
                0x0000000000001642                USART0_Flush
 .text.Transmitir_Buffer_USART0
                0x000000000000168c       0x7e ./USART0.o
                0x000000000000168c                Transmitir_Buffer_USART0
 .text.Transmitir_Buffer_USART0_P
                0x000000000000170a       0x84 ./USART0.o
                0x000000000000170a                Transmitir_Buffer_USART0_P
 .text.Transmitir_Float_USART0
                0x000000000000178e       0xd4 ./USART0.o
                0x000000000000178e                Transmitir_Float_USART0
 .text.Esperar_USART_O_TX
                0x0000000000001862       0x58 ./USART0.o
                0x0000000000001862                Esperar_USART_O_TX
 .text.Recibir_Buffer_USART0
                0x00000000000018ba       0xd2 ./USART0.o
                0x00000000000018ba                Recibir_Buffer_USART0
 .text.Esperar_USART_0_RX
                0x000000000000198c       0x50 ./USART0.o
                0x000000000000198c                Esperar_USART_0_RX
 .text.Actualizar_Alarmas
                0x00000000000019dc      0x24a ./alarmas.o
                0x00000000000019dc                Actualizar_Alarmas
 .text.Inicio_Alarmas
                0x0000000000001c26       0x56 ./alarmas.o
                0x0000000000001c26                Inicio_Alarmas
 .text.Leer_Entradas
                0x0000000000001c7c      0x532 ./discretas.o
                0x0000000000001c7c                Leer_Entradas
 .text.Inicio_Entradas
                0x00000000000021ae       0x74 ./discretas.o
                0x00000000000021ae                Inicio_Entradas
 .text.Actualizar_Display
                0x0000000000002222      0x800 ./display.o
                0x0000000000002222                Actualizar_Display
 .text.Inicio_Display
                0x0000000000002a22       0xde ./display.o
                0x0000000000002a22                Inicio_Display
 .text.Pantalla_Presentacion_Display
                0x0000000000002b00      0x1b8 ./display.o
                0x0000000000002b00                Pantalla_Presentacion_Display
 .text.Carga_Configuracion_Desde_Eeprom
                0x0000000000002cb8     0x181a ./eeprom.o
                0x0000000000002cb8                Carga_Configuracion_Desde_Eeprom
 .text.Carga_Configuracion_Fabrica_Eeprom
                0x00000000000044d2      0x3f0 ./eeprom.o
                0x00000000000044d2                Carga_Configuracion_Fabrica_Eeprom
 .text.Escribir_Checksum_Eeprom
                0x00000000000048c2      0x26c ./eeprom.o
                0x00000000000048c2                Escribir_Checksum_Eeprom
 .text.Float_a_Checksum
                0x0000000000004b2e       0xbc ./eeprom.o
                0x0000000000004b2e                Float_a_Checksum
 .text.UnsignedInt_a_Checksum
                0x0000000000004bea       0x4e ./eeprom.o
                0x0000000000004bea                UnsignedInt_a_Checksum
 .text.Char_a_Checksum
                0x0000000000004c38       0x42 ./eeprom.o
                0x0000000000004c38                Char_a_Checksum
 .text.Float_a_Eeprom
                0x0000000000004c7a       0xe6 ./eeprom.o
                0x0000000000004c7a                Float_a_Eeprom
 .text.Eeprom_a_Float
                0x0000000000004d60       0xe4 ./eeprom.o
                0x0000000000004d60                Eeprom_a_Float
 .text.UnsignedInt_a_Eeprom
                0x0000000000004e44       0xc8 ./eeprom.o
                0x0000000000004e44                UnsignedInt_a_Eeprom
 .text.Eeprom_a_UnsignedInt
                0x0000000000004f0c       0xc8 ./eeprom.o
                0x0000000000004f0c                Eeprom_a_UnsignedInt
 .text.Char_a_Eeprom
                0x0000000000004fd4       0xbe ./eeprom.o
                0x0000000000004fd4                Char_a_Eeprom
 .text.Eeprom_a_Char
                0x0000000000005092       0xbe ./eeprom.o
                0x0000000000005092                Eeprom_a_Char
 .text.Inicio_Puertos
                0x0000000000005150      0x284 ./inicioUc.o
                0x0000000000005150                Inicio_Puertos
 .text.Inicio_Timer0
                0x00000000000053d4       0x6a ./inicioUc.o
                0x00000000000053d4                Inicio_Timer0
 .text.Inicio_Buzzer
                0x000000000000543e       0x36 ./inicioUc.o
                0x000000000000543e                Inicio_Buzzer
 .text.LCDByte  0x0000000000005474      0xfc8 ./lcd.o
                0x0000000000005474                LCDByte
 .text.LCDBusyLoop
                0x000000000000643c     0x16d4 ./lcd.o
                0x000000000000643c                LCDBusyLoop
 .text.LCDInit  0x0000000000007b10      0xaf2 ./lcd.o
                0x0000000000007b10                LCDInit
 .text.LCDWriteString
                0x0000000000008602       0x92 ./lcd.o
                0x0000000000008602                LCDWriteString
 .text.LCDWriteInt
                0x0000000000008694      0x11a ./lcd.o
                0x0000000000008694                LCDWriteInt
 .text.LCDGotoXY
                0x00000000000087ae       0x66 ./lcd.o
                0x00000000000087ae                LCDGotoXY
 .text.main     0x0000000000008814       0x86 ./main.o
                0x0000000000008814                main
 .text.__vector_15
                0x000000000000889a      0x606 ./main.o
                0x000000000000889a                __vector_15
 .text.__vector_default
                0x0000000000008ea0       0x24 ./main.o
                0x0000000000008ea0                __vector_default
 .text.Medicion_ADC
                0x0000000000008ec4      0x828 ./medicion_ADC.o
                0x0000000000008ec4                Medicion_ADC
 .text.SW_Mux_ADC
                0x00000000000096ec      0x160 ./medicion_ADC.o
                0x00000000000096ec                SW_Mux_ADC
 .text.SW_Ref_ADC
                0x000000000000984c       0x90 ./medicion_ADC.o
                0x000000000000984c                SW_Ref_ADC
 .text.Inicio_ADC
                0x00000000000098dc       0x88 ./medicion_ADC.o
                0x00000000000098dc                Inicio_ADC
 .text.Cargar_Valores_Rango_Por_Canal
                0x0000000000009964      0x7f2 ./medicion_ADC.o
                0x0000000000009964                Cargar_Valores_Rango_Por_Canal
 .text.Terminal
                0x000000000000a156     0x5962 ./terminal.o
                0x000000000000a156                Terminal
 .text.Detectar_Comando_Buffer_P
                0x000000000000fab8      0x10c ./terminal.o
                0x000000000000fab8                Detectar_Comando_Buffer_P
 .text.Inicio_Terminal
                0x000000000000fbc4       0xac ./terminal.o
                0x000000000000fbc4                Inicio_Terminal
 .text.Buscar_en_Buffer_P
                0x000000000000fc70       0xf6 ./utiles.o
                0x000000000000fc70                Buscar_en_Buffer_P
 .text.Buscar_en_Buffer
                0x000000000000fd66       0xd8 ./utiles.o
                0x000000000000fd66                Buscar_en_Buffer
 .text.Comparar_Inicio_Buffer_P
                0x000000000000fe3e       0xda ./utiles.o
                0x000000000000fe3e                Comparar_Inicio_Buffer_P
 .text.Comparar_Inicio_Buffer
                0x000000000000ff18       0xc2 ./utiles.o
                0x000000000000ff18                Comparar_Inicio_Buffer
 .text.String_a_Mayusculas
                0x000000000000ffda       0xe2 ./utiles.o
                0x000000000000ffda                String_a_Mayusculas
 .text.From_String_to_Float
                0x00000000000100bc      0x1a8 ./utiles.o
                0x00000000000100bc                From_String_to_Float
 .text.libgcc.mul
                0x0000000000010264        0x0 /usr/lib/gcc/avr/4.9.2/avr51/libgcc.a(_divmodhi4.o)
 .text.libgcc.div
                0x0000000000010264       0x28 /usr/lib/gcc/avr/4.9.2/avr51/libgcc.a(_divmodhi4.o)
                0x0000000000010264                __divmodhi4
                0x0000000000010264                _div
 .text.libgcc   0x000000000001028c        0x0 /usr/lib/gcc/avr/4.9.2/avr51/libgcc.a(_divmodhi4.o)
 .text.libgcc.prologue
                0x000000000001028c        0x0 /usr/lib/gcc/avr/4.9.2/avr51/libgcc.a(_divmodhi4.o)
 .text.libgcc.builtins
                0x000000000001028c        0x0 /usr/lib/gcc/avr/4.9.2/avr51/libgcc.a(_divmodhi4.o)
 .text.libgcc.fmul
                0x000000000001028c        0x0 /usr/lib/gcc/avr/4.9.2/avr51/libgcc.a(_divmodhi4.o)
 .text.libgcc.fixed
                0x000000000001028c        0x0 /usr/lib/gcc/avr/4.9.2/avr51/libgcc.a(_divmodhi4.o)
 .text.libgcc.mul
                0x000000000001028c        0x0 /usr/lib/gcc/avr/4.9.2/avr51/libgcc.a(_exit.o)
 .text.libgcc.div
                0x000000000001028c        0x0 /usr/lib/gcc/avr/4.9.2/avr51/libgcc.a(_exit.o)
 .text.libgcc   0x000000000001028c        0x0 /usr/lib/gcc/avr/4.9.2/avr51/libgcc.a(_exit.o)
 .text.libgcc.prologue
                0x000000000001028c        0x0 /usr/lib/gcc/avr/4.9.2/avr51/libgcc.a(_exit.o)
 .text.libgcc.builtins
                0x000000000001028c        0x0 /usr/lib/gcc/avr/4.9.2/avr51/libgcc.a(_exit.o)
 .text.libgcc.fmul
                0x000000000001028c        0x0 /usr/lib/gcc/avr/4.9.2/avr51/libgcc.a(_exit.o)
 .text.libgcc.fixed
                0x000000000001028c        0x0 /usr/lib/gcc/avr/4.9.2/avr51/libgcc.a(_exit.o)
 .text.libgcc.mul
                0x000000000001028c        0x0 /usr/lib/gcc/avr/4.9.2/avr51/libgcc.a(_copy_data.o)
 .text.libgcc.div
                0x000000000001028c        0x0 /usr/lib/gcc/avr/4.9.2/avr51/libgcc.a(_copy_data.o)
 .text.libgcc   0x000000000001028c        0x0 /usr/lib/gcc/avr/4.9.2/avr51/libgcc.a(_copy_data.o)
 .text.libgcc.prologue
                0x000000000001028c        0x0 /usr/lib/gcc/avr/4.9.2/avr51/libgcc.a(_copy_data.o)
 .text.libgcc.builtins
                0x000000000001028c        0x0 /usr/lib/gcc/avr/4.9.2/avr51/libgcc.a(_copy_data.o)
 .text.libgcc.fmul
                0x000000000001028c        0x0 /usr/lib/gcc/avr/4.9.2/avr51/libgcc.a(_copy_data.o)
 .text.libgcc.fixed
                0x000000000001028c        0x0 /usr/lib/gcc/avr/4.9.2/avr51/libgcc.a(_copy_data.o)
 .text.libgcc.mul
                0x000000000001028c        0x0 /usr/lib/gcc/avr/4.9.2/avr51/libgcc.a(_clear_bss.o)
 .text.libgcc.div
                0x000000000001028c        0x0 /usr/lib/gcc/avr/4.9.2/avr51/libgcc.a(_clear_bss.o)
 .text.libgcc   0x000000000001028c        0x0 /usr/lib/gcc/avr/4.9.2/avr51/libgcc.a(_clear_bss.o)
 .text.libgcc.prologue
                0x000000000001028c        0x0 /usr/lib/gcc/avr/4.9.2/avr51/libgcc.a(_clear_bss.o)
 .text.libgcc.builtins
                0x000000000001028c        0x0 /usr/lib/gcc/avr/4.9.2/avr51/libgcc.a(_clear_bss.o)
 .text.libgcc.fmul
                0x000000000001028c        0x0 /usr/lib/gcc/avr/4.9.2/avr51/libgcc.a(_clear_bss.o)
 .text.libgcc.fixed
                0x000000000001028c        0x0 /usr/lib/gcc/avr/4.9.2/avr51/libgcc.a(_clear_bss.o)
 .text.libgcc.mul
                0x000000000001028c       0x16 /usr/lib/gcc/avr/4.9.2/avr51/libgcc.a(_muluhisi3.o)
                0x000000000001028c                __muluhisi3
 .text.libgcc.div
                0x00000000000102a2        0x0 /usr/lib/gcc/avr/4.9.2/avr51/libgcc.a(_muluhisi3.o)
 .text.libgcc   0x00000000000102a2        0x0 /usr/lib/gcc/avr/4.9.2/avr51/libgcc.a(_muluhisi3.o)
 .text.libgcc.prologue
                0x00000000000102a2        0x0 /usr/lib/gcc/avr/4.9.2/avr51/libgcc.a(_muluhisi3.o)
 .text.libgcc.builtins
                0x00000000000102a2        0x0 /usr/lib/gcc/avr/4.9.2/avr51/libgcc.a(_muluhisi3.o)
 .text.libgcc.fmul
                0x00000000000102a2        0x0 /usr/lib/gcc/avr/4.9.2/avr51/libgcc.a(_muluhisi3.o)
 .text.libgcc.fixed
                0x00000000000102a2        0x0 /usr/lib/gcc/avr/4.9.2/avr51/libgcc.a(_muluhisi3.o)
 .text.libgcc.mul
                0x00000000000102a2        0x0 /usr/lib/gcc/avr/4.9.2/avr51/libgcc.a(_udivmodhi4.o)
 .text.libgcc.div
                0x00000000000102a2       0x28 /usr/lib/gcc/avr/4.9.2/avr51/libgcc.a(_udivmodhi4.o)
                0x00000000000102a2                __udivmodhi4
 .text.libgcc   0x00000000000102ca        0x0 /usr/lib/gcc/avr/4.9.2/avr51/libgcc.a(_udivmodhi4.o)
 .text.libgcc.prologue
                0x00000000000102ca        0x0 /usr/lib/gcc/avr/4.9.2/avr51/libgcc.a(_udivmodhi4.o)
 .text.libgcc.builtins
                0x00000000000102ca        0x0 /usr/lib/gcc/avr/4.9.2/avr51/libgcc.a(_udivmodhi4.o)
 .text.libgcc.fmul
                0x00000000000102ca        0x0 /usr/lib/gcc/avr/4.9.2/avr51/libgcc.a(_udivmodhi4.o)
 .text.libgcc.fixed
                0x00000000000102ca        0x0 /usr/lib/gcc/avr/4.9.2/avr51/libgcc.a(_udivmodhi4.o)
 .text.libgcc.mul
                0x00000000000102ca       0x1e /usr/lib/gcc/avr/4.9.2/avr51/libgcc.a(_umulhisi3.o)
                0x00000000000102ca                __umulhisi3
 .text.libgcc.div
                0x00000000000102e8        0x0 /usr/lib/gcc/avr/4.9.2/avr51/libgcc.a(_umulhisi3.o)
 .text.libgcc   0x00000000000102e8        0x0 /usr/lib/gcc/avr/4.9.2/avr51/libgcc.a(_umulhisi3.o)
 .text.libgcc.prologue
                0x00000000000102e8        0x0 /usr/lib/gcc/avr/4.9.2/avr51/libgcc.a(_umulhisi3.o)
 .text.libgcc.builtins
                0x00000000000102e8        0x0 /usr/lib/gcc/avr/4.9.2/avr51/libgcc.a(_umulhisi3.o)
 .text.libgcc.fmul
                0x00000000000102e8        0x0 /usr/lib/gcc/avr/4.9.2/avr51/libgcc.a(_umulhisi3.o)
 .text.libgcc.fixed
                0x00000000000102e8        0x0 /usr/lib/gcc/avr/4.9.2/avr51/libgcc.a(_umulhisi3.o)
 .text.avr-libc.fplib
                0x00000000000102e8        0xe /usr/lib/gcc/avr/4.9.2/../../../avr/lib/avr51/libm.a(addsf3.o)
                0x00000000000102e8                __subsf3
                0x00000000000102ea                __addsf3
 .text.avr-libc.fplib
                0x00000000000102f6       0xcc /usr/lib/gcc/avr/4.9.2/../../../avr/lib/avr51/libm.a(addsf3x.o)
                0x0000000000010318                __addsf3x
 .text.avr-libc.fplib
                0x00000000000103c2        0xa /usr/lib/gcc/avr/4.9.2/../../../avr/lib/avr51/libm.a(cmpsf2.o)
                0x00000000000103c2                __lesf2
                0x00000000000103c2                __nesf2
                0x00000000000103c2                __eqsf2
                0x00000000000103c2                __cmpsf2
                0x00000000000103c2                __ltsf2
 .text.avr-libc.fplib
                0x00000000000103cc        0x8 /usr/lib/gcc/avr/4.9.2/../../../avr/lib/avr51/libm.a(divsf3.o)
                0x00000000000103cc                __divsf3
 .text.avr-libc.fplib
                0x00000000000103d4       0xdc /usr/lib/gcc/avr/4.9.2/../../../avr/lib/avr51/libm.a(divsf3x.o)
                0x00000000000103f4                __divsf3x
                0x00000000000103fa                __divsf3_pse
 .text.avr-libc.fplib
                0x00000000000104b0        0xe /usr/lib/gcc/avr/4.9.2/../../../avr/lib/avr51/libm.a(fixsfsi.o)
                0x00000000000104b0                __fixsfsi
 .text.avr-libc.fplib
                0x00000000000104be       0x5e /usr/lib/gcc/avr/4.9.2/../../../avr/lib/avr51/libm.a(fixunssfsi.o)
                0x00000000000104be                __fixunssfsi
 .text.avr-libc.fplib
                0x000000000001051c       0x7a /usr/lib/gcc/avr/4.9.2/../../../avr/lib/avr51/libm.a(floatsisf.o)
                0x000000000001051c                __floatunsisf
                0x0000000000010520                __floatsisf
 .text.avr-libc.fplib
                0x0000000000010596       0x48 /usr/lib/gcc/avr/4.9.2/../../../avr/lib/avr51/libm.a(fp_cmp.o)
                0x0000000000010596                __fp_cmp
 .text.avr-libc.fplib
                0x00000000000105de        0xc /usr/lib/gcc/avr/4.9.2/../../../avr/lib/avr51/libm.a(fp_inf.o)
                0x00000000000105de                __fp_inf
 .text.avr-libc.fplib
                0x00000000000105ea        0x6 /usr/lib/gcc/avr/4.9.2/../../../avr/lib/avr51/libm.a(fp_nan.o)
                0x00000000000105ea                __fp_nan
 .text.avr-libc.fplib
                0x00000000000105f0        0xe /usr/lib/gcc/avr/4.9.2/../../../avr/lib/avr51/libm.a(fp_pscA.o)
                0x00000000000105f0                __fp_pscA
 .text.avr-libc.fplib
                0x00000000000105fe        0xe /usr/lib/gcc/avr/4.9.2/../../../avr/lib/avr51/libm.a(fp_pscB.o)
                0x00000000000105fe                __fp_pscB
 .text.avr-libc.fplib
                0x000000000001060c       0x22 /usr/lib/gcc/avr/4.9.2/../../../avr/lib/avr51/libm.a(fp_round.o)
                0x000000000001060c                __fp_round
 .text.avr-libc.fplib
                0x000000000001062e       0x44 /usr/lib/gcc/avr/4.9.2/../../../avr/lib/avr51/libm.a(fp_split3.o)
                0x000000000001062e                __fp_split3
                0x000000000001063e                __fp_splitA
 .text.avr-libc.fplib
                0x0000000000010672        0xe /usr/lib/gcc/avr/4.9.2/../../../avr/lib/avr51/libm.a(fp_zero.o)
                0x0000000000010672                __fp_zero
                0x0000000000010674                __fp_szero
 .text.avr-libc.fplib
                0x0000000000010680        0xa /usr/lib/gcc/avr/4.9.2/../../../avr/lib/avr51/libm.a(gesf2.o)
                0x0000000000010680                __gtsf2
                0x0000000000010680                __gesf2
 .text.avr-libc.fplib
                0x000000000001068a        0x8 /usr/lib/gcc/avr/4.9.2/../../../avr/lib/avr51/libm.a(mulsf3.o)
                0x000000000001068a                __mulsf3
 .text.avr-libc.fplib
                0x0000000000010692       0xd2 /usr/lib/gcc/avr/4.9.2/../../../avr/lib/avr51/libm.a(mulsf3x.o)
                0x00000000000106b0                __mulsf3x
                0x00000000000106b6                __mulsf3_pse
 .text.avr-libc.fplib
                0x0000000000010764       0x48 /usr/lib/gcc/avr/4.9.2/../../../avr/lib/avr51/libm.a(round.o)
                0x0000000000010764                round
 .text.avr-libc.fplib
                0x00000000000107ac       0x36 /usr/lib/gcc/avr/4.9.2/../../../avr/lib/avr51/libm.a(fp_mintl.o)
                0x00000000000107ac                __fp_mintl
 .text.avr-libc.fplib
                0x00000000000107e2       0x1c /usr/lib/gcc/avr/4.9.2/../../../avr/lib/avr51/libm.a(fp_mpack.o)
                0x00000000000107e2                __fp_mpack
                0x00000000000107e6                __fp_mpack_finite
 .text.avr-libc
                0x00000000000107fe       0x40 /usr/lib/gcc/avr/4.9.2/../../../avr/lib/avr51/libc.a(dtostrf.o)
                0x00000000000107fe                dtostrf
 .text.avr-libc
                0x000000000001083e       0x3c /usr/lib/gcc/avr/4.9.2/../../../avr/lib/avr51/libc.a(atoi.o)
                0x000000000001083e                atoi
 .text.avr-libc
                0x000000000001087a       0x10 /usr/lib/gcc/avr/4.9.2/../../../avr/lib/avr51/libc.a(mul10.o)
                0x000000000001087a                __mulhi_const_10
 .text.avr-libc
                0x000000000001088a       0x60 /usr/lib/gcc/avr/4.9.2/../../../avr/lib/avr51/libc.a(sprintf.o)
                0x000000000001088a                sprintf
 .text.avr-libc
                0x00000000000108ea      0x3f6 /usr/lib/gcc/avr/4.9.2/../../../avr/lib/avr51/libc.a(vfprintf_std.o)
                0x00000000000108ea                vfprintf
 .text.avr-libc
                0x0000000000010ce0      0x31c /usr/lib/gcc/avr/4.9.2/../../../avr/lib/avr51/libc.a(dtoa_prf.o)
                0x0000000000010ce0                dtoa_prf
 .text.avr-libc
                0x0000000000010ffc      0x1b0 /usr/lib/gcc/avr/4.9.2/../../../avr/lib/avr51/libc.a(ftoa_engine.o)
                0x0000000000010ffc                __ftoa_engine
 .text.avr-libc
                0x00000000000111ac       0x16 /usr/lib/gcc/avr/4.9.2/../../../avr/lib/avr51/libc.a(strnlen_P.o)
                0x00000000000111ac                strnlen_P
 .text.avr-libc
                0x00000000000111c2       0x16 /usr/lib/gcc/avr/4.9.2/../../../avr/lib/avr51/libc.a(strnlen.o)
                0x00000000000111c2                strnlen
 .text.avr-libc
                0x00000000000111d8       0x70 /usr/lib/gcc/avr/4.9.2/../../../avr/lib/avr51/libc.a(fputc.o)
                0x00000000000111d8                fputc
 .text.avr-libc
                0x0000000000011248       0xbc /usr/lib/gcc/avr/4.9.2/../../../avr/lib/avr51/libc.a(ultoa_invert.o)
                0x0000000000011248                __ultoa_invert
 .text.avr-libc
                0x0000000000011304       0x10 /usr/lib/gcc/avr/4.9.2/../../../avr/lib/avr51/libatmega128.a(eerd_byte.o)
                0x0000000000011304                eeprom_read_byte
 .text.avr-libc
                0x0000000000011314        0xc /usr/lib/gcc/avr/4.9.2/../../../avr/lib/avr51/libatmega128.a(eerd_dword.o)
                0x0000000000011314                eeprom_read_dword
                0x0000000000011314                eeprom_read_float
 .text.avr-libc
                0x0000000000011320        0xc /usr/lib/gcc/avr/4.9.2/../../../avr/lib/avr51/libatmega128.a(eerd_word.o)
                0x0000000000011320                eeprom_read_word
 .text.avr-libc
                0x000000000001132c       0x1a /usr/lib/gcc/avr/4.9.2/../../../avr/lib/avr51/libatmega128.a(eewr_byte.o)
                0x000000000001132c                eeprom_write_byte
                0x000000000001132e                eeprom_write_r18
 .text.avr-libc
                0x0000000000011346       0x10 /usr/lib/gcc/avr/4.9.2/../../../avr/lib/avr51/libatmega128.a(eewr_dword.o)
                0x0000000000011346                eeprom_write_float
                0x0000000000011346                eeprom_write_dword
 .text.avr-libc
                0x0000000000011356        0xa /usr/lib/gcc/avr/4.9.2/../../../avr/lib/avr51/libatmega128.a(eewr_word.o)
                0x0000000000011356                eeprom_write_word
 .text.avr-libc
                0x0000000000011360       0x20 /usr/lib/gcc/avr/4.9.2/../../../avr/lib/avr51/libatmega128.a(eerd_block.o)
                0x0000000000011360                eeprom_read_block
                0x0000000000011364                eeprom_read_blraw
                0x0000000000011380                . = ALIGN (0x2)
 *(.fini9)
 .fini9         0x0000000000011380        0x0 /usr/lib/gcc/avr/4.9.2/avr51/libgcc.a(_exit.o)
                0x0000000000011380                exit
                0x0000000000011380                _exit
 *(.fini9)
 *(.fini8)
 *(.fini8)
 *(.fini7)
 *(.fini7)
 *(.fini6)
 *(.fini6)
 *(.fini5)
 *(.fini5)
 *(.fini4)
 *(.fini4)
 *(.fini3)
 *(.fini3)
 *(.fini2)
 *(.fini2)
 *(.fini1)
 *(.fini1)
 *(.fini0)
 .fini0         0x0000000000011380        0x4 /usr/lib/gcc/avr/4.9.2/avr51/libgcc.a(_exit.o)
 *(.fini0)
                0x0000000000011384                _etext = .

.data           0x0000000000800100      0x170 load address 0x0000000000011384
                0x0000000000800100                PROVIDE (__data_start, .)
 *(.data)
 .data          0x0000000000800100        0x0 /usr/lib/gcc/avr/4.9.2/../../../avr/lib/avr51/crtatmega128.o
 .data          0x0000000000800100        0x0 ./PWM420mA.o
 .data          0x0000000000800100        0x0 ./USART0.o
 .data          0x0000000000800100        0x0 ./alarmas.o
 .data          0x0000000000800100        0x0 ./discretas.o
 .data          0x0000000000800100        0x0 ./display.o
 .data          0x0000000000800100        0x0 ./eeprom.o
 .data          0x0000000000800100        0x0 ./inicioUc.o
 .data          0x0000000000800100        0x0 ./lcd.o
 .data          0x0000000000800100        0x0 ./main.o
 .data          0x0000000000800100        0x0 ./medicion_ADC.o
 .data          0x0000000000800100        0x0 ./terminal.o
 .data          0x0000000000800100        0x0 ./utiles.o
 .data          0x0000000000800100        0x0 /usr/lib/gcc/avr/4.9.2/avr51/libgcc.a(_divmodhi4.o)
 .data          0x0000000000800100        0x0 /usr/lib/gcc/avr/4.9.2/avr51/libgcc.a(_exit.o)
 .data          0x0000000000800100        0x0 /usr/lib/gcc/avr/4.9.2/avr51/libgcc.a(_copy_data.o)
 .data          0x0000000000800100        0x0 /usr/lib/gcc/avr/4.9.2/avr51/libgcc.a(_clear_bss.o)
 .data          0x0000000000800100        0x0 /usr/lib/gcc/avr/4.9.2/avr51/libgcc.a(_muluhisi3.o)
 .data          0x0000000000800100        0x0 /usr/lib/gcc/avr/4.9.2/avr51/libgcc.a(_udivmodhi4.o)
 .data          0x0000000000800100        0x0 /usr/lib/gcc/avr/4.9.2/avr51/libgcc.a(_umulhisi3.o)
 .data          0x0000000000800100        0x0 /usr/lib/gcc/avr/4.9.2/../../../avr/lib/avr51/libm.a(addsf3.o)
 .data          0x0000000000800100        0x0 /usr/lib/gcc/avr/4.9.2/../../../avr/lib/avr51/libm.a(addsf3x.o)
 .data          0x0000000000800100        0x0 /usr/lib/gcc/avr/4.9.2/../../../avr/lib/avr51/libm.a(cmpsf2.o)
 .data          0x0000000000800100        0x0 /usr/lib/gcc/avr/4.9.2/../../../avr/lib/avr51/libm.a(divsf3.o)
 .data          0x0000000000800100        0x0 /usr/lib/gcc/avr/4.9.2/../../../avr/lib/avr51/libm.a(divsf3x.o)
 .data          0x0000000000800100        0x0 /usr/lib/gcc/avr/4.9.2/../../../avr/lib/avr51/libm.a(fixsfsi.o)
 .data          0x0000000000800100        0x0 /usr/lib/gcc/avr/4.9.2/../../../avr/lib/avr51/libm.a(fixunssfsi.o)
 .data          0x0000000000800100        0x0 /usr/lib/gcc/avr/4.9.2/../../../avr/lib/avr51/libm.a(floatsisf.o)
 .data          0x0000000000800100        0x0 /usr/lib/gcc/avr/4.9.2/../../../avr/lib/avr51/libm.a(fp_cmp.o)
 .data          0x0000000000800100        0x0 /usr/lib/gcc/avr/4.9.2/../../../avr/lib/avr51/libm.a(fp_inf.o)
 .data          0x0000000000800100        0x0 /usr/lib/gcc/avr/4.9.2/../../../avr/lib/avr51/libm.a(fp_nan.o)
 .data          0x0000000000800100        0x0 /usr/lib/gcc/avr/4.9.2/../../../avr/lib/avr51/libm.a(fp_pscA.o)
 .data          0x0000000000800100        0x0 /usr/lib/gcc/avr/4.9.2/../../../avr/lib/avr51/libm.a(fp_pscB.o)
 .data          0x0000000000800100        0x0 /usr/lib/gcc/avr/4.9.2/../../../avr/lib/avr51/libm.a(fp_round.o)
 .data          0x0000000000800100        0x0 /usr/lib/gcc/avr/4.9.2/../../../avr/lib/avr51/libm.a(fp_split3.o)
 .data          0x0000000000800100        0x0 /usr/lib/gcc/avr/4.9.2/../../../avr/lib/avr51/libm.a(fp_zero.o)
 .data          0x0000000000800100        0x0 /usr/lib/gcc/avr/4.9.2/../../../avr/lib/avr51/libm.a(gesf2.o)
 .data          0x0000000000800100        0x0 /usr/lib/gcc/avr/4.9.2/../../../avr/lib/avr51/libm.a(mulsf3.o)
 .data          0x0000000000800100        0x0 /usr/lib/gcc/avr/4.9.2/../../../avr/lib/avr51/libm.a(mulsf3x.o)
 .data          0x0000000000800100        0x0 /usr/lib/gcc/avr/4.9.2/../../../avr/lib/avr51/libm.a(round.o)
 .data          0x0000000000800100        0x0 /usr/lib/gcc/avr/4.9.2/../../../avr/lib/avr51/libm.a(fp_mintl.o)
 .data          0x0000000000800100        0x0 /usr/lib/gcc/avr/4.9.2/../../../avr/lib/avr51/libm.a(fp_mpack.o)
 .data          0x0000000000800100        0x0 /usr/lib/gcc/avr/4.9.2/../../../avr/lib/avr51/libc.a(dtostrf.o)
 .data          0x0000000000800100        0x0 /usr/lib/gcc/avr/4.9.2/../../../avr/lib/avr51/libc.a(atoi.o)
 .data          0x0000000000800100        0x0 /usr/lib/gcc/avr/4.9.2/../../../avr/lib/avr51/libc.a(mul10.o)
 .data          0x0000000000800100        0x0 /usr/lib/gcc/avr/4.9.2/../../../avr/lib/avr51/libc.a(sprintf.o)
 .data          0x0000000000800100        0x0 /usr/lib/gcc/avr/4.9.2/../../../avr/lib/avr51/libc.a(vfprintf_std.o)
 .data          0x0000000000800100        0x0 /usr/lib/gcc/avr/4.9.2/../../../avr/lib/avr51/libc.a(dtoa_prf.o)
 .data          0x0000000000800100        0x0 /usr/lib/gcc/avr/4.9.2/../../../avr/lib/avr51/libc.a(ftoa_engine.o)
 .data          0x0000000000800100        0x0 /usr/lib/gcc/avr/4.9.2/../../../avr/lib/avr51/libc.a(strnlen_P.o)
 .data          0x0000000000800100        0x0 /usr/lib/gcc/avr/4.9.2/../../../avr/lib/avr51/libc.a(strnlen.o)
 .data          0x0000000000800100        0x0 /usr/lib/gcc/avr/4.9.2/../../../avr/lib/avr51/libc.a(fputc.o)
 .data          0x0000000000800100        0x0 /usr/lib/gcc/avr/4.9.2/../../../avr/lib/avr51/libc.a(ultoa_invert.o)
 .data          0x0000000000800100        0x0 /usr/lib/gcc/avr/4.9.2/../../../avr/lib/avr51/libatmega128.a(eerd_byte.o)
 .data          0x0000000000800100        0x0 /usr/lib/gcc/avr/4.9.2/../../../avr/lib/avr51/libatmega128.a(eerd_dword.o)
 .data          0x0000000000800100        0x0 /usr/lib/gcc/avr/4.9.2/../../../avr/lib/avr51/libatmega128.a(eerd_word.o)
 .data          0x0000000000800100        0x0 /usr/lib/gcc/avr/4.9.2/../../../avr/lib/avr51/libatmega128.a(eewr_byte.o)
 .data          0x0000000000800100        0x0 /usr/lib/gcc/avr/4.9.2/../../../avr/lib/avr51/libatmega128.a(eewr_dword.o)
 .data          0x0000000000800100        0x0 /usr/lib/gcc/avr/4.9.2/../../../avr/lib/avr51/libatmega128.a(eewr_word.o)
 .data          0x0000000000800100        0x0 /usr/lib/gcc/avr/4.9.2/../../../avr/lib/avr51/libatmega128.a(eerd_block.o)
 *(.data*)
 .data.__cgram  0x0000000000800100       0x40 ./lcd.o
                0x0000000000800100                __cgram
 *(.rodata)
 .rodata        0x0000000000800140        0x7 ./discretas.o
 .rodata        0x0000000000800147       0x53 ./display.o
 .rodata        0x000000000080019a        0xd ./eeprom.o
 .rodata        0x00000000008001a7       0x3d ./medicion_ADC.o
 .rodata        0x00000000008001e4       0x50 ./terminal.o
 *(.rodata*)
 .rodata.uCuentasADCcorrLin
                0x0000000000800234       0x3c ./medicion_ADC.o
                0x0000000000800234                uCuentasADCcorrLin
 *(.gnu.linkonce.d*)
                0x0000000000800270                . = ALIGN (0x2)
                0x0000000000800270                _edata = .
                0x0000000000800270                PROVIDE (__data_end, .)

.bss            0x0000000000800270      0x3bc
                0x0000000000800270                PROVIDE (__bss_start, .)
 *(.bss)
 .bss           0x0000000000800270        0x0 /usr/lib/gcc/avr/4.9.2/../../../avr/lib/avr51/crtatmega128.o
 .bss           0x0000000000800270        0x0 ./PWM420mA.o
 .bss           0x0000000000800270        0x0 ./USART0.o
 .bss           0x0000000000800270        0x0 ./alarmas.o
 .bss           0x0000000000800270        0x0 ./discretas.o
 .bss           0x0000000000800270        0x0 ./display.o
 .bss           0x0000000000800270        0x0 ./eeprom.o
 .bss           0x0000000000800270        0x0 ./inicioUc.o
 .bss           0x0000000000800270        0x0 ./lcd.o
 .bss           0x0000000000800270        0x0 ./main.o
 .bss           0x0000000000800270        0x0 ./medicion_ADC.o
 .bss           0x0000000000800270        0x0 ./terminal.o
 .bss           0x0000000000800270        0x0 ./utiles.o
 .bss           0x0000000000800270        0x0 /usr/lib/gcc/avr/4.9.2/avr51/libgcc.a(_divmodhi4.o)
 .bss           0x0000000000800270        0x0 /usr/lib/gcc/avr/4.9.2/avr51/libgcc.a(_exit.o)
 .bss           0x0000000000800270        0x0 /usr/lib/gcc/avr/4.9.2/avr51/libgcc.a(_copy_data.o)
 .bss           0x0000000000800270        0x0 /usr/lib/gcc/avr/4.9.2/avr51/libgcc.a(_clear_bss.o)
 .bss           0x0000000000800270        0x0 /usr/lib/gcc/avr/4.9.2/avr51/libgcc.a(_muluhisi3.o)
 .bss           0x0000000000800270        0x0 /usr/lib/gcc/avr/4.9.2/avr51/libgcc.a(_udivmodhi4.o)
 .bss           0x0000000000800270        0x0 /usr/lib/gcc/avr/4.9.2/avr51/libgcc.a(_umulhisi3.o)
 .bss           0x0000000000800270        0x0 /usr/lib/gcc/avr/4.9.2/../../../avr/lib/avr51/libm.a(addsf3.o)
 .bss           0x0000000000800270        0x0 /usr/lib/gcc/avr/4.9.2/../../../avr/lib/avr51/libm.a(addsf3x.o)
 .bss           0x0000000000800270        0x0 /usr/lib/gcc/avr/4.9.2/../../../avr/lib/avr51/libm.a(cmpsf2.o)
 .bss           0x0000000000800270        0x0 /usr/lib/gcc/avr/4.9.2/../../../avr/lib/avr51/libm.a(divsf3.o)
 .bss           0x0000000000800270        0x0 /usr/lib/gcc/avr/4.9.2/../../../avr/lib/avr51/libm.a(divsf3x.o)
 .bss           0x0000000000800270        0x0 /usr/lib/gcc/avr/4.9.2/../../../avr/lib/avr51/libm.a(fixsfsi.o)
 .bss           0x0000000000800270        0x0 /usr/lib/gcc/avr/4.9.2/../../../avr/lib/avr51/libm.a(fixunssfsi.o)
 .bss           0x0000000000800270        0x0 /usr/lib/gcc/avr/4.9.2/../../../avr/lib/avr51/libm.a(floatsisf.o)
 .bss           0x0000000000800270        0x0 /usr/lib/gcc/avr/4.9.2/../../../avr/lib/avr51/libm.a(fp_cmp.o)
 .bss           0x0000000000800270        0x0 /usr/lib/gcc/avr/4.9.2/../../../avr/lib/avr51/libm.a(fp_inf.o)
 .bss           0x0000000000800270        0x0 /usr/lib/gcc/avr/4.9.2/../../../avr/lib/avr51/libm.a(fp_nan.o)
 .bss           0x0000000000800270        0x0 /usr/lib/gcc/avr/4.9.2/../../../avr/lib/avr51/libm.a(fp_pscA.o)
 .bss           0x0000000000800270        0x0 /usr/lib/gcc/avr/4.9.2/../../../avr/lib/avr51/libm.a(fp_pscB.o)
 .bss           0x0000000000800270        0x0 /usr/lib/gcc/avr/4.9.2/../../../avr/lib/avr51/libm.a(fp_round.o)
 .bss           0x0000000000800270        0x0 /usr/lib/gcc/avr/4.9.2/../../../avr/lib/avr51/libm.a(fp_split3.o)
 .bss           0x0000000000800270        0x0 /usr/lib/gcc/avr/4.9.2/../../../avr/lib/avr51/libm.a(fp_zero.o)
 .bss           0x0000000000800270        0x0 /usr/lib/gcc/avr/4.9.2/../../../avr/lib/avr51/libm.a(gesf2.o)
 .bss           0x0000000000800270        0x0 /usr/lib/gcc/avr/4.9.2/../../../avr/lib/avr51/libm.a(mulsf3.o)
 .bss           0x0000000000800270        0x0 /usr/lib/gcc/avr/4.9.2/../../../avr/lib/avr51/libm.a(mulsf3x.o)
 .bss           0x0000000000800270        0x0 /usr/lib/gcc/avr/4.9.2/../../../avr/lib/avr51/libm.a(round.o)
 .bss           0x0000000000800270        0x0 /usr/lib/gcc/avr/4.9.2/../../../avr/lib/avr51/libm.a(fp_mintl.o)
 .bss           0x0000000000800270        0x0 /usr/lib/gcc/avr/4.9.2/../../../avr/lib/avr51/libm.a(fp_mpack.o)
 .bss           0x0000000000800270        0x0 /usr/lib/gcc/avr/4.9.2/../../../avr/lib/avr51/libc.a(dtostrf.o)
 .bss           0x0000000000800270        0x0 /usr/lib/gcc/avr/4.9.2/../../../avr/lib/avr51/libc.a(atoi.o)
 .bss           0x0000000000800270        0x0 /usr/lib/gcc/avr/4.9.2/../../../avr/lib/avr51/libc.a(mul10.o)
 .bss           0x0000000000800270        0x0 /usr/lib/gcc/avr/4.9.2/../../../avr/lib/avr51/libc.a(sprintf.o)
 .bss           0x0000000000800270        0x0 /usr/lib/gcc/avr/4.9.2/../../../avr/lib/avr51/libc.a(vfprintf_std.o)
 .bss           0x0000000000800270        0x0 /usr/lib/gcc/avr/4.9.2/../../../avr/lib/avr51/libc.a(dtoa_prf.o)
 .bss           0x0000000000800270        0x0 /usr/lib/gcc/avr/4.9.2/../../../avr/lib/avr51/libc.a(ftoa_engine.o)
 .bss           0x0000000000800270        0x0 /usr/lib/gcc/avr/4.9.2/../../../avr/lib/avr51/libc.a(strnlen_P.o)
 .bss           0x0000000000800270        0x0 /usr/lib/gcc/avr/4.9.2/../../../avr/lib/avr51/libc.a(strnlen.o)
 .bss           0x0000000000800270        0x0 /usr/lib/gcc/avr/4.9.2/../../../avr/lib/avr51/libc.a(fputc.o)
 .bss           0x0000000000800270        0x0 /usr/lib/gcc/avr/4.9.2/../../../avr/lib/avr51/libc.a(ultoa_invert.o)
 .bss           0x0000000000800270        0x0 /usr/lib/gcc/avr/4.9.2/../../../avr/lib/avr51/libatmega128.a(eerd_byte.o)
 .bss           0x0000000000800270        0x0 /usr/lib/gcc/avr/4.9.2/../../../avr/lib/avr51/libatmega128.a(eerd_dword.o)
 .bss           0x0000000000800270        0x0 /usr/lib/gcc/avr/4.9.2/../../../avr/lib/avr51/libatmega128.a(eerd_word.o)
 .bss           0x0000000000800270        0x0 /usr/lib/gcc/avr/4.9.2/../../../avr/lib/avr51/libatmega128.a(eewr_byte.o)
 .bss           0x0000000000800270        0x0 /usr/lib/gcc/avr/4.9.2/../../../avr/lib/avr51/libatmega128.a(eewr_dword.o)
 .bss           0x0000000000800270        0x0 /usr/lib/gcc/avr/4.9.2/../../../avr/lib/avr51/libatmega128.a(eewr_word.o)
 .bss           0x0000000000800270        0x0 /usr/lib/gcc/avr/4.9.2/../../../avr/lib/avr51/libatmega128.a(eerd_block.o)
 *(.bss*)
 *(COMMON)
 COMMON         0x0000000000800270        0xf ./PWM420mA.o
                0x0000000000800270                flCorrienteObjetivo
                0x0000000000800274                uGananciaPWM1
                0x0000000000800276                uchEstadoPWM420mA
                0x0000000000800277                uGananciaPWM2
                0x0000000000800279                deltaOCR
                0x000000000080027b                flDeltaI
 COMMON         0x000000000080027f      0x19c ./USART0.o
                0x000000000080027f                uContTimeoutEsperaUSART0
                0x0000000000800281                chBufferRx_USART0
                0x0000000000800349                uchEstadoRecepcionUSART0
                0x000000000080034a                uchContAuxTx_USART0
                0x000000000080034b                uContTimeoutLecturaRxUSART0
                0x000000000080034d                uContTimeoutRxUSART0
                0x000000000080034f                uContTimeoutTxUSART0
                0x0000000000800351                uchContAuxRx_USART0
                0x0000000000800352                uchEstadoBufferRx_USART0
                0x0000000000800353                chBufferTx_USART0
 COMMON         0x000000000080041b       0x17 ./alarmas.o
                0x000000000080041b                uContTiempoAlarmaCond1
                0x000000000080041d                uTiempoAlarmaCond1
                0x000000000080041f                uTiempoSilenciarAlarma
                0x0000000000800421                flValorAlarmaCond2
                0x0000000000800425                uContTiempoAlarmaCond2
                0x0000000000800427                OnOffAlarmas
                0x0000000000800429                ulContTiempoSilenciarAlarma
                0x000000000080042b                uchEstadoAlarmas
                0x000000000080042c                flValorAlarmaCond1
                0x0000000000800430                uTiempoAlarmaCond2
 COMMON         0x0000000000800432       0x15 ./discretas.o
                0x0000000000800432                uValorIntegracionEntradas
                0x0000000000800438                uchEstadoLeerEntradas
                0x0000000000800439                uFlagEntradasLiberadas
                0x000000000080043b                uTiempoIntegracionEntradas
                0x000000000080043d                uEstadoEntradas
                0x000000000080043f                uEstadoEntradasInstantaneas
                0x0000000000800441                chPrintEntradas
                0x0000000000800442                uFlagEntradasActivadas
                0x0000000000800444                chPrintSalidas
                0x0000000000800445                uTimeoutEntradas
 COMMON         0x0000000000800447       0x1b ./display.o
                0x0000000000800447                uContDisplay
                0x0000000000800449                uContDisplayON
                0x000000000080044b                chBuffer
                0x000000000080045c                chDisplayInstalado
                0x000000000080045d                uchEstadoDisplay
                0x000000000080045e                indexDisplay
                0x0000000000800460                uContDisplayOFF
 COMMON         0x0000000000800462       0x80 ./eeprom.o
                0x0000000000800462                uRangoCond1_Eeprom_BK
                0x0000000000800464                uRangoCond1_Eeprom
                0x0000000000800466                chNumeroSerie_Eeprom
                0x0000000000800470                flPWM1aMA_Eeprom
                0x0000000000800474                uMuestrasADCpwm2_Eeprom
                0x0000000000800476                flOffsetCond2_Eeprom_BK
                0x000000000080047a                uTiempoSilenciarAlarma_Eeprom_BK
                0x000000000080047c                flValorAlarmaCond1_Eeprom
                0x0000000000800480                flValorAlarmaCond1_Eeprom_BK
                0x0000000000800484                flCond2auS_Eeprom
                0x0000000000800488                uGananciaPWM2_Eeprom_BK
                0x000000000080048a                uMuestrasADCcond1_Eeprom_BK
                0x000000000080048c                flCond2auS_Eeprom_BK
                0x0000000000800490                uMuestrasADCpwm1_Eeprom
                0x0000000000800492                flValorAlarmaCond2_Eeprom
                0x0000000000800496                uMuestrasADCpwm2_Eeprom_BK
                0x0000000000800498                uRangoCond2_Eeprom
                0x000000000080049a                uMuestrasADCcond1_Eeprom
                0x000000000080049c                uMuestrasADCcond2_Eeprom_BK
                0x000000000080049e                flValorAlarmaCond2_Eeprom_BK
                0x00000000008004a2                uGananciaPWM2_Eeprom
                0x00000000008004a4                chNumeroSerie_Eeprom_BK
                0x00000000008004ae                flPWM2aMA_Eeprom
                0x00000000008004b2                uGananciaPWM1_Eeprom
                0x00000000008004b4                flPWM2aMA_Eeprom_BK
                0x00000000008004b8                uRangoCond2_Eeprom_BK
                0x00000000008004ba                uGananciaPWM1_Eeprom_BK
                0x00000000008004bc                flCond1auS_Eeprom_BK
                0x00000000008004c0                flOffsetCond1_Eeprom
                0x00000000008004c4                uMuestrasADCpwm1_Eeprom_BK
                0x00000000008004c6                uTiempoAlarmaCond1_Eeprom
                0x00000000008004c8                uMuestrasADCcond2_Eeprom
                0x00000000008004ca                flPWM1aMA_Eeprom_BK
                0x00000000008004ce                uTiempoAlarmaCond1_Eeprom_BK
                0x00000000008004d0                flOffsetCond2_Eeprom
                0x00000000008004d4                uTiempoAlarmaCond2_Eeprom_BK
                0x00000000008004d6                flOffsetCond1_Eeprom_BK
                0x00000000008004da                uTiempoAlarmaCond2_Eeprom
                0x00000000008004dc                uTiempoSilenciarAlarma_Eeprom
                0x00000000008004de                flCond1auS_Eeprom
 COMMON         0x00000000008004e2        0x5 ./inicioUc.o
                0x00000000008004e2                chBuzzerModo
                0x00000000008004e3                uContBuzzerOFF
                0x00000000008004e5                uContBuzzerON
 COMMON         0x00000000008004e7      0x138 ./medicion_ADC.o
                0x00000000008004e7                cond1MaxUs
                0x00000000008004e9                uRangoCond1
                0x00000000008004eb                uchEstadoADC
                0x00000000008004ec                chADCprint
                0x00000000008004ed                flCond2valoruS
                0x00000000008004f1                uContMuestrasADC
                0x00000000008004f3                uValorADCcond1
                0x00000000008004f5                chValorNuevoCond1
                0x00000000008004f6                uMuestrasADCcond2
                0x00000000008004f8                flOffsetCond1
                0x00000000008004fc                chValorNuevoPWM2
                0x00000000008004fd                uMuestrasADCpwm1
                0x00000000008004ff                cond1MinUs
                0x0000000000800501                uMuestrasADCcond1
                0x0000000000800503                flOffsetCond2
                0x0000000000800507                uValorADCcond2
                0x0000000000800509                flPWM1aMA
                0x000000000080050d                flCond1auS
                0x0000000000800511                flCond1valoruS
                0x0000000000800515                cond2MinUs
                0x0000000000800517                chValorNuevoCond2
                0x0000000000800518                uMuestrasADCpwm2
                0x000000000080051a                chValorNuevoPWM1
                0x000000000080051b                flCond1Factor
                0x0000000000800593                flCond2auS
                0x0000000000800597                flPWM2aMA
                0x000000000080059b                flCond2Factor
                0x0000000000800613                flPWM1valorMA
                0x0000000000800617                flPWM2valorMA
                0x000000000080061b                cond2MaxUs
                0x000000000080061d                uRangoCond2
 COMMON         0x000000000080061f        0xd ./terminal.o
                0x000000000080061f                chNumeroSerie
                0x0000000000800629                uchEstadoTerminal
                0x000000000080062a                auxIndexTerminal
                0x000000000080062c                PROVIDE (__bss_end, .)
                0x0000000000011384                __data_load_start = LOADADDR (.data)
                0x00000000000114f4                __data_load_end = (__data_load_start + SIZEOF (.data))

.noinit         0x000000000080062c        0x0
                0x000000000080062c                PROVIDE (__noinit_start, .)
 *(.noinit*)
                0x000000000080062c                PROVIDE (__noinit_end, .)
                0x000000000080062c                _end = .
                0x000000000080062c                PROVIDE (__heap_start, .)

.eeprom         0x0000000000810000       0x14
 *(.eeprom*)
 .eeprom        0x0000000000810000       0x14 ./eeprom.o
                0x0000000000810000                uChecksumGeneral_Eeprom
                0x0000000000810002                uChecksumGeneral_Eeprom_BK
                0x0000000000810004                uChecksumAlarmas_Eeprom
                0x0000000000810006                uChecksumAlarmas_Eeprom_BK
                0x0000000000810008                uChecksumADC_Eeprom
                0x000000000081000a                uChecksumADC_Eeprom_BK
                0x000000000081000c                uChecksumPWM_Eeprom
                0x000000000081000e                uChecksumPWM_Eeprom_BK
                0x0000000000810010                flDireccionVaciaEeprom
                0x0000000000810014                __eeprom_end = .

.fuse
 *(.fuse)
 *(.lfuse)
 *(.hfuse)
 *(.efuse)

.lock
 *(.lock*)

.signature
 *(.signature*)

.user_signatures
 *(.user_signatures*)

.stab           0x0000000000000000     0xd47c
 *(.stab)
 .stab          0x0000000000000000      0x978 ./PWM420mA.o
 .stab          0x0000000000000978      0xd68 ./USART0.o
                                        0xf90 (size before relaxing)
 .stab          0x00000000000016e0      0x5a0 ./alarmas.o
                                        0x804 (size before relaxing)
 .stab          0x0000000000001c80      0x87c ./discretas.o
                                        0xab0 (size before relaxing)
 .stab          0x00000000000024fc      0xa74 ./display.o
                                        0xcd8 (size before relaxing)
 .stab          0x0000000000002f70     0x2604 ./eeprom.o
                                       0x2850 (size before relaxing)
 .stab          0x0000000000005574      0x558 ./inicioUc.o
                                        0x72c (size before relaxing)
 .stab          0x0000000000005acc     0x21e4 ./lcd.o
                                       0x23ac (size before relaxing)
 .stab          0x0000000000007cb0      0x8b8 ./main.o
                                        0xb28 (size before relaxing)
 .stab          0x0000000000008568     0x13d4 ./medicion_ADC.o
                                       0x1650 (size before relaxing)
 .stab          0x000000000000993c     0x30b4 ./terminal.o
                                       0x3330 (size before relaxing)
 .stab          0x000000000000c9f0      0xa8c ./utiles.o
                                        0xc60 (size before relaxing)

.stabstr        0x0000000000000000     0x3492
 *(.stabstr)
 .stabstr       0x0000000000000000     0x3492 ./PWM420mA.o

.stab.excl
 *(.stab.excl)

.stab.exclstr
 *(.stab.exclstr)

.stab.index
 *(.stab.index)

.stab.indexstr
 *(.stab.indexstr)

.comment        0x0000000000000000       0x11
 *(.comment)
 .comment       0x0000000000000000       0x11 ./PWM420mA.o
                                         0x12 (size before relaxing)
 .comment       0x0000000000000011       0x12 ./USART0.o
 .comment       0x0000000000000011       0x12 ./alarmas.o
 .comment       0x0000000000000011       0x12 ./discretas.o
 .comment       0x0000000000000011       0x12 ./display.o
 .comment       0x0000000000000011       0x12 ./eeprom.o
 .comment       0x0000000000000011       0x12 ./inicioUc.o
 .comment       0x0000000000000011       0x12 ./lcd.o
 .comment       0x0000000000000011       0x12 ./main.o
 .comment       0x0000000000000011       0x12 ./medicion_ADC.o
 .comment       0x0000000000000011       0x12 ./terminal.o
 .comment       0x0000000000000011       0x12 ./utiles.o
 .comment       0x0000000000000011       0x12 /usr/lib/gcc/avr/4.9.2/../../../avr/lib/avr51/libc.a(dtostrf.o)
 .comment       0x0000000000000011       0x12 /usr/lib/gcc/avr/4.9.2/../../../avr/lib/avr51/libc.a(sprintf.o)
 .comment       0x0000000000000011       0x12 /usr/lib/gcc/avr/4.9.2/../../../avr/lib/avr51/libc.a(vfprintf_std.o)
 .comment       0x0000000000000011       0x12 /usr/lib/gcc/avr/4.9.2/../../../avr/lib/avr51/libc.a(dtoa_prf.o)
 .comment       0x0000000000000011       0x12 /usr/lib/gcc/avr/4.9.2/../../../avr/lib/avr51/libc.a(fputc.o)

.note.gnu.avr.deviceinfo
                0x0000000000000000       0x3c
 .note.gnu.avr.deviceinfo
                0x0000000000000000       0x3c /usr/lib/gcc/avr/4.9.2/../../../avr/lib/avr51/crtatmega128.o

.note.gnu.build-id
 *(.note.gnu.build-id)

.debug
 *(.debug)

.line
 *(.line)

.debug_srcinfo
 *(.debug_srcinfo)

.debug_sfnames
 *(.debug_sfnames)

.debug_aranges
 *(.debug_aranges)

.debug_pubnames
 *(.debug_pubnames)

.debug_info
 *(.debug_info .gnu.linkonce.wi.*)

.debug_abbrev
 *(.debug_abbrev)

.debug_line
 *(.debug_line .debug_line.* .debug_line_end)

.debug_frame
 *(.debug_frame)

.debug_str
 *(.debug_str)

.debug_loc
 *(.debug_loc)

.debug_macinfo
 *(.debug_macinfo)

.debug_weaknames
 *(.debug_weaknames)

.debug_funcnames
 *(.debug_funcnames)

.debug_typenames
 *(.debug_typenames)

.debug_varnames
 *(.debug_varnames)

.debug_pubtypes
 *(.debug_pubtypes)

.debug_ranges
 *(.debug_ranges)

.debug_macro
 *(.debug_macro)
OUTPUT(conductimetro.elf elf32-avr)
LOAD linker stubs
