Archive member included to satisfy reference by file (symbol)

/usr/lib/gcc/avr/4.9.2/avr51/libgcc.a(_divmodhi4.o)
                              ./lcd.o (__divmodhi4)
/usr/lib/gcc/avr/4.9.2/avr51/libgcc.a(_exit.o)
                              /usr/lib/gcc/avr/4.9.2/../../../avr/lib/avr51/crtatmega128.o (exit)
/usr/lib/gcc/avr/4.9.2/avr51/libgcc.a(_tablejump2.o)
                              ./medicion_ADC.o (__tablejump2__)
/usr/lib/gcc/avr/4.9.2/avr51/libgcc.a(_copy_data.o)
                              ./discretas.o (__do_copy_data)
/usr/lib/gcc/avr/4.9.2/avr51/libgcc.a(_clear_bss.o)
                              ./PWM420mA.o (__do_clear_bss)
/usr/lib/gcc/avr/4.9.2/avr51/libgcc.a(_umulhisi3.o)
                              ./alarmas.o (__umulhisi3)
/usr/lib/gcc/avr/4.9.2/avr51/libgcc.a(_udivmodhi4.o)
                              /usr/lib/gcc/avr/4.9.2/avr51/libgcc.a(_divmodhi4.o) (__udivmodhi4)
/usr/lib/gcc/avr/4.9.2/../../../avr/lib/avr51/libm.a(addsf3.o)
                              ./PWM420mA.o (__subsf3)
/usr/lib/gcc/avr/4.9.2/../../../avr/lib/avr51/libm.a(addsf3x.o)
                              /usr/lib/gcc/avr/4.9.2/../../../avr/lib/avr51/libm.a(addsf3.o) (__addsf3x)
/usr/lib/gcc/avr/4.9.2/../../../avr/lib/avr51/libm.a(cmpsf2.o)
                              ./eeprom.o (__eqsf2)
/usr/lib/gcc/avr/4.9.2/../../../avr/lib/avr51/libm.a(divsf3.o)
                              ./PWM420mA.o (__divsf3)
/usr/lib/gcc/avr/4.9.2/../../../avr/lib/avr51/libm.a(divsf3x.o)
                              /usr/lib/gcc/avr/4.9.2/../../../avr/lib/avr51/libm.a(divsf3.o) (__divsf3x)
/usr/lib/gcc/avr/4.9.2/../../../avr/lib/avr51/libm.a(fixsfsi.o)
                              ./PWM420mA.o (__fixsfsi)
/usr/lib/gcc/avr/4.9.2/../../../avr/lib/avr51/libm.a(fixunssfsi.o)
                              /usr/lib/gcc/avr/4.9.2/../../../avr/lib/avr51/libm.a(fixsfsi.o) (__fixunssfsi)
/usr/lib/gcc/avr/4.9.2/../../../avr/lib/avr51/libm.a(floatsisf.o)
                              ./PWM420mA.o (__floatunsisf)
/usr/lib/gcc/avr/4.9.2/../../../avr/lib/avr51/libm.a(fp_cmp.o)
                              /usr/lib/gcc/avr/4.9.2/../../../avr/lib/avr51/libm.a(cmpsf2.o) (__fp_cmp)
/usr/lib/gcc/avr/4.9.2/../../../avr/lib/avr51/libm.a(fp_inf.o)
                              /usr/lib/gcc/avr/4.9.2/../../../avr/lib/avr51/libm.a(addsf3x.o) (__fp_inf)
/usr/lib/gcc/avr/4.9.2/../../../avr/lib/avr51/libm.a(fp_nan.o)
                              /usr/lib/gcc/avr/4.9.2/../../../avr/lib/avr51/libm.a(addsf3x.o) (__fp_nan)
/usr/lib/gcc/avr/4.9.2/../../../avr/lib/avr51/libm.a(fp_pscA.o)
                              /usr/lib/gcc/avr/4.9.2/../../../avr/lib/avr51/libm.a(addsf3x.o) (__fp_pscA)
/usr/lib/gcc/avr/4.9.2/../../../avr/lib/avr51/libm.a(fp_pscB.o)
                              /usr/lib/gcc/avr/4.9.2/../../../avr/lib/avr51/libm.a(addsf3x.o) (__fp_pscB)
/usr/lib/gcc/avr/4.9.2/../../../avr/lib/avr51/libm.a(fp_round.o)
                              /usr/lib/gcc/avr/4.9.2/../../../avr/lib/avr51/libm.a(addsf3.o) (__fp_round)
/usr/lib/gcc/avr/4.9.2/../../../avr/lib/avr51/libm.a(fp_split3.o)
                              /usr/lib/gcc/avr/4.9.2/../../../avr/lib/avr51/libm.a(addsf3x.o) (__fp_split3)
/usr/lib/gcc/avr/4.9.2/../../../avr/lib/avr51/libm.a(fp_zero.o)
                              /usr/lib/gcc/avr/4.9.2/../../../avr/lib/avr51/libm.a(addsf3x.o) (__fp_zero)
/usr/lib/gcc/avr/4.9.2/../../../avr/lib/avr51/libm.a(gesf2.o)
                              ./PWM420mA.o (__gtsf2)
/usr/lib/gcc/avr/4.9.2/../../../avr/lib/avr51/libm.a(mulsf3.o)
                              ./PWM420mA.o (__mulsf3)
/usr/lib/gcc/avr/4.9.2/../../../avr/lib/avr51/libm.a(mulsf3x.o)
                              /usr/lib/gcc/avr/4.9.2/../../../avr/lib/avr51/libm.a(mulsf3.o) (__mulsf3x)
/usr/lib/gcc/avr/4.9.2/../../../avr/lib/avr51/libm.a(round.o)
                              ./PWM420mA.o (round)
/usr/lib/gcc/avr/4.9.2/../../../avr/lib/avr51/libm.a(fp_mintl.o)
                              /usr/lib/gcc/avr/4.9.2/../../../avr/lib/avr51/libm.a(round.o) (__fp_mintl)
/usr/lib/gcc/avr/4.9.2/../../../avr/lib/avr51/libm.a(fp_mpack.o)
                              /usr/lib/gcc/avr/4.9.2/../../../avr/lib/avr51/libm.a(round.o) (__fp_mpack)
/usr/lib/gcc/avr/4.9.2/../../../avr/lib/avr51/libc.a(dtostrf.o)
                              ./USART0.o (dtostrf)
/usr/lib/gcc/avr/4.9.2/../../../avr/lib/avr51/libc.a(atoi.o)
                              ./terminal.o (atoi)
/usr/lib/gcc/avr/4.9.2/../../../avr/lib/avr51/libc.a(strcpy.o)
                              ./discretas.o (strcpy)
/usr/lib/gcc/avr/4.9.2/../../../avr/lib/avr51/libc.a(mul10.o)
                              /usr/lib/gcc/avr/4.9.2/../../../avr/lib/avr51/libc.a(atoi.o) (__mulhi_const_10)
/usr/lib/gcc/avr/4.9.2/../../../avr/lib/avr51/libc.a(sprintf.o)
                              ./discretas.o (sprintf)
/usr/lib/gcc/avr/4.9.2/../../../avr/lib/avr51/libc.a(vfprintf_std.o)
                              /usr/lib/gcc/avr/4.9.2/../../../avr/lib/avr51/libc.a(sprintf.o) (vfprintf)
/usr/lib/gcc/avr/4.9.2/../../../avr/lib/avr51/libc.a(dtoa_prf.o)
                              /usr/lib/gcc/avr/4.9.2/../../../avr/lib/avr51/libc.a(dtostrf.o) (dtoa_prf)
/usr/lib/gcc/avr/4.9.2/../../../avr/lib/avr51/libc.a(ftoa_engine.o)
                              /usr/lib/gcc/avr/4.9.2/../../../avr/lib/avr51/libc.a(dtoa_prf.o) (__ftoa_engine)
/usr/lib/gcc/avr/4.9.2/../../../avr/lib/avr51/libc.a(strnlen_P.o)
                              /usr/lib/gcc/avr/4.9.2/../../../avr/lib/avr51/libc.a(vfprintf_std.o) (strnlen_P)
/usr/lib/gcc/avr/4.9.2/../../../avr/lib/avr51/libc.a(strnlen.o)
                              /usr/lib/gcc/avr/4.9.2/../../../avr/lib/avr51/libc.a(vfprintf_std.o) (strnlen)
/usr/lib/gcc/avr/4.9.2/../../../avr/lib/avr51/libc.a(fputc.o)
                              /usr/lib/gcc/avr/4.9.2/../../../avr/lib/avr51/libc.a(vfprintf_std.o) (fputc)
/usr/lib/gcc/avr/4.9.2/../../../avr/lib/avr51/libc.a(ultoa_invert.o)
                              /usr/lib/gcc/avr/4.9.2/../../../avr/lib/avr51/libc.a(vfprintf_std.o) (__ultoa_invert)
/usr/lib/gcc/avr/4.9.2/../../../avr/lib/avr51/libatmega128.a(eerd_byte.o)
                              ./eeprom.o (eeprom_read_byte)
/usr/lib/gcc/avr/4.9.2/../../../avr/lib/avr51/libatmega128.a(eerd_dword.o)
                              ./eeprom.o (eeprom_read_float)
/usr/lib/gcc/avr/4.9.2/../../../avr/lib/avr51/libatmega128.a(eerd_word.o)
                              ./eeprom.o (eeprom_read_word)
/usr/lib/gcc/avr/4.9.2/../../../avr/lib/avr51/libatmega128.a(eewr_byte.o)
                              ./eeprom.o (eeprom_write_byte)
/usr/lib/gcc/avr/4.9.2/../../../avr/lib/avr51/libatmega128.a(eewr_dword.o)
                              ./eeprom.o (eeprom_write_float)
/usr/lib/gcc/avr/4.9.2/../../../avr/lib/avr51/libatmega128.a(eewr_word.o)
                              ./eeprom.o (eeprom_write_word)
/usr/lib/gcc/avr/4.9.2/../../../avr/lib/avr51/libatmega128.a(eerd_block.o)
                              /usr/lib/gcc/avr/4.9.2/../../../avr/lib/avr51/libatmega128.a(eerd_dword.o) (eeprom_read_blraw)

Allocating common symbols
Common symbol       size              file

uValorIntegracionEntradas
                    0x6               ./discretas.o
cond1MaxUs          0x2               ./medicion_ADC.o
uContDisplay        0x2               ./display.o
flCorrienteObjetivo
                    0x4               ./PWM420mA.o
uchEstadoLeerEntradas
                    0x1               ./discretas.o
uContTimeoutTxUSART1
                    0x2               ./USART1.o
uRangoCond1         0x2               ./medicion_ADC.o
uContTimeoutEsperaUSART0
                    0x2               ./USART0.o
chBufferRx_USART0   0xc8              ./USART0.o
uchEstadoRecepcionUSART1
                    0x1               ./USART1.o
uchEstadoADC        0x1               ./medicion_ADC.o
uFlagEntradasLiberadas
                    0x2               ./discretas.o
chADCprint          0x1               ./medicion_ADC.o
uTiempoIntegracionEntradas
                    0x2               ./discretas.o
flCond2valoruS      0x4               ./medicion_ADC.o
uContDisplayON      0x2               ./display.o
chBuffer            0x15              ./display.o
uContTiempoAlarmaCond1
                    0x2               ./alarmas.o
chDisplayInstalado  0x1               ./display.o
uMuestrasADCcond2   0x2               ./medicion_ADC.o
uTiempoAlarmaCond1  0x2               ./alarmas.o
chNumeroSerie       0x6               ./terminal.o
uEstadoEntradas     0x2               ./discretas.o
chValorNuevoPWM2    0x1               ./medicion_ADC.o
uTiempoSilenciarAlarma
                    0x2               ./alarmas.o
uGananciaPWM1       0x2               ./PWM420mA.o
uchEstadoDisplay    0x1               ./display.o
uchEstadoPWM420mA   0x1               ./PWM420mA.o
uMuestrasADCpwm1    0x2               ./medicion_ADC.o
uchEstadoBufferRx_USART1
                    0x1               ./USART1.o
uEstadoEntradasInstantaneas
                    0x2               ./discretas.o
cond1MinUs          0x2               ./medicion_ADC.o
uGananciaPWM2       0x2               ./PWM420mA.o
uMuestrasADCcond1   0x2               ./medicion_ADC.o
flOffsetADCcond1    0x4               ./medicion_ADC.o
uchEstadoTerminal   0x1               ./terminal.o
flValorAlarmaCond2  0x4               ./alarmas.o
chPrintEntradas     0x1               ./discretas.o
uchEstadoRecepcionUSART0
                    0x1               ./USART0.o
uchEstadoTransmisionUSART1
                    0x1               ./USART1.o
uchContAuxTx_USART1
                    0x1               ./USART1.o
uFlagEntradasActivadas
                    0x2               ./discretas.o
flOffsetADCcond2    0x4               ./medicion_ADC.o
uchContAuxTx_USART0
                    0x1               ./USART0.o
uContTimeoutLecturaRxUSART0
                    0x2               ./USART0.o
flPWM1aMA           0x4               ./medicion_ADC.o
flCond1auS          0x4               ./medicion_ADC.o
chBufferTx_USART1   0x64              ./USART1.o
flCond1valoruS      0x4               ./medicion_ADC.o
cond2MinUs          0x2               ./medicion_ADC.o
uContTiempoAlarmaCond2
                    0x2               ./alarmas.o
uContTimeoutRxUSART0
                    0x2               ./USART0.o
chPrintSalidas      0x1               ./discretas.o
OnOffAlarmas        0x2               ./alarmas.o
deltaOCR            0x2               ./PWM420mA.o
chBuzzerModo        0x1               ./inicioUc.o
ulContTiempoSilenciarAlarma
                    0x4               ./alarmas.o
uMuestrasADCpwm2    0x2               ./medicion_ADC.o
chValorNuevoPWM1    0x1               ./medicion_ADC.o
uContBuzzerOFF      0x2               ./inicioUc.o
flValorADCcond1     0x4               ./medicion_ADC.o
flCond1Factor       0x7c              ./medicion_ADC.o
uchEstadoAlarmas    0x1               ./alarmas.o
uchEstadoBufferTx_USART1
                    0x1               ./USART1.o
flCond2auS          0x4               ./medicion_ADC.o
flDeltaI            0x4               ./PWM420mA.o
uchContAuxRx_USART0
                    0x1               ./USART0.o
uContTimeoutLecturaRxUSART1
                    0x2               ./USART1.o
flPWM2aMA           0x4               ./medicion_ADC.o
flCond2Factor       0x7c              ./medicion_ADC.o
flValorADCcond2     0x4               ./medicion_ADC.o
uContBuzzerON       0x2               ./inicioUc.o
flPWM1valorMA       0x4               ./medicion_ADC.o
chBufferRx_USART1   0x64              ./USART1.o
uTimeoutEntradas    0x2               ./discretas.o
flPWM2valorMA       0x4               ./medicion_ADC.o
uContTimeoutRxUSART1
                    0x2               ./USART1.o
flValorAlarmaCond1  0x4               ./alarmas.o
auxIndexTerminal    0x2               ./terminal.o
uchContAuxRx_USART1
                    0x1               ./USART1.o
uContDisplayOFF     0x2               ./display.o
uTiempoAlarmaCond2  0x2               ./alarmas.o
cond2MaxUs          0x2               ./medicion_ADC.o
uRangoCond2         0x2               ./medicion_ADC.o
uchEstadoBufferRx_USART0
                    0x1               ./USART0.o
chBufferTx_USART0   0xc8              ./USART0.o

Memory Configuration

Name             Origin             Length             Attributes
text             0x0000000000000000 0x0000000000020000 xr
data             0x0000000000800100 0x000000000000ff00 rw !x
eeprom           0x0000000000810000 0x0000000000010000 rw !x
fuse             0x0000000000820000 0x0000000000000400 rw !x
lock             0x0000000000830000 0x0000000000000400 rw !x
signature        0x0000000000840000 0x0000000000000400 rw !x
user_signatures  0x0000000000850000 0x0000000000000400 rw !x
*default*        0x0000000000000000 0xffffffffffffffff

Linker script and memory map

Address of section .data set to 0x800100
LOAD /usr/lib/gcc/avr/4.9.2/../../../avr/lib/avr51/crtatmega128.o
LOAD ./PWM420mA.o
LOAD ./USART0.o
LOAD ./USART1.o
LOAD ./alarmas.o
LOAD ./discretas.o
LOAD ./display.o
LOAD ./eeprom.o
LOAD ./inicioUc.o
LOAD ./lcd.o
LOAD ./main.o
LOAD ./medicion_ADC.o
LOAD ./terminal.o
LOAD ./utiles.o
START GROUP
LOAD /usr/lib/gcc/avr/4.9.2/avr51/libgcc.a
LOAD /usr/lib/gcc/avr/4.9.2/../../../avr/lib/avr51/libm.a
LOAD /usr/lib/gcc/avr/4.9.2/../../../avr/lib/avr51/libc.a
LOAD /usr/lib/gcc/avr/4.9.2/../../../avr/lib/avr51/libatmega128.a
END GROUP

.hash
 *(.hash)

.dynsym
 *(.dynsym)

.dynstr
 *(.dynstr)

.gnu.version
 *(.gnu.version)

.gnu.version_d
 *(.gnu.version_d)

.gnu.version_r
 *(.gnu.version_r)

.rel.init
 *(.rel.init)

.rela.init
 *(.rela.init)

.rel.text
 *(.rel.text)
 *(.rel.text.*)
 *(.rel.gnu.linkonce.t*)

.rela.text
 *(.rela.text)
 *(.rela.text.*)
 *(.rela.gnu.linkonce.t*)

.rel.fini
 *(.rel.fini)

.rela.fini
 *(.rela.fini)

.rel.rodata
 *(.rel.rodata)
 *(.rel.rodata.*)
 *(.rel.gnu.linkonce.r*)

.rela.rodata
 *(.rela.rodata)
 *(.rela.rodata.*)
 *(.rela.gnu.linkonce.r*)

.rel.data
 *(.rel.data)
 *(.rel.data.*)
 *(.rel.gnu.linkonce.d*)

.rela.data
 *(.rela.data)
 *(.rela.data.*)
 *(.rela.gnu.linkonce.d*)

.rel.ctors
 *(.rel.ctors)

.rela.ctors
 *(.rela.ctors)

.rel.dtors
 *(.rel.dtors)

.rela.dtors
 *(.rela.dtors)

.rel.got
 *(.rel.got)

.rela.got
 *(.rela.got)

.rel.bss
 *(.rel.bss)

.rela.bss
 *(.rela.bss)

.rel.plt
 *(.rel.plt)

.rela.plt
 *(.rela.plt)

.text           0x0000000000000000     0x9d7e
 *(.vectors)
 .vectors       0x0000000000000000       0x8c /usr/lib/gcc/avr/4.9.2/../../../avr/lib/avr51/crtatmega128.o
                0x0000000000000000                __vectors
 *(.vectors)
 *(.progmem.gcc*)
 .progmem.gcc_sw_table.Medicion_ADC
                0x000000000000008c       0x12 ./medicion_ADC.o
                0x000000000000009e                . = ALIGN (0x2)
                0x000000000000009e                __trampolines_start = .
 *(.trampolines)
 .trampolines   0x000000000000009e        0x0 linker stubs
 *(.trampolines*)
                0x000000000000009e                __trampolines_end = .
 *(.progmem*)
 .progmem.data.MSG_Estado_Salidas
                0x000000000000009e       0x12 ./discretas.o
                0x000000000000009e                MSG_Estado_Salidas
 .progmem.data.uFlagBotonesLiberados_MSG
                0x00000000000000b0       0x10 ./discretas.o
                0x00000000000000b0                uFlagBotonesLiberados_MSG
 .progmem.data.uFlagBotonesPresionados_MSG
                0x00000000000000c0       0x10 ./discretas.o
                0x00000000000000c0                uFlagBotonesPresionados_MSG
 .progmem.data.MSG_Estado_Entradas
                0x00000000000000d0       0x13 ./discretas.o
                0x00000000000000d0                MSG_Estado_Entradas
 .progmem.data.__c.2226
                0x00000000000000e3        0x4 ./display.o
 .progmem.data.__c.2224
                0x00000000000000e7        0x4 ./display.o
 .progmem.data.__c.2222
                0x00000000000000eb        0x4 ./display.o
 .progmem.data.Texto_Vacio
                0x00000000000000ef       0x12 ./display.o
                0x00000000000000ef                Texto_Vacio
 .progmem.data.numeroGrupo_MSG
                0x0000000000000101       0x13 ./eeprom.o
                0x0000000000000101                numeroGrupo_MSG
 .progmem.data.cargaPorDefecto_MSG
                0x0000000000000114       0x1b ./eeprom.o
                0x0000000000000114                cargaPorDefecto_MSG
 .progmem.data.datosOrigBackUPError_MSG
                0x000000000000012f       0x27 ./eeprom.o
                0x000000000000012f                datosOrigBackUPError_MSG
 .progmem.data.datosBackUpOK_MSG
                0x0000000000000156       0x14 ./eeprom.o
                0x0000000000000156                datosBackUpOK_MSG
 .progmem.data.datosOriginalesError_MSG
                0x000000000000016a       0x1b ./eeprom.o
                0x000000000000016a                datosOriginalesError_MSG
 .progmem.data.datosBackUpError_MSG
                0x0000000000000185       0x1a ./eeprom.o
                0x0000000000000185                datosBackUpError_MSG
 .progmem.data.datosOriginalesOk_MSG
                0x000000000000019f       0x15 ./eeprom.o
                0x000000000000019f                datosOriginalesOk_MSG
 .progmem.data.validacion_PWM_MSG
                0x00000000000001b4       0x1c ./eeprom.o
                0x00000000000001b4                validacion_PWM_MSG
 .progmem.data.validacion_ADC_MSG
                0x00000000000001d0       0x1c ./eeprom.o
                0x00000000000001d0                validacion_ADC_MSG
 .progmem.data.validacion_Alarmas_MSG
                0x00000000000001ec       0x20 ./eeprom.o
                0x00000000000001ec                validacion_Alarmas_MSG
 .progmem.data.validacion_Serie_MSG
                0x000000000000020c       0x1e ./eeprom.o
                0x000000000000020c                validacion_Serie_MSG
 .progmem.data.Cond_20_2500_C_Factor
                0x000000000000022a       0x7c ./medicion_ADC.o
                0x000000000000022a                Cond_20_2500_C_Factor
 .progmem.data.Cond_2_200_C_Factor
                0x00000000000002a6       0x7c ./medicion_ADC.o
                0x00000000000002a6                Cond_2_200_C_Factor
 .progmem.data.Cond_0_20_C_Factor
                0x0000000000000322       0x7c ./medicion_ADC.o
                0x0000000000000322                Cond_0_20_C_Factor
 .progmem.data.Cond_20_2500_G_Factor
                0x000000000000039e       0x7c ./medicion_ADC.o
                0x000000000000039e                Cond_20_2500_G_Factor
 .progmem.data.Cond_2_200_G_Factor
                0x000000000000041a       0x7c ./medicion_ADC.o
                0x000000000000041a                Cond_2_200_G_Factor
 .progmem.data.Cond_0_20_G_Factor
                0x0000000000000496       0x7c ./medicion_ADC.o
                0x0000000000000496                Cond_0_20_G_Factor
 .progmem.data.__c.2521
                0x0000000000000512        0x4 ./terminal.o
 .progmem.data.__c.2518
                0x0000000000000516        0x4 ./terminal.o
 .progmem.data.Software_Version
                0x000000000000051a        0x6 ./terminal.o
                0x000000000000051a                Software_Version
 .progmem.data.MSG_Software
                0x0000000000000520        0x5 ./terminal.o
                0x0000000000000520                MSG_Software
 .progmem.data.MSG_Serial_Number
                0x0000000000000525        0x5 ./terminal.o
                0x0000000000000525                MSG_Serial_Number
 .progmem.data.Conductimetro_Info
                0x000000000000052a       0x43 ./terminal.o
                0x000000000000052a                Conductimetro_Info
 .progmem.data.MSG_Llamas
                0x000000000000056d       0x12 ./terminal.o
                0x000000000000056d                MSG_Llamas
 .progmem.data.MSG_Rango_20_2500_C
                0x000000000000057f        0xa ./terminal.o
                0x000000000000057f                MSG_Rango_20_2500_C
 .progmem.data.MSG_Rango_20_2500_G
                0x0000000000000589        0xa ./terminal.o
                0x0000000000000589                MSG_Rango_20_2500_G
 .progmem.data.MSG_Rango_2_200_C
                0x0000000000000593        0x8 ./terminal.o
                0x0000000000000593                MSG_Rango_2_200_C
 .progmem.data.MSG_Rango_2_200_G
                0x000000000000059b        0x8 ./terminal.o
                0x000000000000059b                MSG_Rango_2_200_G
 .progmem.data.MSG_Rango_0_20_C
                0x00000000000005a3        0x7 ./terminal.o
                0x00000000000005a3                MSG_Rango_0_20_C
 .progmem.data.MSG_Rango_0_20_G
                0x00000000000005aa        0x7 ./terminal.o
                0x00000000000005aa                MSG_Rango_0_20_G
 .progmem.data.MSG_Offset
                0x00000000000005b1        0x8 ./terminal.o
                0x00000000000005b1                MSG_Offset
 .progmem.data.MSG_FueraDeRango
                0x00000000000005b9       0x10 ./terminal.o
                0x00000000000005b9                MSG_FueraDeRango
 .progmem.data.MSG_Terminal_Lista
                0x00000000000005c9       0x17 ./terminal.o
                0x00000000000005c9                MSG_Terminal_Lista
 .progmem.data.MSG_Error
                0x00000000000005e0        0x7 ./terminal.o
                0x00000000000005e0                MSG_Error
 .progmem.data.MSG_End
                0x00000000000005e7        0x5 ./terminal.o
                0x00000000000005e7                MSG_End
 .progmem.data.MSG_Ok
                0x00000000000005ec        0x4 ./terminal.o
                0x00000000000005ec                MSG_Ok
 .progmem.data.MSG_Borrado
                0x00000000000005f0        0x9 ./terminal.o
                0x00000000000005f0                MSG_Borrado
 .progmem.data.MSG_Desconocido
                0x00000000000005f9        0xd ./terminal.o
                0x00000000000005f9                MSG_Desconocido
 .progmem.data.MSG_Parametro
                0x0000000000000606        0xb ./terminal.o
                0x0000000000000606                MSG_Parametro
 .progmem.data.MSG_Comando
                0x0000000000000611        0x9 ./terminal.o
                0x0000000000000611                MSG_Comando
 .progmem.data.Comando_Silenciar_Alarma
                0x000000000000061a       0x12 ./terminal.o
                0x000000000000061a                Comando_Silenciar_Alarma
 .progmem.data.Comando_Rango_2
                0x000000000000062c        0xe ./terminal.o
                0x000000000000062c                Comando_Rango_2
 .progmem.data.Comando_Rango_1
                0x000000000000063a        0xe ./terminal.o
                0x000000000000063a                Comando_Rango_1
 .progmem.data.Comando_Offset_2
                0x0000000000000648        0xf ./terminal.o
                0x0000000000000648                Comando_Offset_2
 .progmem.data.Comando_Offset_1
                0x0000000000000657        0xf ./terminal.o
                0x0000000000000657                Comando_Offset_1
 .progmem.data.Comando_Autocal_Cond_2
                0x0000000000000666       0x10 ./terminal.o
                0x0000000000000666                Comando_Autocal_Cond_2
 .progmem.data.Comando_Autocal_Cond_1
                0x0000000000000676       0x10 ./terminal.o
                0x0000000000000676                Comando_Autocal_Cond_1
 .progmem.data.Comando_Autocal_PWM_2
                0x0000000000000686        0xf ./terminal.o
                0x0000000000000686                Comando_Autocal_PWM_2
 .progmem.data.Comando_Autocal_PWM_1
                0x0000000000000695        0xf ./terminal.o
                0x0000000000000695                Comando_Autocal_PWM_1
 .progmem.data.Comando_Cal_Cond_2
                0x00000000000006a4        0xc ./terminal.o
                0x00000000000006a4                Comando_Cal_Cond_2
 .progmem.data.Comando_Cal_Cond_1
                0x00000000000006b0        0xc ./terminal.o
                0x00000000000006b0                Comando_Cal_Cond_1
 .progmem.data.Comando_Cal_PWM_2
                0x00000000000006bc        0xb ./terminal.o
                0x00000000000006bc                Comando_Cal_PWM_2
 .progmem.data.Comando_Cal_PWM_1
                0x00000000000006c7        0xb ./terminal.o
                0x00000000000006c7                Comando_Cal_PWM_1
 .progmem.data.Comando_Alarma_2
                0x00000000000006d2        0xa ./terminal.o
                0x00000000000006d2                Comando_Alarma_2
 .progmem.data.Comando_Alarma_1
                0x00000000000006dc        0xa ./terminal.o
                0x00000000000006dc                Comando_Alarma_1
 .progmem.data.Comando_Tiempo_Alarma_Cond_2
                0x00000000000006e6       0x11 ./terminal.o
                0x00000000000006e6                Comando_Tiempo_Alarma_Cond_2
 .progmem.data.Comando_Tiempo_Alarma_Cond_1
                0x00000000000006f7       0x11 ./terminal.o
                0x00000000000006f7                Comando_Tiempo_Alarma_Cond_1
 .progmem.data.Comando_Ganancia_PWM_2
                0x0000000000000708       0x10 ./terminal.o
                0x0000000000000708                Comando_Ganancia_PWM_2
 .progmem.data.Comando_Ganancia_PWM_1
                0x0000000000000718       0x10 ./terminal.o
                0x0000000000000718                Comando_Ganancia_PWM_1
 .progmem.data.Comando_Muestras_Cond_2
                0x0000000000000728        0xf ./terminal.o
                0x0000000000000728                Comando_Muestras_Cond_2
 .progmem.data.Comando_Muestras_Cond_1
                0x0000000000000737        0xf ./terminal.o
                0x0000000000000737                Comando_Muestras_Cond_1
 .progmem.data.Comando_Muestras_PWM_2
                0x0000000000000746        0xe ./terminal.o
                0x0000000000000746                Comando_Muestras_PWM_2
 .progmem.data.Comando_Muestras_PWM_1
                0x0000000000000754        0xe ./terminal.o
                0x0000000000000754                Comando_Muestras_PWM_1
 .progmem.data.Comando_Serie
                0x0000000000000762        0x7 ./terminal.o
                0x0000000000000762                Comando_Serie
 .progmem.data.Comando_Reset
                0x0000000000000769        0x7 ./terminal.o
                0x0000000000000769                Comando_Reset
 .progmem.data.Comando_Cal_Reset
                0x0000000000000770        0xb ./terminal.o
                0x0000000000000770                Comando_Cal_Reset
 .progmem.data.Comando_PWM_Reset
                0x000000000000077b        0xb ./terminal.o
                0x000000000000077b                Comando_PWM_Reset
 .progmem.data.Comando_Alarmas_Reset
                0x0000000000000786        0xf ./terminal.o
                0x0000000000000786                Comando_Alarmas_Reset
 .progmem.data.Comando_Factory_Reset
                0x0000000000000795        0xf ./terminal.o
                0x0000000000000795                Comando_Factory_Reset
 .progmem.data.Comando_Reiniciar
                0x00000000000007a4        0xb ./terminal.o
                0x00000000000007a4                Comando_Reiniciar
 .progmem.data.Comando_Salidas
                0x00000000000007af        0x9 ./terminal.o
                0x00000000000007af                Comando_Salidas
 .progmem.data.Comando_ADC
                0x00000000000007b8        0x5 ./terminal.o
                0x00000000000007b8                Comando_ADC
 .progmem.data.Comando_Entradas
                0x00000000000007bd        0xa ./terminal.o
                0x00000000000007bd                Comando_Entradas
 .progmem.data.Comando_Print
                0x00000000000007c7        0x8 ./terminal.o
                0x00000000000007c7                Comando_Print
 .progmem.data.Comando_Info
                0x00000000000007cf        0x6 ./terminal.o
                0x00000000000007cf                Comando_Info
 .progmem.data  0x00000000000007d5       0xfa /usr/lib/gcc/avr/4.9.2/../../../avr/lib/avr51/libc.a(ftoa_engine.o)
                0x00000000000008d0                . = ALIGN (0x2)
 *fill*         0x00000000000008cf        0x1 
 *(.jumptables)
 *(.jumptables*)
 *(.lowtext)
 *(.lowtext*)
                0x00000000000008d0                __ctors_start = .
 *(.ctors)
                0x00000000000008d0                __ctors_end = .
                0x00000000000008d0                __dtors_start = .
 *(.dtors)
                0x00000000000008d0                __dtors_end = .
 SORT(*)(.ctors)
 SORT(*)(.dtors)
 *(.init0)
 .init0         0x00000000000008d0        0x0 /usr/lib/gcc/avr/4.9.2/../../../avr/lib/avr51/crtatmega128.o
                0x00000000000008d0                __init
 *(.init0)
 *(.init1)
 *(.init1)
 *(.init2)
 .init2         0x00000000000008d0        0xc /usr/lib/gcc/avr/4.9.2/../../../avr/lib/avr51/crtatmega128.o
 *(.init2)
 *(.init3)
 *(.init3)
 *(.init4)
 .init4         0x00000000000008dc       0x1a /usr/lib/gcc/avr/4.9.2/avr51/libgcc.a(_copy_data.o)
                0x00000000000008dc                __do_copy_data
 .init4         0x00000000000008f6       0x10 /usr/lib/gcc/avr/4.9.2/avr51/libgcc.a(_clear_bss.o)
                0x00000000000008f6                __do_clear_bss
 *(.init4)
 *(.init5)
 *(.init5)
 *(.init6)
 *(.init6)
 *(.init7)
 *(.init7)
 *(.init8)
 *(.init8)
 *(.init9)
 .init9         0x0000000000000906        0x8 /usr/lib/gcc/avr/4.9.2/../../../avr/lib/avr51/crtatmega128.o
 *(.init9)
 *(.text)
 .text          0x000000000000090e        0x4 /usr/lib/gcc/avr/4.9.2/../../../avr/lib/avr51/crtatmega128.o
                0x000000000000090e                __vector_22
                0x000000000000090e                __vector_28
                0x000000000000090e                __vector_1
                0x000000000000090e                __vector_32
                0x000000000000090e                __vector_34
                0x000000000000090e                __vector_24
                0x000000000000090e                __vector_12
                0x000000000000090e                __bad_interrupt
                0x000000000000090e                __vector_6
                0x000000000000090e                __vector_31
                0x000000000000090e                __vector_3
                0x000000000000090e                __vector_23
                0x000000000000090e                __vector_30
                0x000000000000090e                __vector_25
                0x000000000000090e                __vector_11
                0x000000000000090e                __vector_13
                0x000000000000090e                __vector_17
                0x000000000000090e                __vector_19
                0x000000000000090e                __vector_7
                0x000000000000090e                __vector_27
                0x000000000000090e                __vector_5
                0x000000000000090e                __vector_33
                0x000000000000090e                __vector_4
                0x000000000000090e                __vector_9
                0x000000000000090e                __vector_2
                0x000000000000090e                __vector_21
                0x000000000000090e                __vector_29
                0x000000000000090e                __vector_8
                0x000000000000090e                __vector_26
                0x000000000000090e                __vector_14
                0x000000000000090e                __vector_10
                0x000000000000090e                __vector_16
                0x000000000000090e                __vector_18
                0x000000000000090e                __vector_20
 .text          0x0000000000000912        0x0 ./PWM420mA.o
 .text          0x0000000000000912        0x0 ./USART0.o
 .text          0x0000000000000912        0x0 ./USART1.o
 .text          0x0000000000000912        0x0 ./alarmas.o
 .text          0x0000000000000912        0x0 ./discretas.o
 .text          0x0000000000000912        0x0 ./display.o
 .text          0x0000000000000912        0x0 ./eeprom.o
 .text          0x0000000000000912        0x0 ./inicioUc.o
 .text          0x0000000000000912        0x0 ./lcd.o
 .text          0x0000000000000912        0x0 ./main.o
 .text          0x0000000000000912        0x0 ./medicion_ADC.o
 .text          0x0000000000000912        0x0 ./terminal.o
 .text          0x0000000000000912        0x0 ./utiles.o
 .text          0x0000000000000912        0x0 /usr/lib/gcc/avr/4.9.2/avr51/libgcc.a(_divmodhi4.o)
 .text          0x0000000000000912        0x0 /usr/lib/gcc/avr/4.9.2/avr51/libgcc.a(_exit.o)
 .text          0x0000000000000912        0x0 /usr/lib/gcc/avr/4.9.2/avr51/libgcc.a(_tablejump2.o)
 .text          0x0000000000000912        0x0 /usr/lib/gcc/avr/4.9.2/avr51/libgcc.a(_copy_data.o)
 .text          0x0000000000000912        0x0 /usr/lib/gcc/avr/4.9.2/avr51/libgcc.a(_clear_bss.o)
 .text          0x0000000000000912        0x0 /usr/lib/gcc/avr/4.9.2/avr51/libgcc.a(_umulhisi3.o)
 .text          0x0000000000000912        0x0 /usr/lib/gcc/avr/4.9.2/avr51/libgcc.a(_udivmodhi4.o)
 .text          0x0000000000000912        0x0 /usr/lib/gcc/avr/4.9.2/../../../avr/lib/avr51/libm.a(addsf3.o)
 .text          0x0000000000000912        0x0 /usr/lib/gcc/avr/4.9.2/../../../avr/lib/avr51/libm.a(addsf3x.o)
 .text          0x0000000000000912        0x0 /usr/lib/gcc/avr/4.9.2/../../../avr/lib/avr51/libm.a(cmpsf2.o)
 .text          0x0000000000000912        0x0 /usr/lib/gcc/avr/4.9.2/../../../avr/lib/avr51/libm.a(divsf3.o)
 .text          0x0000000000000912        0x0 /usr/lib/gcc/avr/4.9.2/../../../avr/lib/avr51/libm.a(divsf3x.o)
 .text          0x0000000000000912        0x0 /usr/lib/gcc/avr/4.9.2/../../../avr/lib/avr51/libm.a(fixsfsi.o)
 .text          0x0000000000000912        0x0 /usr/lib/gcc/avr/4.9.2/../../../avr/lib/avr51/libm.a(fixunssfsi.o)
 .text          0x0000000000000912        0x0 /usr/lib/gcc/avr/4.9.2/../../../avr/lib/avr51/libm.a(floatsisf.o)
 .text          0x0000000000000912        0x0 /usr/lib/gcc/avr/4.9.2/../../../avr/lib/avr51/libm.a(fp_cmp.o)
 .text          0x0000000000000912        0x0 /usr/lib/gcc/avr/4.9.2/../../../avr/lib/avr51/libm.a(fp_inf.o)
 .text          0x0000000000000912        0x0 /usr/lib/gcc/avr/4.9.2/../../../avr/lib/avr51/libm.a(fp_nan.o)
 .text          0x0000000000000912        0x0 /usr/lib/gcc/avr/4.9.2/../../../avr/lib/avr51/libm.a(fp_pscA.o)
 .text          0x0000000000000912        0x0 /usr/lib/gcc/avr/4.9.2/../../../avr/lib/avr51/libm.a(fp_pscB.o)
 .text          0x0000000000000912        0x0 /usr/lib/gcc/avr/4.9.2/../../../avr/lib/avr51/libm.a(fp_round.o)
 .text          0x0000000000000912        0x0 /usr/lib/gcc/avr/4.9.2/../../../avr/lib/avr51/libm.a(fp_split3.o)
 .text          0x0000000000000912        0x0 /usr/lib/gcc/avr/4.9.2/../../../avr/lib/avr51/libm.a(fp_zero.o)
 .text          0x0000000000000912        0x0 /usr/lib/gcc/avr/4.9.2/../../../avr/lib/avr51/libm.a(gesf2.o)
 .text          0x0000000000000912        0x0 /usr/lib/gcc/avr/4.9.2/../../../avr/lib/avr51/libm.a(mulsf3.o)
 .text          0x0000000000000912        0x0 /usr/lib/gcc/avr/4.9.2/../../../avr/lib/avr51/libm.a(mulsf3x.o)
 .text          0x0000000000000912        0x0 /usr/lib/gcc/avr/4.9.2/../../../avr/lib/avr51/libm.a(round.o)
 .text          0x0000000000000912        0x0 /usr/lib/gcc/avr/4.9.2/../../../avr/lib/avr51/libm.a(fp_mintl.o)
 .text          0x0000000000000912        0x0 /usr/lib/gcc/avr/4.9.2/../../../avr/lib/avr51/libm.a(fp_mpack.o)
 .text          0x0000000000000912        0x0 /usr/lib/gcc/avr/4.9.2/../../../avr/lib/avr51/libc.a(dtostrf.o)
 .text          0x0000000000000912        0x0 /usr/lib/gcc/avr/4.9.2/../../../avr/lib/avr51/libc.a(atoi.o)
 .text          0x0000000000000912        0x0 /usr/lib/gcc/avr/4.9.2/../../../avr/lib/avr51/libc.a(strcpy.o)
 .text          0x0000000000000912        0x0 /usr/lib/gcc/avr/4.9.2/../../../avr/lib/avr51/libc.a(mul10.o)
 .text          0x0000000000000912        0x0 /usr/lib/gcc/avr/4.9.2/../../../avr/lib/avr51/libc.a(sprintf.o)
 .text          0x0000000000000912        0x0 /usr/lib/gcc/avr/4.9.2/../../../avr/lib/avr51/libc.a(vfprintf_std.o)
 .text          0x0000000000000912        0x0 /usr/lib/gcc/avr/4.9.2/../../../avr/lib/avr51/libc.a(dtoa_prf.o)
 .text          0x0000000000000912        0x0 /usr/lib/gcc/avr/4.9.2/../../../avr/lib/avr51/libc.a(ftoa_engine.o)
 .text          0x0000000000000912        0x0 /usr/lib/gcc/avr/4.9.2/../../../avr/lib/avr51/libc.a(strnlen_P.o)
 .text          0x0000000000000912        0x0 /usr/lib/gcc/avr/4.9.2/../../../avr/lib/avr51/libc.a(strnlen.o)
 .text          0x0000000000000912        0x0 /usr/lib/gcc/avr/4.9.2/../../../avr/lib/avr51/libc.a(fputc.o)
 .text          0x0000000000000912        0x0 /usr/lib/gcc/avr/4.9.2/../../../avr/lib/avr51/libc.a(ultoa_invert.o)
 .text          0x0000000000000912        0x0 /usr/lib/gcc/avr/4.9.2/../../../avr/lib/avr51/libatmega128.a(eerd_byte.o)
 .text          0x0000000000000912        0x0 /usr/lib/gcc/avr/4.9.2/../../../avr/lib/avr51/libatmega128.a(eerd_dword.o)
 .text          0x0000000000000912        0x0 /usr/lib/gcc/avr/4.9.2/../../../avr/lib/avr51/libatmega128.a(eerd_word.o)
 .text          0x0000000000000912        0x0 /usr/lib/gcc/avr/4.9.2/../../../avr/lib/avr51/libatmega128.a(eewr_byte.o)
 .text          0x0000000000000912        0x0 /usr/lib/gcc/avr/4.9.2/../../../avr/lib/avr51/libatmega128.a(eewr_dword.o)
 .text          0x0000000000000912        0x0 /usr/lib/gcc/avr/4.9.2/../../../avr/lib/avr51/libatmega128.a(eewr_word.o)
 .text          0x0000000000000912        0x0 /usr/lib/gcc/avr/4.9.2/../../../avr/lib/avr51/libatmega128.a(eerd_block.o)
                0x0000000000000912                . = ALIGN (0x2)
 *(.text.*)
 .text.Inicio_PWM_420mA
                0x0000000000000912       0x18 ./PWM420mA.o
                0x0000000000000912                Inicio_PWM_420mA
 .text.Actualizar_PWM_420mA
                0x000000000000092a      0x540 ./PWM420mA.o
                0x000000000000092a                Actualizar_PWM_420mA
 .text.Inicio_USART_0
                0x0000000000000e6a       0x1c ./USART0.o
                0x0000000000000e6a                Inicio_USART_0
 .text.USART0_Flush
                0x0000000000000e86       0x10 ./USART0.o
                0x0000000000000e86                USART0_Flush
 .text.Esperar_USART_O_TX
                0x0000000000000e96       0x30 ./USART0.o
                0x0000000000000e96                Esperar_USART_O_TX
 .text.Recepcion_USART_0
                0x0000000000000ec6      0x158 ./USART0.o
                0x0000000000000ec6                Recepcion_USART_0
 .text.Transmitir_Buffer_USART0
                0x000000000000101e       0x42 ./USART0.o
                0x000000000000101e                Transmitir_Buffer_USART0
 .text.Transmitir_Float_USART0
                0x0000000000001060       0x6a ./USART0.o
                0x0000000000001060                Transmitir_Float_USART0
 .text.Transmitir_Buffer_USART0_P
                0x00000000000010ca       0x32 ./USART0.o
                0x00000000000010ca                Transmitir_Buffer_USART0_P
 .text.Esperar_USART_0_RX
                0x00000000000010fc       0x30 ./USART0.o
                0x00000000000010fc                Esperar_USART_0_RX
 .text.Recibir_Buffer_USART0
                0x000000000000112c       0x66 ./USART0.o
                0x000000000000112c                Recibir_Buffer_USART0
 .text.Transmision_USART_1
                0x0000000000001192       0x8c ./USART1.o
                0x0000000000001192                Transmision_USART_1
 .text.Inicio_USART_1
                0x000000000000121e       0x28 ./USART1.o
                0x000000000000121e                Inicio_USART_1
 .text.USART1_Flush
                0x0000000000001246       0x16 ./USART1.o
                0x0000000000001246                USART1_Flush
 .text.Recepcion_USART_1
                0x000000000000125c       0xfe ./USART1.o
                0x000000000000125c                Recepcion_USART_1
 .text.Inicio_Alarmas
                0x000000000000135a       0x32 ./alarmas.o
                0x000000000000135a                Inicio_Alarmas
 .text.Actualizar_Alarmas
                0x000000000000138c      0x166 ./alarmas.o
                0x000000000000138c                Actualizar_Alarmas
 .text.Inicio_Entradas
                0x00000000000014f2       0x48 ./discretas.o
                0x00000000000014f2                Inicio_Entradas
 .text.Leer_Entradas
                0x000000000000153a      0x34a ./discretas.o
                0x000000000000153a                Leer_Entradas
 .text.Inicio_Display
                0x0000000000001884       0x7e ./display.o
                0x0000000000001884                Inicio_Display
 .text.Actualizar_Display
                0x0000000000001902      0x524 ./display.o
                0x0000000000001902                Actualizar_Display
 .text.Pantalla_Presentacion_Display
                0x0000000000001e26       0xd0 ./display.o
                0x0000000000001e26                Pantalla_Presentacion_Display
 .text.Float_a_Checksum
                0x0000000000001ef6       0x3a ./eeprom.o
                0x0000000000001ef6                Float_a_Checksum
 .text.UnsignedInt_a_Checksum
                0x0000000000001f30       0x14 ./eeprom.o
                0x0000000000001f30                UnsignedInt_a_Checksum
 .text.Char_a_Checksum
                0x0000000000001f44        0xc ./eeprom.o
                0x0000000000001f44                Char_a_Checksum
 .text.Float_a_Eeprom
                0x0000000000001f50       0x68 ./eeprom.o
                0x0000000000001f50                Float_a_Eeprom
 .text.Eeprom_a_Float
                0x0000000000001fb8       0x6c ./eeprom.o
                0x0000000000001fb8                Eeprom_a_Float
 .text.UnsignedInt_a_Eeprom
                0x0000000000002024       0x5e ./eeprom.o
                0x0000000000002024                UnsignedInt_a_Eeprom
 .text.Escribir_Checksum_Eeprom.part.0
                0x0000000000002082      0x1d6 ./eeprom.o
 .text.Escribir_Checksum_Eeprom
                0x0000000000002258       0x58 ./eeprom.o
                0x0000000000002258                Escribir_Checksum_Eeprom
 .text.Eeprom_a_UnsignedInt
                0x00000000000022b0       0x5e ./eeprom.o
                0x00000000000022b0                Eeprom_a_UnsignedInt
 .text.Char_a_Eeprom
                0x000000000000230e       0x58 ./eeprom.o
                0x000000000000230e                Char_a_Eeprom
 .text.Carga_Configuracion_Fabrica_Eeprom
                0x0000000000002366      0x38e ./eeprom.o
                0x0000000000002366                Carga_Configuracion_Fabrica_Eeprom
 .text.Eeprom_a_Char
                0x00000000000026f4       0x58 ./eeprom.o
                0x00000000000026f4                Eeprom_a_Char
 .text.Carga_Configuracion_Desde_Eeprom
                0x000000000000274c     0x128c ./eeprom.o
                0x000000000000274c                Carga_Configuracion_Desde_Eeprom
 .text.Inicio_Puertos
                0x00000000000039d8       0x6c ./inicioUc.o
                0x00000000000039d8                Inicio_Puertos
 .text.Inicio_Timer0
                0x0000000000003a44       0x22 ./inicioUc.o
                0x0000000000003a44                Inicio_Timer0
 .text.Inicio_Timer2
                0x0000000000003a66        0xa ./inicioUc.o
                0x0000000000003a66                Inicio_Timer2
 .text.Inicio_Buzzer
                0x0000000000003a70       0x1a ./inicioUc.o
                0x0000000000003a70                Inicio_Buzzer
 .text.LCDBusyLoop
                0x0000000000003a8a       0xfc ./lcd.o
                0x0000000000003a8a                LCDBusyLoop
 .text.LCDByte  0x0000000000003b86      0x100 ./lcd.o
                0x0000000000003b86                LCDByte
 .text.LCDInit  0x0000000000003c86       0xbe ./lcd.o
                0x0000000000003c86                LCDInit
 .text.LCDWriteString
                0x0000000000003d44       0x4c ./lcd.o
                0x0000000000003d44                LCDWriteString
 .text.LCDWriteInt
                0x0000000000003d90       0x98 ./lcd.o
                0x0000000000003d90                LCDWriteInt
 .text.LCDGotoXY
                0x0000000000003e28       0x24 ./lcd.o
                0x0000000000003e28                LCDGotoXY
 .text.startup.main
                0x0000000000003e4c       0x88 ./main.o
                0x0000000000003e4c                main
 .text.__vector_15
                0x0000000000003ed4      0x51a ./main.o
                0x0000000000003ed4                __vector_15
 .text.__vector_default
                0x00000000000043ee       0x14 ./main.o
                0x00000000000043ee                __vector_default
 .text.SW_Mux_ADC.part.0
                0x0000000000004402       0x40 ./medicion_ADC.o
 .text.SW_Ref_ADC.part.1
                0x0000000000004442        0x6 ./medicion_ADC.o
 .text.SW_Mux_ADC
                0x0000000000004448       0x3c ./medicion_ADC.o
                0x0000000000004448                SW_Mux_ADC
 .text.SW_Ref_ADC
                0x0000000000004484       0x18 ./medicion_ADC.o
                0x0000000000004484                SW_Ref_ADC
 .text.Inicio_ADC
                0x000000000000449c       0x82 ./medicion_ADC.o
                0x000000000000449c                Inicio_ADC
 .text.Medicion_ADC
                0x000000000000451e      0x4e2 ./medicion_ADC.o
                0x000000000000451e                Medicion_ADC
 .text.Cargar_Valores_Rango_Por_Canal
                0x0000000000004a00      0x330 ./medicion_ADC.o
                0x0000000000004a00                Cargar_Valores_Rango_Por_Canal
 .text.Detectar_Comando_Buffer_P
                0x0000000000004d30       0x6c ./terminal.o
                0x0000000000004d30                Detectar_Comando_Buffer_P
 .text.Terminal
                0x0000000000004d9c     0x3c42 ./terminal.o
                0x0000000000004d9c                Terminal
 .text.Inicio_Terminal
                0x00000000000089de       0x38 ./terminal.o
                0x00000000000089de                Inicio_Terminal
 .text.Buscar_en_Buffer_P
                0x0000000000008a16       0x5a ./utiles.o
                0x0000000000008a16                Buscar_en_Buffer_P
 .text.Buscar_en_Buffer
                0x0000000000008a70       0x66 ./utiles.o
                0x0000000000008a70                Buscar_en_Buffer
 .text.Comparar_Inicio_Buffer_P
                0x0000000000008ad6       0x30 ./utiles.o
                0x0000000000008ad6                Comparar_Inicio_Buffer_P
 .text.Comparar_Inicio_Buffer
                0x0000000000008b06       0x2c ./utiles.o
                0x0000000000008b06                Comparar_Inicio_Buffer
 .text.String_a_Mayusculas
                0x0000000000008b32       0x34 ./utiles.o
                0x0000000000008b32                String_a_Mayusculas
 .text.From_String_to_Float
                0x0000000000008b66       0xee ./utiles.o
                0x0000000000008b66                From_String_to_Float
 .text.libgcc.mul
                0x0000000000008c54        0x0 /usr/lib/gcc/avr/4.9.2/avr51/libgcc.a(_divmodhi4.o)
 .text.libgcc.div
                0x0000000000008c54       0x28 /usr/lib/gcc/avr/4.9.2/avr51/libgcc.a(_divmodhi4.o)
                0x0000000000008c54                __divmodhi4
                0x0000000000008c54                _div
 .text.libgcc   0x0000000000008c7c        0x0 /usr/lib/gcc/avr/4.9.2/avr51/libgcc.a(_divmodhi4.o)
 .text.libgcc.prologue
                0x0000000000008c7c        0x0 /usr/lib/gcc/avr/4.9.2/avr51/libgcc.a(_divmodhi4.o)
 .text.libgcc.builtins
                0x0000000000008c7c        0x0 /usr/lib/gcc/avr/4.9.2/avr51/libgcc.a(_divmodhi4.o)
 .text.libgcc.fmul
                0x0000000000008c7c        0x0 /usr/lib/gcc/avr/4.9.2/avr51/libgcc.a(_divmodhi4.o)
 .text.libgcc.fixed
                0x0000000000008c7c        0x0 /usr/lib/gcc/avr/4.9.2/avr51/libgcc.a(_divmodhi4.o)
 .text.libgcc.mul
                0x0000000000008c7c        0x0 /usr/lib/gcc/avr/4.9.2/avr51/libgcc.a(_exit.o)
 .text.libgcc.div
                0x0000000000008c7c        0x0 /usr/lib/gcc/avr/4.9.2/avr51/libgcc.a(_exit.o)
 .text.libgcc   0x0000000000008c7c        0x0 /usr/lib/gcc/avr/4.9.2/avr51/libgcc.a(_exit.o)
 .text.libgcc.prologue
                0x0000000000008c7c        0x0 /usr/lib/gcc/avr/4.9.2/avr51/libgcc.a(_exit.o)
 .text.libgcc.builtins
                0x0000000000008c7c        0x0 /usr/lib/gcc/avr/4.9.2/avr51/libgcc.a(_exit.o)
 .text.libgcc.fmul
                0x0000000000008c7c        0x0 /usr/lib/gcc/avr/4.9.2/avr51/libgcc.a(_exit.o)
 .text.libgcc.fixed
                0x0000000000008c7c        0x0 /usr/lib/gcc/avr/4.9.2/avr51/libgcc.a(_exit.o)
 .text.libgcc.mul
                0x0000000000008c7c        0x0 /usr/lib/gcc/avr/4.9.2/avr51/libgcc.a(_tablejump2.o)
 .text.libgcc.div
                0x0000000000008c7c        0x0 /usr/lib/gcc/avr/4.9.2/avr51/libgcc.a(_tablejump2.o)
 .text.libgcc   0x0000000000008c7c       0x12 /usr/lib/gcc/avr/4.9.2/avr51/libgcc.a(_tablejump2.o)
                0x0000000000008c7c                __tablejump2__
 .text.libgcc.prologue
                0x0000000000008c8e        0x0 /usr/lib/gcc/avr/4.9.2/avr51/libgcc.a(_tablejump2.o)
 .text.libgcc.builtins
                0x0000000000008c8e        0x0 /usr/lib/gcc/avr/4.9.2/avr51/libgcc.a(_tablejump2.o)
 .text.libgcc.fmul
                0x0000000000008c8e        0x0 /usr/lib/gcc/avr/4.9.2/avr51/libgcc.a(_tablejump2.o)
 .text.libgcc.fixed
                0x0000000000008c8e        0x0 /usr/lib/gcc/avr/4.9.2/avr51/libgcc.a(_tablejump2.o)
 .text.libgcc.mul
                0x0000000000008c8e        0x0 /usr/lib/gcc/avr/4.9.2/avr51/libgcc.a(_copy_data.o)
 .text.libgcc.div
                0x0000000000008c8e        0x0 /usr/lib/gcc/avr/4.9.2/avr51/libgcc.a(_copy_data.o)
 .text.libgcc   0x0000000000008c8e        0x0 /usr/lib/gcc/avr/4.9.2/avr51/libgcc.a(_copy_data.o)
 .text.libgcc.prologue
                0x0000000000008c8e        0x0 /usr/lib/gcc/avr/4.9.2/avr51/libgcc.a(_copy_data.o)
 .text.libgcc.builtins
                0x0000000000008c8e        0x0 /usr/lib/gcc/avr/4.9.2/avr51/libgcc.a(_copy_data.o)
 .text.libgcc.fmul
                0x0000000000008c8e        0x0 /usr/lib/gcc/avr/4.9.2/avr51/libgcc.a(_copy_data.o)
 .text.libgcc.fixed
                0x0000000000008c8e        0x0 /usr/lib/gcc/avr/4.9.2/avr51/libgcc.a(_copy_data.o)
 .text.libgcc.mul
                0x0000000000008c8e        0x0 /usr/lib/gcc/avr/4.9.2/avr51/libgcc.a(_clear_bss.o)
 .text.libgcc.div
                0x0000000000008c8e        0x0 /usr/lib/gcc/avr/4.9.2/avr51/libgcc.a(_clear_bss.o)
 .text.libgcc   0x0000000000008c8e        0x0 /usr/lib/gcc/avr/4.9.2/avr51/libgcc.a(_clear_bss.o)
 .text.libgcc.prologue
                0x0000000000008c8e        0x0 /usr/lib/gcc/avr/4.9.2/avr51/libgcc.a(_clear_bss.o)
 .text.libgcc.builtins
                0x0000000000008c8e        0x0 /usr/lib/gcc/avr/4.9.2/avr51/libgcc.a(_clear_bss.o)
 .text.libgcc.fmul
                0x0000000000008c8e        0x0 /usr/lib/gcc/avr/4.9.2/avr51/libgcc.a(_clear_bss.o)
 .text.libgcc.fixed
                0x0000000000008c8e        0x0 /usr/lib/gcc/avr/4.9.2/avr51/libgcc.a(_clear_bss.o)
 .text.libgcc.mul
                0x0000000000008c8e       0x1e /usr/lib/gcc/avr/4.9.2/avr51/libgcc.a(_umulhisi3.o)
                0x0000000000008c8e                __umulhisi3
 .text.libgcc.div
                0x0000000000008cac        0x0 /usr/lib/gcc/avr/4.9.2/avr51/libgcc.a(_umulhisi3.o)
 .text.libgcc   0x0000000000008cac        0x0 /usr/lib/gcc/avr/4.9.2/avr51/libgcc.a(_umulhisi3.o)
 .text.libgcc.prologue
                0x0000000000008cac        0x0 /usr/lib/gcc/avr/4.9.2/avr51/libgcc.a(_umulhisi3.o)
 .text.libgcc.builtins
                0x0000000000008cac        0x0 /usr/lib/gcc/avr/4.9.2/avr51/libgcc.a(_umulhisi3.o)
 .text.libgcc.fmul
                0x0000000000008cac        0x0 /usr/lib/gcc/avr/4.9.2/avr51/libgcc.a(_umulhisi3.o)
 .text.libgcc.fixed
                0x0000000000008cac        0x0 /usr/lib/gcc/avr/4.9.2/avr51/libgcc.a(_umulhisi3.o)
 .text.libgcc.mul
                0x0000000000008cac        0x0 /usr/lib/gcc/avr/4.9.2/avr51/libgcc.a(_udivmodhi4.o)
 .text.libgcc.div
                0x0000000000008cac       0x28 /usr/lib/gcc/avr/4.9.2/avr51/libgcc.a(_udivmodhi4.o)
                0x0000000000008cac                __udivmodhi4
 .text.libgcc   0x0000000000008cd4        0x0 /usr/lib/gcc/avr/4.9.2/avr51/libgcc.a(_udivmodhi4.o)
 .text.libgcc.prologue
                0x0000000000008cd4        0x0 /usr/lib/gcc/avr/4.9.2/avr51/libgcc.a(_udivmodhi4.o)
 .text.libgcc.builtins
                0x0000000000008cd4        0x0 /usr/lib/gcc/avr/4.9.2/avr51/libgcc.a(_udivmodhi4.o)
 .text.libgcc.fmul
                0x0000000000008cd4        0x0 /usr/lib/gcc/avr/4.9.2/avr51/libgcc.a(_udivmodhi4.o)
 .text.libgcc.fixed
                0x0000000000008cd4        0x0 /usr/lib/gcc/avr/4.9.2/avr51/libgcc.a(_udivmodhi4.o)
 .text.avr-libc.fplib
                0x0000000000008cd4        0xe /usr/lib/gcc/avr/4.9.2/../../../avr/lib/avr51/libm.a(addsf3.o)
                0x0000000000008cd4                __subsf3
                0x0000000000008cd6                __addsf3
 .text.avr-libc.fplib
                0x0000000000008ce2       0xcc /usr/lib/gcc/avr/4.9.2/../../../avr/lib/avr51/libm.a(addsf3x.o)
                0x0000000000008d04                __addsf3x
 .text.avr-libc.fplib
                0x0000000000008dae        0xa /usr/lib/gcc/avr/4.9.2/../../../avr/lib/avr51/libm.a(cmpsf2.o)
                0x0000000000008dae                __lesf2
                0x0000000000008dae                __nesf2
                0x0000000000008dae                __eqsf2
                0x0000000000008dae                __cmpsf2
                0x0000000000008dae                __ltsf2
 .text.avr-libc.fplib
                0x0000000000008db8        0x8 /usr/lib/gcc/avr/4.9.2/../../../avr/lib/avr51/libm.a(divsf3.o)
                0x0000000000008db8                __divsf3
 .text.avr-libc.fplib
                0x0000000000008dc0       0xdc /usr/lib/gcc/avr/4.9.2/../../../avr/lib/avr51/libm.a(divsf3x.o)
                0x0000000000008de0                __divsf3x
                0x0000000000008de6                __divsf3_pse
 .text.avr-libc.fplib
                0x0000000000008e9c        0xe /usr/lib/gcc/avr/4.9.2/../../../avr/lib/avr51/libm.a(fixsfsi.o)
                0x0000000000008e9c                __fixsfsi
 .text.avr-libc.fplib
                0x0000000000008eaa       0x5e /usr/lib/gcc/avr/4.9.2/../../../avr/lib/avr51/libm.a(fixunssfsi.o)
                0x0000000000008eaa                __fixunssfsi
 .text.avr-libc.fplib
                0x0000000000008f08       0x7a /usr/lib/gcc/avr/4.9.2/../../../avr/lib/avr51/libm.a(floatsisf.o)
                0x0000000000008f08                __floatunsisf
                0x0000000000008f0c                __floatsisf
 .text.avr-libc.fplib
                0x0000000000008f82       0x48 /usr/lib/gcc/avr/4.9.2/../../../avr/lib/avr51/libm.a(fp_cmp.o)
                0x0000000000008f82                __fp_cmp
 .text.avr-libc.fplib
                0x0000000000008fca        0xc /usr/lib/gcc/avr/4.9.2/../../../avr/lib/avr51/libm.a(fp_inf.o)
                0x0000000000008fca                __fp_inf
 .text.avr-libc.fplib
                0x0000000000008fd6        0x6 /usr/lib/gcc/avr/4.9.2/../../../avr/lib/avr51/libm.a(fp_nan.o)
                0x0000000000008fd6                __fp_nan
 .text.avr-libc.fplib
                0x0000000000008fdc        0xe /usr/lib/gcc/avr/4.9.2/../../../avr/lib/avr51/libm.a(fp_pscA.o)
                0x0000000000008fdc                __fp_pscA
 .text.avr-libc.fplib
                0x0000000000008fea        0xe /usr/lib/gcc/avr/4.9.2/../../../avr/lib/avr51/libm.a(fp_pscB.o)
                0x0000000000008fea                __fp_pscB
 .text.avr-libc.fplib
                0x0000000000008ff8       0x22 /usr/lib/gcc/avr/4.9.2/../../../avr/lib/avr51/libm.a(fp_round.o)
                0x0000000000008ff8                __fp_round
 .text.avr-libc.fplib
                0x000000000000901a       0x44 /usr/lib/gcc/avr/4.9.2/../../../avr/lib/avr51/libm.a(fp_split3.o)
                0x000000000000901a                __fp_split3
                0x000000000000902a                __fp_splitA
 .text.avr-libc.fplib
                0x000000000000905e        0xe /usr/lib/gcc/avr/4.9.2/../../../avr/lib/avr51/libm.a(fp_zero.o)
                0x000000000000905e                __fp_zero
                0x0000000000009060                __fp_szero
 .text.avr-libc.fplib
                0x000000000000906c        0xa /usr/lib/gcc/avr/4.9.2/../../../avr/lib/avr51/libm.a(gesf2.o)
                0x000000000000906c                __gtsf2
                0x000000000000906c                __gesf2
 .text.avr-libc.fplib
                0x0000000000009076        0x8 /usr/lib/gcc/avr/4.9.2/../../../avr/lib/avr51/libm.a(mulsf3.o)
                0x0000000000009076                __mulsf3
 .text.avr-libc.fplib
                0x000000000000907e       0xd2 /usr/lib/gcc/avr/4.9.2/../../../avr/lib/avr51/libm.a(mulsf3x.o)
                0x000000000000909c                __mulsf3x
                0x00000000000090a2                __mulsf3_pse
 .text.avr-libc.fplib
                0x0000000000009150       0x48 /usr/lib/gcc/avr/4.9.2/../../../avr/lib/avr51/libm.a(round.o)
                0x0000000000009150                round
 .text.avr-libc.fplib
                0x0000000000009198       0x36 /usr/lib/gcc/avr/4.9.2/../../../avr/lib/avr51/libm.a(fp_mintl.o)
                0x0000000000009198                __fp_mintl
 .text.avr-libc.fplib
                0x00000000000091ce       0x1c /usr/lib/gcc/avr/4.9.2/../../../avr/lib/avr51/libm.a(fp_mpack.o)
                0x00000000000091ce                __fp_mpack
                0x00000000000091d2                __fp_mpack_finite
 .text.avr-libc
                0x00000000000091ea       0x40 /usr/lib/gcc/avr/4.9.2/../../../avr/lib/avr51/libc.a(dtostrf.o)
                0x00000000000091ea                dtostrf
 .text.avr-libc
                0x000000000000922a       0x3c /usr/lib/gcc/avr/4.9.2/../../../avr/lib/avr51/libc.a(atoi.o)
                0x000000000000922a                atoi
 .text.avr-libc
                0x0000000000009266        0xe /usr/lib/gcc/avr/4.9.2/../../../avr/lib/avr51/libc.a(strcpy.o)
                0x0000000000009266                strcpy
 .text.avr-libc
                0x0000000000009274       0x10 /usr/lib/gcc/avr/4.9.2/../../../avr/lib/avr51/libc.a(mul10.o)
                0x0000000000009274                __mulhi_const_10
 .text.avr-libc
                0x0000000000009284       0x60 /usr/lib/gcc/avr/4.9.2/../../../avr/lib/avr51/libc.a(sprintf.o)
                0x0000000000009284                sprintf
 .text.avr-libc
                0x00000000000092e4      0x3f6 /usr/lib/gcc/avr/4.9.2/../../../avr/lib/avr51/libc.a(vfprintf_std.o)
                0x00000000000092e4                vfprintf
 .text.avr-libc
                0x00000000000096da      0x31c /usr/lib/gcc/avr/4.9.2/../../../avr/lib/avr51/libc.a(dtoa_prf.o)
                0x00000000000096da                dtoa_prf
 .text.avr-libc
                0x00000000000099f6      0x1b0 /usr/lib/gcc/avr/4.9.2/../../../avr/lib/avr51/libc.a(ftoa_engine.o)
                0x00000000000099f6                __ftoa_engine
 .text.avr-libc
                0x0000000000009ba6       0x16 /usr/lib/gcc/avr/4.9.2/../../../avr/lib/avr51/libc.a(strnlen_P.o)
                0x0000000000009ba6                strnlen_P
 .text.avr-libc
                0x0000000000009bbc       0x16 /usr/lib/gcc/avr/4.9.2/../../../avr/lib/avr51/libc.a(strnlen.o)
                0x0000000000009bbc                strnlen
 .text.avr-libc
                0x0000000000009bd2       0x70 /usr/lib/gcc/avr/4.9.2/../../../avr/lib/avr51/libc.a(fputc.o)
                0x0000000000009bd2                fputc
 .text.avr-libc
                0x0000000000009c42       0xbc /usr/lib/gcc/avr/4.9.2/../../../avr/lib/avr51/libc.a(ultoa_invert.o)
                0x0000000000009c42                __ultoa_invert
 .text.avr-libc
                0x0000000000009cfe       0x10 /usr/lib/gcc/avr/4.9.2/../../../avr/lib/avr51/libatmega128.a(eerd_byte.o)
                0x0000000000009cfe                eeprom_read_byte
 .text.avr-libc
                0x0000000000009d0e        0xc /usr/lib/gcc/avr/4.9.2/../../../avr/lib/avr51/libatmega128.a(eerd_dword.o)
                0x0000000000009d0e                eeprom_read_dword
                0x0000000000009d0e                eeprom_read_float
 .text.avr-libc
                0x0000000000009d1a        0xc /usr/lib/gcc/avr/4.9.2/../../../avr/lib/avr51/libatmega128.a(eerd_word.o)
                0x0000000000009d1a                eeprom_read_word
 .text.avr-libc
                0x0000000000009d26       0x1a /usr/lib/gcc/avr/4.9.2/../../../avr/lib/avr51/libatmega128.a(eewr_byte.o)
                0x0000000000009d26                eeprom_write_byte
                0x0000000000009d28                eeprom_write_r18
 .text.avr-libc
                0x0000000000009d40       0x10 /usr/lib/gcc/avr/4.9.2/../../../avr/lib/avr51/libatmega128.a(eewr_dword.o)
                0x0000000000009d40                eeprom_write_float
                0x0000000000009d40                eeprom_write_dword
 .text.avr-libc
                0x0000000000009d50        0xa /usr/lib/gcc/avr/4.9.2/../../../avr/lib/avr51/libatmega128.a(eewr_word.o)
                0x0000000000009d50                eeprom_write_word
 .text.avr-libc
                0x0000000000009d5a       0x20 /usr/lib/gcc/avr/4.9.2/../../../avr/lib/avr51/libatmega128.a(eerd_block.o)
                0x0000000000009d5a                eeprom_read_block
                0x0000000000009d5e                eeprom_read_blraw
                0x0000000000009d7a                . = ALIGN (0x2)
 *(.fini9)
 .fini9         0x0000000000009d7a        0x0 /usr/lib/gcc/avr/4.9.2/avr51/libgcc.a(_exit.o)
                0x0000000000009d7a                exit
                0x0000000000009d7a                _exit
 *(.fini9)
 *(.fini8)
 *(.fini8)
 *(.fini7)
 *(.fini7)
 *(.fini6)
 *(.fini6)
 *(.fini5)
 *(.fini5)
 *(.fini4)
 *(.fini4)
 *(.fini3)
 *(.fini3)
 *(.fini2)
 *(.fini2)
 *(.fini1)
 *(.fini1)
 *(.fini0)
 .fini0         0x0000000000009d7a        0x4 /usr/lib/gcc/avr/4.9.2/avr51/libgcc.a(_exit.o)
 *(.fini0)
                0x0000000000009d7e                _etext = .

.data           0x0000000000800100      0x196 load address 0x0000000000009d7e
                0x0000000000800100                PROVIDE (__data_start, .)
 *(.data)
 .data          0x0000000000800100        0x0 /usr/lib/gcc/avr/4.9.2/../../../avr/lib/avr51/crtatmega128.o
 .data          0x0000000000800100        0x0 ./PWM420mA.o
 .data          0x0000000000800100        0x0 ./USART0.o
 .data          0x0000000000800100        0x0 ./USART1.o
 .data          0x0000000000800100        0x0 ./alarmas.o
 .data          0x0000000000800100        0x0 ./discretas.o
 .data          0x0000000000800100        0x0 ./display.o
 .data          0x0000000000800100        0x0 ./eeprom.o
 .data          0x0000000000800100        0x0 ./inicioUc.o
 .data          0x0000000000800100        0x0 ./lcd.o
 .data          0x0000000000800100        0x0 ./main.o
 .data          0x0000000000800100        0x0 ./medicion_ADC.o
 .data          0x0000000000800100        0x0 ./terminal.o
 .data          0x0000000000800100        0x0 ./utiles.o
 .data          0x0000000000800100        0x0 /usr/lib/gcc/avr/4.9.2/avr51/libgcc.a(_divmodhi4.o)
 .data          0x0000000000800100        0x0 /usr/lib/gcc/avr/4.9.2/avr51/libgcc.a(_exit.o)
 .data          0x0000000000800100        0x0 /usr/lib/gcc/avr/4.9.2/avr51/libgcc.a(_tablejump2.o)
 .data          0x0000000000800100        0x0 /usr/lib/gcc/avr/4.9.2/avr51/libgcc.a(_copy_data.o)
 .data          0x0000000000800100        0x0 /usr/lib/gcc/avr/4.9.2/avr51/libgcc.a(_clear_bss.o)
 .data          0x0000000000800100        0x0 /usr/lib/gcc/avr/4.9.2/avr51/libgcc.a(_umulhisi3.o)
 .data          0x0000000000800100        0x0 /usr/lib/gcc/avr/4.9.2/avr51/libgcc.a(_udivmodhi4.o)
 .data          0x0000000000800100        0x0 /usr/lib/gcc/avr/4.9.2/../../../avr/lib/avr51/libm.a(addsf3.o)
 .data          0x0000000000800100        0x0 /usr/lib/gcc/avr/4.9.2/../../../avr/lib/avr51/libm.a(addsf3x.o)
 .data          0x0000000000800100        0x0 /usr/lib/gcc/avr/4.9.2/../../../avr/lib/avr51/libm.a(cmpsf2.o)
 .data          0x0000000000800100        0x0 /usr/lib/gcc/avr/4.9.2/../../../avr/lib/avr51/libm.a(divsf3.o)
 .data          0x0000000000800100        0x0 /usr/lib/gcc/avr/4.9.2/../../../avr/lib/avr51/libm.a(divsf3x.o)
 .data          0x0000000000800100        0x0 /usr/lib/gcc/avr/4.9.2/../../../avr/lib/avr51/libm.a(fixsfsi.o)
 .data          0x0000000000800100        0x0 /usr/lib/gcc/avr/4.9.2/../../../avr/lib/avr51/libm.a(fixunssfsi.o)
 .data          0x0000000000800100        0x0 /usr/lib/gcc/avr/4.9.2/../../../avr/lib/avr51/libm.a(floatsisf.o)
 .data          0x0000000000800100        0x0 /usr/lib/gcc/avr/4.9.2/../../../avr/lib/avr51/libm.a(fp_cmp.o)
 .data          0x0000000000800100        0x0 /usr/lib/gcc/avr/4.9.2/../../../avr/lib/avr51/libm.a(fp_inf.o)
 .data          0x0000000000800100        0x0 /usr/lib/gcc/avr/4.9.2/../../../avr/lib/avr51/libm.a(fp_nan.o)
 .data          0x0000000000800100        0x0 /usr/lib/gcc/avr/4.9.2/../../../avr/lib/avr51/libm.a(fp_pscA.o)
 .data          0x0000000000800100        0x0 /usr/lib/gcc/avr/4.9.2/../../../avr/lib/avr51/libm.a(fp_pscB.o)
 .data          0x0000000000800100        0x0 /usr/lib/gcc/avr/4.9.2/../../../avr/lib/avr51/libm.a(fp_round.o)
 .data          0x0000000000800100        0x0 /usr/lib/gcc/avr/4.9.2/../../../avr/lib/avr51/libm.a(fp_split3.o)
 .data          0x0000000000800100        0x0 /usr/lib/gcc/avr/4.9.2/../../../avr/lib/avr51/libm.a(fp_zero.o)
 .data          0x0000000000800100        0x0 /usr/lib/gcc/avr/4.9.2/../../../avr/lib/avr51/libm.a(gesf2.o)
 .data          0x0000000000800100        0x0 /usr/lib/gcc/avr/4.9.2/../../../avr/lib/avr51/libm.a(mulsf3.o)
 .data          0x0000000000800100        0x0 /usr/lib/gcc/avr/4.9.2/../../../avr/lib/avr51/libm.a(mulsf3x.o)
 .data          0x0000000000800100        0x0 /usr/lib/gcc/avr/4.9.2/../../../avr/lib/avr51/libm.a(round.o)
 .data          0x0000000000800100        0x0 /usr/lib/gcc/avr/4.9.2/../../../avr/lib/avr51/libm.a(fp_mintl.o)
 .data          0x0000000000800100        0x0 /usr/lib/gcc/avr/4.9.2/../../../avr/lib/avr51/libm.a(fp_mpack.o)
 .data          0x0000000000800100        0x0 /usr/lib/gcc/avr/4.9.2/../../../avr/lib/avr51/libc.a(dtostrf.o)
 .data          0x0000000000800100        0x0 /usr/lib/gcc/avr/4.9.2/../../../avr/lib/avr51/libc.a(atoi.o)
 .data          0x0000000000800100        0x0 /usr/lib/gcc/avr/4.9.2/../../../avr/lib/avr51/libc.a(strcpy.o)
 .data          0x0000000000800100        0x0 /usr/lib/gcc/avr/4.9.2/../../../avr/lib/avr51/libc.a(mul10.o)
 .data          0x0000000000800100        0x0 /usr/lib/gcc/avr/4.9.2/../../../avr/lib/avr51/libc.a(sprintf.o)
 .data          0x0000000000800100        0x0 /usr/lib/gcc/avr/4.9.2/../../../avr/lib/avr51/libc.a(vfprintf_std.o)
 .data          0x0000000000800100        0x0 /usr/lib/gcc/avr/4.9.2/../../../avr/lib/avr51/libc.a(dtoa_prf.o)
 .data          0x0000000000800100        0x0 /usr/lib/gcc/avr/4.9.2/../../../avr/lib/avr51/libc.a(ftoa_engine.o)
 .data          0x0000000000800100        0x0 /usr/lib/gcc/avr/4.9.2/../../../avr/lib/avr51/libc.a(strnlen_P.o)
 .data          0x0000000000800100        0x0 /usr/lib/gcc/avr/4.9.2/../../../avr/lib/avr51/libc.a(strnlen.o)
 .data          0x0000000000800100        0x0 /usr/lib/gcc/avr/4.9.2/../../../avr/lib/avr51/libc.a(fputc.o)
 .data          0x0000000000800100        0x0 /usr/lib/gcc/avr/4.9.2/../../../avr/lib/avr51/libc.a(ultoa_invert.o)
 .data          0x0000000000800100        0x0 /usr/lib/gcc/avr/4.9.2/../../../avr/lib/avr51/libatmega128.a(eerd_byte.o)
 .data          0x0000000000800100        0x0 /usr/lib/gcc/avr/4.9.2/../../../avr/lib/avr51/libatmega128.a(eerd_dword.o)
 .data          0x0000000000800100        0x0 /usr/lib/gcc/avr/4.9.2/../../../avr/lib/avr51/libatmega128.a(eerd_word.o)
 .data          0x0000000000800100        0x0 /usr/lib/gcc/avr/4.9.2/../../../avr/lib/avr51/libatmega128.a(eewr_byte.o)
 .data          0x0000000000800100        0x0 /usr/lib/gcc/avr/4.9.2/../../../avr/lib/avr51/libatmega128.a(eewr_dword.o)
 .data          0x0000000000800100        0x0 /usr/lib/gcc/avr/4.9.2/../../../avr/lib/avr51/libatmega128.a(eewr_word.o)
 .data          0x0000000000800100        0x0 /usr/lib/gcc/avr/4.9.2/../../../avr/lib/avr51/libatmega128.a(eerd_block.o)
 *(.data*)
 .data.__cgram  0x0000000000800100       0x40 ./lcd.o
                0x0000000000800100                __cgram
 *(.rodata)
 *(.rodata*)
 .rodata.str1.1
                0x0000000000800140        0x4 ./discretas.o
                                          0xb (size before relaxing)
 .rodata.str1.1
                0x0000000000800144       0x42 ./display.o
                                         0x5f (size before relaxing)
 .rodata.str1.1
                0x0000000000800186        0xd ./eeprom.o
 .rodata.str1.1
                0x0000000000800193       0x3d ./medicion_ADC.o
 .rodata.flCuentasADCcorrLin
                0x00000000008001d0       0x7c ./medicion_ADC.o
                0x00000000008001d0                flCuentasADCcorrLin
 .rodata.str1.1
                0x000000000080024c       0x49 ./terminal.o
                                         0x51 (size before relaxing)
 *(.gnu.linkonce.d*)
                0x0000000000800296                . = ALIGN (0x2)
 *fill*         0x0000000000800295        0x1 
                0x0000000000800296                _edata = .
                0x0000000000800296                PROVIDE (__data_end, .)

.bss            0x0000000000800296      0x416
                0x0000000000800296                PROVIDE (__bss_start, .)
 *(.bss)
 .bss           0x0000000000800296        0x0 /usr/lib/gcc/avr/4.9.2/../../../avr/lib/avr51/crtatmega128.o
 .bss           0x0000000000800296        0x0 ./PWM420mA.o
 .bss           0x0000000000800296        0x0 ./USART0.o
 .bss           0x0000000000800296        0x0 ./USART1.o
 .bss           0x0000000000800296        0x0 ./alarmas.o
 .bss           0x0000000000800296        0x0 ./discretas.o
 .bss           0x0000000000800296        0x0 ./display.o
 .bss           0x0000000000800296        0x0 ./eeprom.o
 .bss           0x0000000000800296        0x0 ./inicioUc.o
 .bss           0x0000000000800296        0x0 ./lcd.o
 .bss           0x0000000000800296        0x0 ./main.o
 .bss           0x0000000000800296        0x0 ./medicion_ADC.o
 .bss           0x0000000000800296        0x0 ./terminal.o
 .bss           0x0000000000800296        0x0 ./utiles.o
 .bss           0x0000000000800296        0x0 /usr/lib/gcc/avr/4.9.2/avr51/libgcc.a(_divmodhi4.o)
 .bss           0x0000000000800296        0x0 /usr/lib/gcc/avr/4.9.2/avr51/libgcc.a(_exit.o)
 .bss           0x0000000000800296        0x0 /usr/lib/gcc/avr/4.9.2/avr51/libgcc.a(_tablejump2.o)
 .bss           0x0000000000800296        0x0 /usr/lib/gcc/avr/4.9.2/avr51/libgcc.a(_copy_data.o)
 .bss           0x0000000000800296        0x0 /usr/lib/gcc/avr/4.9.2/avr51/libgcc.a(_clear_bss.o)
 .bss           0x0000000000800296        0x0 /usr/lib/gcc/avr/4.9.2/avr51/libgcc.a(_umulhisi3.o)
 .bss           0x0000000000800296        0x0 /usr/lib/gcc/avr/4.9.2/avr51/libgcc.a(_udivmodhi4.o)
 .bss           0x0000000000800296        0x0 /usr/lib/gcc/avr/4.9.2/../../../avr/lib/avr51/libm.a(addsf3.o)
 .bss           0x0000000000800296        0x0 /usr/lib/gcc/avr/4.9.2/../../../avr/lib/avr51/libm.a(addsf3x.o)
 .bss           0x0000000000800296        0x0 /usr/lib/gcc/avr/4.9.2/../../../avr/lib/avr51/libm.a(cmpsf2.o)
 .bss           0x0000000000800296        0x0 /usr/lib/gcc/avr/4.9.2/../../../avr/lib/avr51/libm.a(divsf3.o)
 .bss           0x0000000000800296        0x0 /usr/lib/gcc/avr/4.9.2/../../../avr/lib/avr51/libm.a(divsf3x.o)
 .bss           0x0000000000800296        0x0 /usr/lib/gcc/avr/4.9.2/../../../avr/lib/avr51/libm.a(fixsfsi.o)
 .bss           0x0000000000800296        0x0 /usr/lib/gcc/avr/4.9.2/../../../avr/lib/avr51/libm.a(fixunssfsi.o)
 .bss           0x0000000000800296        0x0 /usr/lib/gcc/avr/4.9.2/../../../avr/lib/avr51/libm.a(floatsisf.o)
 .bss           0x0000000000800296        0x0 /usr/lib/gcc/avr/4.9.2/../../../avr/lib/avr51/libm.a(fp_cmp.o)
 .bss           0x0000000000800296        0x0 /usr/lib/gcc/avr/4.9.2/../../../avr/lib/avr51/libm.a(fp_inf.o)
 .bss           0x0000000000800296        0x0 /usr/lib/gcc/avr/4.9.2/../../../avr/lib/avr51/libm.a(fp_nan.o)
 .bss           0x0000000000800296        0x0 /usr/lib/gcc/avr/4.9.2/../../../avr/lib/avr51/libm.a(fp_pscA.o)
 .bss           0x0000000000800296        0x0 /usr/lib/gcc/avr/4.9.2/../../../avr/lib/avr51/libm.a(fp_pscB.o)
 .bss           0x0000000000800296        0x0 /usr/lib/gcc/avr/4.9.2/../../../avr/lib/avr51/libm.a(fp_round.o)
 .bss           0x0000000000800296        0x0 /usr/lib/gcc/avr/4.9.2/../../../avr/lib/avr51/libm.a(fp_split3.o)
 .bss           0x0000000000800296        0x0 /usr/lib/gcc/avr/4.9.2/../../../avr/lib/avr51/libm.a(fp_zero.o)
 .bss           0x0000000000800296        0x0 /usr/lib/gcc/avr/4.9.2/../../../avr/lib/avr51/libm.a(gesf2.o)
 .bss           0x0000000000800296        0x0 /usr/lib/gcc/avr/4.9.2/../../../avr/lib/avr51/libm.a(mulsf3.o)
 .bss           0x0000000000800296        0x0 /usr/lib/gcc/avr/4.9.2/../../../avr/lib/avr51/libm.a(mulsf3x.o)
 .bss           0x0000000000800296        0x0 /usr/lib/gcc/avr/4.9.2/../../../avr/lib/avr51/libm.a(round.o)
 .bss           0x0000000000800296        0x0 /usr/lib/gcc/avr/4.9.2/../../../avr/lib/avr51/libm.a(fp_mintl.o)
 .bss           0x0000000000800296        0x0 /usr/lib/gcc/avr/4.9.2/../../../avr/lib/avr51/libm.a(fp_mpack.o)
 .bss           0x0000000000800296        0x0 /usr/lib/gcc/avr/4.9.2/../../../avr/lib/avr51/libc.a(dtostrf.o)
 .bss           0x0000000000800296        0x0 /usr/lib/gcc/avr/4.9.2/../../../avr/lib/avr51/libc.a(atoi.o)
 .bss           0x0000000000800296        0x0 /usr/lib/gcc/avr/4.9.2/../../../avr/lib/avr51/libc.a(strcpy.o)
 .bss           0x0000000000800296        0x0 /usr/lib/gcc/avr/4.9.2/../../../avr/lib/avr51/libc.a(mul10.o)
 .bss           0x0000000000800296        0x0 /usr/lib/gcc/avr/4.9.2/../../../avr/lib/avr51/libc.a(sprintf.o)
 .bss           0x0000000000800296        0x0 /usr/lib/gcc/avr/4.9.2/../../../avr/lib/avr51/libc.a(vfprintf_std.o)
 .bss           0x0000000000800296        0x0 /usr/lib/gcc/avr/4.9.2/../../../avr/lib/avr51/libc.a(dtoa_prf.o)
 .bss           0x0000000000800296        0x0 /usr/lib/gcc/avr/4.9.2/../../../avr/lib/avr51/libc.a(ftoa_engine.o)
 .bss           0x0000000000800296        0x0 /usr/lib/gcc/avr/4.9.2/../../../avr/lib/avr51/libc.a(strnlen_P.o)
 .bss           0x0000000000800296        0x0 /usr/lib/gcc/avr/4.9.2/../../../avr/lib/avr51/libc.a(strnlen.o)
 .bss           0x0000000000800296        0x0 /usr/lib/gcc/avr/4.9.2/../../../avr/lib/avr51/libc.a(fputc.o)
 .bss           0x0000000000800296        0x0 /usr/lib/gcc/avr/4.9.2/../../../avr/lib/avr51/libc.a(ultoa_invert.o)
 .bss           0x0000000000800296        0x0 /usr/lib/gcc/avr/4.9.2/../../../avr/lib/avr51/libatmega128.a(eerd_byte.o)
 .bss           0x0000000000800296        0x0 /usr/lib/gcc/avr/4.9.2/../../../avr/lib/avr51/libatmega128.a(eerd_dword.o)
 .bss           0x0000000000800296        0x0 /usr/lib/gcc/avr/4.9.2/../../../avr/lib/avr51/libatmega128.a(eerd_word.o)
 .bss           0x0000000000800296        0x0 /usr/lib/gcc/avr/4.9.2/../../../avr/lib/avr51/libatmega128.a(eewr_byte.o)
 .bss           0x0000000000800296        0x0 /usr/lib/gcc/avr/4.9.2/../../../avr/lib/avr51/libatmega128.a(eewr_dword.o)
 .bss           0x0000000000800296        0x0 /usr/lib/gcc/avr/4.9.2/../../../avr/lib/avr51/libatmega128.a(eewr_word.o)
 .bss           0x0000000000800296        0x0 /usr/lib/gcc/avr/4.9.2/../../../avr/lib/avr51/libatmega128.a(eerd_block.o)
 *(.bss*)
 *(COMMON)
 COMMON         0x0000000000800296        0xf ./PWM420mA.o
                0x0000000000800296                flCorrienteObjetivo
                0x000000000080029a                uGananciaPWM1
                0x000000000080029c                uchEstadoPWM420mA
                0x000000000080029d                uGananciaPWM2
                0x000000000080029f                deltaOCR
                0x00000000008002a1                flDeltaI
 COMMON         0x00000000008002a5      0x19a ./USART0.o
                0x00000000008002a5                uContTimeoutEsperaUSART0
                0x00000000008002a7                chBufferRx_USART0
                0x000000000080036f                uchEstadoRecepcionUSART0
                0x0000000000800370                uchContAuxTx_USART0
                0x0000000000800371                uContTimeoutLecturaRxUSART0
                0x0000000000800373                uContTimeoutRxUSART0
                0x0000000000800375                uchContAuxRx_USART0
                0x0000000000800376                uchEstadoBufferRx_USART0
                0x0000000000800377                chBufferTx_USART0
 COMMON         0x000000000080043f       0xd4 ./USART1.o
                0x000000000080043f                uContTimeoutTxUSART1
                0x0000000000800441                uchEstadoRecepcionUSART1
                0x0000000000800442                uchEstadoBufferRx_USART1
                0x0000000000800443                uchEstadoTransmisionUSART1
                0x0000000000800444                uchContAuxTx_USART1
                0x0000000000800445                chBufferTx_USART1
                0x00000000008004a9                uchEstadoBufferTx_USART1
                0x00000000008004aa                uContTimeoutLecturaRxUSART1
                0x00000000008004ac                chBufferRx_USART1
                0x0000000000800510                uContTimeoutRxUSART1
                0x0000000000800512                uchContAuxRx_USART1
 COMMON         0x0000000000800513       0x19 ./alarmas.o
                0x0000000000800513                uContTiempoAlarmaCond1
                0x0000000000800515                uTiempoAlarmaCond1
                0x0000000000800517                uTiempoSilenciarAlarma
                0x0000000000800519                flValorAlarmaCond2
                0x000000000080051d                uContTiempoAlarmaCond2
                0x000000000080051f                OnOffAlarmas
                0x0000000000800521                ulContTiempoSilenciarAlarma
                0x0000000000800525                uchEstadoAlarmas
                0x0000000000800526                flValorAlarmaCond1
                0x000000000080052a                uTiempoAlarmaCond2
 COMMON         0x000000000080052c       0x15 ./discretas.o
                0x000000000080052c                uValorIntegracionEntradas
                0x0000000000800532                uchEstadoLeerEntradas
                0x0000000000800533                uFlagEntradasLiberadas
                0x0000000000800535                uTiempoIntegracionEntradas
                0x0000000000800537                uEstadoEntradas
                0x0000000000800539                uEstadoEntradasInstantaneas
                0x000000000080053b                chPrintEntradas
                0x000000000080053c                uFlagEntradasActivadas
                0x000000000080053e                chPrintSalidas
                0x000000000080053f                uTimeoutEntradas
 COMMON         0x0000000000800541       0x1d ./display.o
                0x0000000000800541                uContDisplay
                0x0000000000800543                uContDisplayON
                0x0000000000800545                chBuffer
                0x000000000080055a                chDisplayInstalado
                0x000000000080055b                uchEstadoDisplay
                0x000000000080055c                uContDisplayOFF
 COMMON         0x000000000080055e        0x5 ./inicioUc.o
                0x000000000080055e                chBuzzerModo
                0x000000000080055f                uContBuzzerOFF
                0x0000000000800561                uContBuzzerON
 COMMON         0x0000000000800563      0x140 ./medicion_ADC.o
                0x0000000000800563                cond1MaxUs
                0x0000000000800565                uRangoCond1
                0x0000000000800567                uchEstadoADC
                0x0000000000800568                chADCprint
                0x0000000000800569                flCond2valoruS
                0x000000000080056d                uMuestrasADCcond2
                0x000000000080056f                chValorNuevoPWM2
                0x0000000000800570                uMuestrasADCpwm1
                0x0000000000800572                cond1MinUs
                0x0000000000800574                uMuestrasADCcond1
                0x0000000000800576                flOffsetADCcond1
                0x000000000080057a                flOffsetADCcond2
                0x000000000080057e                flPWM1aMA
                0x0000000000800582                flCond1auS
                0x0000000000800586                flCond1valoruS
                0x000000000080058a                cond2MinUs
                0x000000000080058c                uMuestrasADCpwm2
                0x000000000080058e                chValorNuevoPWM1
                0x000000000080058f                flValorADCcond1
                0x0000000000800593                flCond1Factor
                0x000000000080060f                flCond2auS
                0x0000000000800613                flPWM2aMA
                0x0000000000800617                flCond2Factor
                0x0000000000800693                flValorADCcond2
                0x0000000000800697                flPWM1valorMA
                0x000000000080069b                flPWM2valorMA
                0x000000000080069f                cond2MaxUs
                0x00000000008006a1                uRangoCond2
 COMMON         0x00000000008006a3        0x9 ./terminal.o
                0x00000000008006a3                chNumeroSerie
                0x00000000008006a9                uchEstadoTerminal
                0x00000000008006aa                auxIndexTerminal
                0x00000000008006ac                PROVIDE (__bss_end, .)
                0x0000000000009d7e                __data_load_start = LOADADDR (.data)
                0x0000000000009f14                __data_load_end = (__data_load_start + SIZEOF (.data))

.noinit         0x00000000008006ac        0x0
                0x00000000008006ac                PROVIDE (__noinit_start, .)
 *(.noinit*)
                0x00000000008006ac                PROVIDE (__noinit_end, .)
                0x00000000008006ac                _end = .
                0x00000000008006ac                PROVIDE (__heap_start, .)

.eeprom         0x0000000000810000       0x8c
 *(.eeprom*)
 .eeprom        0x0000000000810000       0x8c ./eeprom.o
                0x0000000000810000                flDireccionVaciaEeprom
                0x0000000000810004                uChecksumPWM_Eeprom_BK
                0x0000000000810006                uGananciaPWM2_Eeprom_BK
                0x0000000000810008                uGananciaPWM1_Eeprom_BK
                0x000000000081000a                uChecksumPWM_Eeprom
                0x000000000081000c                uGananciaPWM2_Eeprom
                0x000000000081000e                uGananciaPWM1_Eeprom
                0x0000000000810010                uChecksumADC_Eeprom_BK
                0x0000000000810012                flOffsetADCcond2_Eeprom_BK
                0x0000000000810016                flCond2auS_Eeprom_BK
                0x000000000081001a                uMuestrasADCcond2_Eeprom_BK
                0x000000000081001c                uRangoCond2_Eeprom_BK
                0x000000000081001e                flOffsetADCcond1_Eeprom_BK
                0x0000000000810022                flCond1auS_Eeprom_BK
                0x0000000000810026                uMuestrasADCcond1_Eeprom_BK
                0x0000000000810028                uRangoCond1_Eeprom_BK
                0x000000000081002a                flPWM2aMA_Eeprom_BK
                0x000000000081002e                uMuestrasADCpwm2_Eeprom_BK
                0x0000000000810030                flPWM1aMA_Eeprom_BK
                0x0000000000810034                uMuestrasADCpwm1_Eeprom_BK
                0x0000000000810036                uChecksumADC_Eeprom
                0x0000000000810038                flOffsetADCcond2_Eeprom
                0x000000000081003c                flCond2auS_Eeprom
                0x0000000000810040                uMuestrasADCcond2_Eeprom
                0x0000000000810042                uRangoCond2_Eeprom
                0x0000000000810044                flOffsetADCcond1_Eeprom
                0x0000000000810048                flCond1auS_Eeprom
                0x000000000081004c                uMuestrasADCcond1_Eeprom
                0x000000000081004e                uRangoCond1_Eeprom
                0x0000000000810050                flPWM2aMA_Eeprom
                0x0000000000810054                uMuestrasADCpwm2_Eeprom
                0x0000000000810056                flPWM1aMA_Eeprom
                0x000000000081005a                uMuestrasADCpwm1_Eeprom
                0x000000000081005c                uChecksumAlarmas_Eeprom_BK
                0x000000000081005e                uTiempoSilenciarAlarma_Eeprom_BK
                0x0000000000810060                uTiempoAlarmaCond2_Eeprom_BK
                0x0000000000810062                flValorAlarmaCond2_Eeprom_BK
                0x0000000000810066                uTiempoAlarmaCond1_Eeprom_BK
                0x0000000000810068                flValorAlarmaCond1_Eeprom_BK
                0x000000000081006c                uChecksumAlarmas_Eeprom
                0x000000000081006e                uTiempoSilenciarAlarma_Eeprom
                0x0000000000810070                uTiempoAlarmaCond2_Eeprom
                0x0000000000810072                flValorAlarmaCond2_Eeprom
                0x0000000000810076                uTiempoAlarmaCond1_Eeprom
                0x0000000000810078                flValorAlarmaCond1_Eeprom
                0x000000000081007c                uChecksumGeneral_Eeprom_BK
                0x000000000081007e                chNumeroSerie_Eeprom_BK
                0x0000000000810084                uChecksumGeneral_Eeprom
                0x0000000000810086                chNumeroSerie_Eeprom
                0x000000000081008c                __eeprom_end = .

.fuse
 *(.fuse)
 *(.lfuse)
 *(.hfuse)
 *(.efuse)

.lock
 *(.lock*)

.signature
 *(.signature*)

.user_signatures
 *(.user_signatures*)

.stab
 *(.stab)

.stabstr
 *(.stabstr)

.stab.excl
 *(.stab.excl)

.stab.exclstr
 *(.stab.exclstr)

.stab.index
 *(.stab.index)

.stab.indexstr
 *(.stab.indexstr)

.comment        0x0000000000000000       0x11
 *(.comment)
 .comment       0x0000000000000000       0x11 ./PWM420mA.o
                                         0x12 (size before relaxing)
 .comment       0x0000000000000011       0x12 ./USART0.o
 .comment       0x0000000000000011       0x12 ./USART1.o
 .comment       0x0000000000000011       0x12 ./alarmas.o
 .comment       0x0000000000000011       0x12 ./discretas.o
 .comment       0x0000000000000011       0x12 ./display.o
 .comment       0x0000000000000011       0x12 ./eeprom.o
 .comment       0x0000000000000011       0x12 ./inicioUc.o
 .comment       0x0000000000000011       0x12 ./lcd.o
 .comment       0x0000000000000011       0x12 ./main.o
 .comment       0x0000000000000011       0x12 ./medicion_ADC.o
 .comment       0x0000000000000011       0x12 ./terminal.o
 .comment       0x0000000000000011       0x12 ./utiles.o
 .comment       0x0000000000000011       0x12 /usr/lib/gcc/avr/4.9.2/../../../avr/lib/avr51/libc.a(dtostrf.o)
 .comment       0x0000000000000011       0x12 /usr/lib/gcc/avr/4.9.2/../../../avr/lib/avr51/libc.a(sprintf.o)
 .comment       0x0000000000000011       0x12 /usr/lib/gcc/avr/4.9.2/../../../avr/lib/avr51/libc.a(vfprintf_std.o)
 .comment       0x0000000000000011       0x12 /usr/lib/gcc/avr/4.9.2/../../../avr/lib/avr51/libc.a(dtoa_prf.o)
 .comment       0x0000000000000011       0x12 /usr/lib/gcc/avr/4.9.2/../../../avr/lib/avr51/libc.a(fputc.o)

.note.gnu.avr.deviceinfo
                0x0000000000000000       0x3c
 .note.gnu.avr.deviceinfo
                0x0000000000000000       0x3c /usr/lib/gcc/avr/4.9.2/../../../avr/lib/avr51/crtatmega128.o

.note.gnu.build-id
 *(.note.gnu.build-id)

.debug
 *(.debug)

.line
 *(.line)

.debug_srcinfo
 *(.debug_srcinfo)

.debug_sfnames
 *(.debug_sfnames)

.debug_aranges
 *(.debug_aranges)

.debug_pubnames
 *(.debug_pubnames)

.debug_info
 *(.debug_info .gnu.linkonce.wi.*)

.debug_abbrev
 *(.debug_abbrev)

.debug_line
 *(.debug_line .debug_line.* .debug_line_end)

.debug_frame
 *(.debug_frame)

.debug_str
 *(.debug_str)

.debug_loc
 *(.debug_loc)

.debug_macinfo
 *(.debug_macinfo)

.debug_weaknames
 *(.debug_weaknames)

.debug_funcnames
 *(.debug_funcnames)

.debug_typenames
 *(.debug_typenames)

.debug_varnames
 *(.debug_varnames)

.debug_pubtypes
 *(.debug_pubtypes)

.debug_ranges
 *(.debug_ranges)

.debug_macro
 *(.debug_macro)
OUTPUT(conductimetro.elf elf32-avr)
LOAD linker stubs
