Archive member included to satisfy reference by file (symbol)

/usr/lib/gcc/avr/4.9.2/avr5/libgcc.a(_divmodhi4.o)
                              ./lcd.o (__divmodhi4)
/usr/lib/gcc/avr/4.9.2/avr5/libgcc.a(_exit.o)
                              /usr/lib/gcc/avr/4.9.2/../../../avr/lib/avr5/crtatmega328p.o (exit)
/usr/lib/gcc/avr/4.9.2/avr5/libgcc.a(_tablejump2.o)
                              ./motorPP.o (__tablejump2__)
/usr/lib/gcc/avr/4.9.2/avr5/libgcc.a(_copy_data.o)
                              ./control.o (__do_copy_data)
/usr/lib/gcc/avr/4.9.2/avr5/libgcc.a(_clear_bss.o)
                              ./ADC.o (__do_clear_bss)
/usr/lib/gcc/avr/4.9.2/avr5/libgcc.a(_udivmodhi4.o)
                              /usr/lib/gcc/avr/4.9.2/avr5/libgcc.a(_divmodhi4.o) (__udivmodhi4)
/usr/lib/gcc/avr/4.9.2/../../../avr/lib/avr5/libm.a(addsf3.o)
                              ./ADC.o (__subsf3)
/usr/lib/gcc/avr/4.9.2/../../../avr/lib/avr5/libm.a(addsf3x.o)
                              /usr/lib/gcc/avr/4.9.2/../../../avr/lib/avr5/libm.a(addsf3.o) (__addsf3x)
/usr/lib/gcc/avr/4.9.2/../../../avr/lib/avr5/libm.a(cmpsf2.o)
                              ./eeprom.o (__eqsf2)
/usr/lib/gcc/avr/4.9.2/../../../avr/lib/avr5/libm.a(divsf3.o)
                              ./ADC.o (__divsf3)
/usr/lib/gcc/avr/4.9.2/../../../avr/lib/avr5/libm.a(divsf3x.o)
                              /usr/lib/gcc/avr/4.9.2/../../../avr/lib/avr5/libm.a(divsf3.o) (__divsf3x)
/usr/lib/gcc/avr/4.9.2/../../../avr/lib/avr5/libm.a(fixsfsi.o)
                              ./caudales.o (__fixsfsi)
/usr/lib/gcc/avr/4.9.2/../../../avr/lib/avr5/libm.a(fixunssfsi.o)
                              /usr/lib/gcc/avr/4.9.2/../../../avr/lib/avr5/libm.a(fixsfsi.o) (__fixunssfsi)
/usr/lib/gcc/avr/4.9.2/../../../avr/lib/avr5/libm.a(floatsisf.o)
                              ./ADC.o (__floatunsisf)
/usr/lib/gcc/avr/4.9.2/../../../avr/lib/avr5/libm.a(fp_cmp.o)
                              /usr/lib/gcc/avr/4.9.2/../../../avr/lib/avr5/libm.a(cmpsf2.o) (__fp_cmp)
/usr/lib/gcc/avr/4.9.2/../../../avr/lib/avr5/libm.a(fp_inf.o)
                              /usr/lib/gcc/avr/4.9.2/../../../avr/lib/avr5/libm.a(addsf3x.o) (__fp_inf)
/usr/lib/gcc/avr/4.9.2/../../../avr/lib/avr5/libm.a(fp_nan.o)
                              /usr/lib/gcc/avr/4.9.2/../../../avr/lib/avr5/libm.a(addsf3x.o) (__fp_nan)
/usr/lib/gcc/avr/4.9.2/../../../avr/lib/avr5/libm.a(fp_pscA.o)
                              /usr/lib/gcc/avr/4.9.2/../../../avr/lib/avr5/libm.a(addsf3x.o) (__fp_pscA)
/usr/lib/gcc/avr/4.9.2/../../../avr/lib/avr5/libm.a(fp_pscB.o)
                              /usr/lib/gcc/avr/4.9.2/../../../avr/lib/avr5/libm.a(addsf3x.o) (__fp_pscB)
/usr/lib/gcc/avr/4.9.2/../../../avr/lib/avr5/libm.a(fp_round.o)
                              /usr/lib/gcc/avr/4.9.2/../../../avr/lib/avr5/libm.a(addsf3.o) (__fp_round)
/usr/lib/gcc/avr/4.9.2/../../../avr/lib/avr5/libm.a(fp_split3.o)
                              /usr/lib/gcc/avr/4.9.2/../../../avr/lib/avr5/libm.a(addsf3x.o) (__fp_split3)
/usr/lib/gcc/avr/4.9.2/../../../avr/lib/avr5/libm.a(fp_zero.o)
                              /usr/lib/gcc/avr/4.9.2/../../../avr/lib/avr5/libm.a(addsf3x.o) (__fp_zero)
/usr/lib/gcc/avr/4.9.2/../../../avr/lib/avr5/libm.a(gesf2.o)
                              ./ADC.o (__gesf2)
/usr/lib/gcc/avr/4.9.2/../../../avr/lib/avr5/libm.a(mulsf3.o)
                              ./ADC.o (__mulsf3)
/usr/lib/gcc/avr/4.9.2/../../../avr/lib/avr5/libm.a(mulsf3x.o)
                              /usr/lib/gcc/avr/4.9.2/../../../avr/lib/avr5/libm.a(mulsf3.o) (__mulsf3x)
/usr/lib/gcc/avr/4.9.2/../../../avr/lib/avr5/libc.a(dtostrf.o)
                              ./USART0.o (dtostrf)
/usr/lib/gcc/avr/4.9.2/../../../avr/lib/avr5/libc.a(atoi.o)
                              ./terminal.o (atoi)
/usr/lib/gcc/avr/4.9.2/../../../avr/lib/avr5/libc.a(strcpy.o)
                              ./control.o (strcpy)
/usr/lib/gcc/avr/4.9.2/../../../avr/lib/avr5/libc.a(mul10.o)
                              /usr/lib/gcc/avr/4.9.2/../../../avr/lib/avr5/libc.a(atoi.o) (__mulhi_const_10)
/usr/lib/gcc/avr/4.9.2/../../../avr/lib/avr5/libc.a(sprintf.o)
                              ./control.o (sprintf)
/usr/lib/gcc/avr/4.9.2/../../../avr/lib/avr5/libc.a(vfprintf_std.o)
                              /usr/lib/gcc/avr/4.9.2/../../../avr/lib/avr5/libc.a(sprintf.o) (vfprintf)
/usr/lib/gcc/avr/4.9.2/../../../avr/lib/avr5/libc.a(dtoa_prf.o)
                              /usr/lib/gcc/avr/4.9.2/../../../avr/lib/avr5/libc.a(dtostrf.o) (dtoa_prf)
/usr/lib/gcc/avr/4.9.2/../../../avr/lib/avr5/libc.a(ftoa_engine.o)
                              /usr/lib/gcc/avr/4.9.2/../../../avr/lib/avr5/libc.a(dtoa_prf.o) (__ftoa_engine)
/usr/lib/gcc/avr/4.9.2/../../../avr/lib/avr5/libc.a(strnlen_P.o)
                              /usr/lib/gcc/avr/4.9.2/../../../avr/lib/avr5/libc.a(vfprintf_std.o) (strnlen_P)
/usr/lib/gcc/avr/4.9.2/../../../avr/lib/avr5/libc.a(strnlen.o)
                              /usr/lib/gcc/avr/4.9.2/../../../avr/lib/avr5/libc.a(vfprintf_std.o) (strnlen)
/usr/lib/gcc/avr/4.9.2/../../../avr/lib/avr5/libc.a(fputc.o)
                              /usr/lib/gcc/avr/4.9.2/../../../avr/lib/avr5/libc.a(vfprintf_std.o) (fputc)
/usr/lib/gcc/avr/4.9.2/../../../avr/lib/avr5/libc.a(ultoa_invert.o)
                              /usr/lib/gcc/avr/4.9.2/../../../avr/lib/avr5/libc.a(vfprintf_std.o) (__ultoa_invert)
/usr/lib/gcc/avr/4.9.2/../../../avr/lib/avr5/libatmega328p.a(eerd_byte.o)
                              ./eeprom.o (eeprom_read_byte)
/usr/lib/gcc/avr/4.9.2/../../../avr/lib/avr5/libatmega328p.a(eerd_dword.o)
                              ./eeprom.o (eeprom_read_float)
/usr/lib/gcc/avr/4.9.2/../../../avr/lib/avr5/libatmega328p.a(eerd_word.o)
                              ./eeprom.o (eeprom_read_word)
/usr/lib/gcc/avr/4.9.2/../../../avr/lib/avr5/libatmega328p.a(eewr_byte.o)
                              ./eeprom.o (eeprom_write_byte)
/usr/lib/gcc/avr/4.9.2/../../../avr/lib/avr5/libatmega328p.a(eewr_dword.o)
                              ./eeprom.o (eeprom_write_float)
/usr/lib/gcc/avr/4.9.2/../../../avr/lib/avr5/libatmega328p.a(eewr_word.o)
                              ./eeprom.o (eeprom_write_word)
/usr/lib/gcc/avr/4.9.2/../../../avr/lib/avr5/libatmega328p.a(eerd_block.o)
                              /usr/lib/gcc/avr/4.9.2/../../../avr/lib/avr5/libatmega328p.a(eerd_dword.o) (eeprom_read_blraw)
/usr/lib/gcc/avr/4.9.2/avr5/libgcc.a(_prologue.o)
                              /usr/lib/gcc/avr/4.9.2/../../../avr/lib/avr5/libc.a(sprintf.o) (__prologue_saves__)
/usr/lib/gcc/avr/4.9.2/avr5/libgcc.a(_epilogue.o)
                              /usr/lib/gcc/avr/4.9.2/../../../avr/lib/avr5/libc.a(sprintf.o) (__epilogue_restores__)

Allocating common symbols
Common symbol       size              file

uchEstadoControl    0x1               ./control.o
uchEstadoBufferTx_USART0
                    0x1               ./USART0.o
chPrintEstado       0x1               ./control.o
uContTimeoutEsperaUSART0
                    0x2               ./USART0.o
uContPeriodoPID     0x2               ./control.o
chBufferRx_USART0   0xc8              ./USART0.o
flPIDintMax         0x4               ./control.o
uPeriodoVedaCaudal  0x2               ./control.o
uchEstadoCaudales   0x1               ./caudales.o
uContActualizarDisplay
                    0x2               ./main.o
flPIDderivTerm      0x4               ./control.o
chBuffer            0x1e              ./main.o
uPeriodoPID         0x2               ./control.o
stateMotorPP        0x2               ./motorPP.o
flPIDintegTerm      0x4               ./control.o
flCaudalMedidoAnterior
                    0x4               ./control.o
relativePositionBySteps
                    0x2               ./motorPP.o
flPIDerror          0x4               ./control.o
chPrintPID          0x1               ./control.o
flTempMedidaAnterior
                    0x4               ./control.o
flVariacionCaudalMedido
                    0x4               ./control.o
flTempMedida        0x4               ./max6675.o
uchEstadoRotar      0x1               ./motorPP.o
uContPeriodoVedaPID
                    0x2               ./control.o
flCaudalEscalaKsPID
                    0x4               ./control.o
uchEstadoTerminal   0x1               ./terminal.o
flPIDpropTerm       0x4               ./control.o
uchEstadoRecepcionUSART0
                    0x1               ./USART0.o
flTempAux           0x4               ./max6675.o
uchContAuxTx_USART0
                    0x1               ./USART0.o
uContTimeoutLecturaRxUSART0
                    0x2               ./USART0.o
chLlamaDetectada    0x1               ./main.o
flTensionBateria    0x4               ./ADC.o
uContMotorPP        0x2               ./motorPP.o
flPIDkD             0x4               ./control.o
uContTimeoutRxUSART0
                    0x2               ./USART0.o
uchEtapaMedicionCaudal
                    0x1               ./caudales.o
uContStandbyCaudal  0x2               ./caudales.o
flEscalaVariacionCaudal
                    0x4               ./control.o
uchEstadoMotorPP    0x1               ./motorPP.o
flPIDkI             0x4               ./control.o
stepToRotate        0x2               ./motorPP.o
chEstadoADC         0x1               ./ADC.o
flCaudalMedido      0x4               ./caudales.o
uchContAuxRx_USART0
                    0x1               ./USART0.o
uContLlamaDetectada
                    0x2               ./main.o
uPrimerCaptura      0x2               ./caudales.o
flPIDkP             0x4               ./control.o
uContPeriodoVedaCaudal
                    0x2               ./control.o
auxLowBite          0x2               ./max6675.o
uSegundaCaptura     0x2               ./caudales.o
uContMax6675        0x2               ./max6675.o
uchEstadoTransmisionUSART0
                    0x1               ./USART0.o
auxIndexTerminal    0x2               ./terminal.o
uPeriodoVedaPID     0x2               ./control.o
flVariacionCaudalSetP
                    0x4               ./control.o
uchEstadoBufferRx_USART0
                    0x1               ./USART0.o
flTempSetP          0x4               ./ADC.o
chBufferTx_USART0   0xc8              ./USART0.o
auxHighBite         0x2               ./max6675.o
uchEstadoSensorTemp
                    0x1               ./max6675.o

Memory Configuration

Name             Origin             Length             Attributes
text             0x0000000000000000 0x0000000000020000 xr
data             0x0000000000800060 0x000000000000ffa0 rw !x
eeprom           0x0000000000810000 0x0000000000010000 rw !x
fuse             0x0000000000820000 0x0000000000000400 rw !x
lock             0x0000000000830000 0x0000000000000400 rw !x
signature        0x0000000000840000 0x0000000000000400 rw !x
user_signatures  0x0000000000850000 0x0000000000000400 rw !x
*default*        0x0000000000000000 0xffffffffffffffff

Linker script and memory map

Address of section .data set to 0x800100
LOAD /usr/lib/gcc/avr/4.9.2/../../../avr/lib/avr5/crtatmega328p.o
LOAD ./ADC.o
LOAD ./USART0.o
LOAD ./caudales.o
LOAD ./control.o
LOAD ./ds18b20.o
LOAD ./eeprom.o
LOAD ./inicio.o
LOAD ./lcd.o
LOAD ./main.o
LOAD ./max6675.o
LOAD ./motorPP.o
LOAD ./terminal.o
LOAD ./utiles.o
START GROUP
LOAD /usr/lib/gcc/avr/4.9.2/avr5/libgcc.a
LOAD /usr/lib/gcc/avr/4.9.2/../../../avr/lib/avr5/libm.a
LOAD /usr/lib/gcc/avr/4.9.2/../../../avr/lib/avr5/libc.a
LOAD /usr/lib/gcc/avr/4.9.2/../../../avr/lib/avr5/libatmega328p.a
END GROUP

.hash
 *(.hash)

.dynsym
 *(.dynsym)

.dynstr
 *(.dynstr)

.gnu.version
 *(.gnu.version)

.gnu.version_d
 *(.gnu.version_d)

.gnu.version_r
 *(.gnu.version_r)

.rel.init
 *(.rel.init)

.rela.init
 *(.rela.init)

.rel.text
 *(.rel.text)
 *(.rel.text.*)
 *(.rel.gnu.linkonce.t*)

.rela.text
 *(.rela.text)
 *(.rela.text.*)
 *(.rela.gnu.linkonce.t*)

.rel.fini
 *(.rel.fini)

.rela.fini
 *(.rela.fini)

.rel.rodata
 *(.rel.rodata)
 *(.rel.rodata.*)
 *(.rel.gnu.linkonce.r*)

.rela.rodata
 *(.rela.rodata)
 *(.rela.rodata.*)
 *(.rela.gnu.linkonce.r*)

.rel.data
 *(.rel.data)
 *(.rel.data.*)
 *(.rel.gnu.linkonce.d*)

.rela.data
 *(.rela.data)
 *(.rela.data.*)
 *(.rela.gnu.linkonce.d*)

.rel.ctors
 *(.rel.ctors)

.rela.ctors
 *(.rela.ctors)

.rel.dtors
 *(.rel.dtors)

.rela.dtors
 *(.rela.dtors)

.rel.got
 *(.rel.got)

.rela.got
 *(.rela.got)

.rel.bss
 *(.rel.bss)

.rela.bss
 *(.rela.bss)

.rel.plt
 *(.rel.plt)

.rela.plt
 *(.rela.plt)

.text           0x0000000000000000     0x528a
 *(.vectors)
 .vectors       0x0000000000000000       0x68 /usr/lib/gcc/avr/4.9.2/../../../avr/lib/avr5/crtatmega328p.o
                0x0000000000000000                __vectors
 *(.vectors)
 *(.progmem.gcc*)
 .progmem.gcc_sw_table.Rotar_Motor_PP
                0x0000000000000068       0x10 ./motorPP.o
                0x0000000000000078                . = ALIGN (0x2)
                0x0000000000000078                __trampolines_start = .
 *(.trampolines)
 .trampolines   0x0000000000000078        0x0 linker stubs
 *(.trampolines*)
                0x0000000000000078                __trampolines_end = .
 *(.progmem*)
 .progmem.data.numeroGrupo_MSG
                0x0000000000000078       0x13 ./eeprom.o
                0x0000000000000078                numeroGrupo_MSG
 .progmem.data.cargaPorDefecto_MSG
                0x000000000000008b       0x1b ./eeprom.o
                0x000000000000008b                cargaPorDefecto_MSG
 .progmem.data.datosOrigBackUPError_MSG
                0x00000000000000a6       0x27 ./eeprom.o
                0x00000000000000a6                datosOrigBackUPError_MSG
 .progmem.data.datosBackUpOK_MSG
                0x00000000000000cd       0x14 ./eeprom.o
                0x00000000000000cd                datosBackUpOK_MSG
 .progmem.data.datosOriginalesError_MSG
                0x00000000000000e1       0x1b ./eeprom.o
                0x00000000000000e1                datosOriginalesError_MSG
 .progmem.data.datosBackUpError_MSG
                0x00000000000000fc       0x1a ./eeprom.o
                0x00000000000000fc                datosBackUpError_MSG
 .progmem.data.datosOriginalesOk_MSG
                0x0000000000000116       0x15 ./eeprom.o
                0x0000000000000116                datosOriginalesOk_MSG
 .progmem.data.validacion_PID_MSG
                0x000000000000012b       0x1c ./eeprom.o
                0x000000000000012b                validacion_PID_MSG
 .progmem.data.__c.2424
                0x0000000000000147        0x4 ./terminal.o
 .progmem.data.__c.2421
                0x000000000000014b        0x4 ./terminal.o
 .progmem.data.MSG_Terminal_Lista
                0x000000000000014f       0x17 ./terminal.o
                0x000000000000014f                MSG_Terminal_Lista
 .progmem.data.MSG_Error
                0x0000000000000166        0x7 ./terminal.o
                0x0000000000000166                MSG_Error
 .progmem.data.MSG_End
                0x000000000000016d        0x5 ./terminal.o
                0x000000000000016d                MSG_End
 .progmem.data.MSG_Ok
                0x0000000000000172        0x4 ./terminal.o
                0x0000000000000172                MSG_Ok
 .progmem.data.MSG_Borrado
                0x0000000000000176        0x9 ./terminal.o
                0x0000000000000176                MSG_Borrado
 .progmem.data.MSG_Desconocido
                0x000000000000017f        0xd ./terminal.o
                0x000000000000017f                MSG_Desconocido
 .progmem.data.MSG_Parametro
                0x000000000000018c        0xb ./terminal.o
                0x000000000000018c                MSG_Parametro
 .progmem.data.MSG_Comando
                0x0000000000000197        0x9 ./terminal.o
                0x0000000000000197                MSG_Comando
 .progmem.data.Comando_Factory_Reset
                0x00000000000001a0        0xf ./terminal.o
                0x00000000000001a0                Comando_Factory_Reset
 .progmem.data.Comando_Reiniciar
                0x00000000000001af        0xb ./terminal.o
                0x00000000000001af                Comando_Reiniciar
 .progmem.data.Comando_Reset
                0x00000000000001ba        0x7 ./terminal.o
                0x00000000000001ba                Comando_Reset
 .progmem.data.Comando_PID
                0x00000000000001c1        0x5 ./terminal.o
                0x00000000000001c1                Comando_PID
 .progmem.data.Comando_Estado
                0x00000000000001c6        0x8 ./terminal.o
                0x00000000000001c6                Comando_Estado
 .progmem.data.Comando_Print
                0x00000000000001ce        0x7 ./terminal.o
                0x00000000000001ce                Comando_Print
 .progmem.data.Comando_Perfil
                0x00000000000001d5        0x8 ./terminal.o
                0x00000000000001d5                Comando_Perfil
 .progmem.data.Comando_Escala_Var_Caudal
                0x00000000000001dd        0x5 ./terminal.o
                0x00000000000001dd                Comando_Escala_Var_Caudal
 .progmem.data.Comando_Caudal_Escala_PID
                0x00000000000001e2        0x8 ./terminal.o
                0x00000000000001e2                Comando_Caudal_Escala_PID
 .progmem.data.Comando_Porcent_Var_Caudal
                0x00000000000001ea        0x5 ./terminal.o
                0x00000000000001ea                Comando_Porcent_Var_Caudal
 .progmem.data.Comando_Periodo_Veda_Caudal
                0x00000000000001ef        0x5 ./terminal.o
                0x00000000000001ef                Comando_Periodo_Veda_Caudal
 .progmem.data.Comando_Periodo_Veda_PID
                0x00000000000001f4        0x7 ./terminal.o
                0x00000000000001f4                Comando_Periodo_Veda_PID
 .progmem.data.Comando_Periodo_PID
                0x00000000000001fb        0x6 ./terminal.o
                0x00000000000001fb                Comando_Periodo_PID
 .progmem.data.Comando_Max_Integ
                0x0000000000000201        0x8 ./terminal.o
                0x0000000000000201                Comando_Max_Integ
 .progmem.data.Comando_KD
                0x0000000000000209        0x4 ./terminal.o
                0x0000000000000209                Comando_KD
 .progmem.data.Comando_KI
                0x000000000000020d        0x4 ./terminal.o
                0x000000000000020d                Comando_KI
 .progmem.data.Comando_KP
                0x0000000000000211        0x4 ./terminal.o
                0x0000000000000211                Comando_KP
 .progmem.data.Comando_MotorGasPP
                0x0000000000000215        0x6 ./terminal.o
                0x0000000000000215                Comando_MotorGasPP
 .progmem.data  0x000000000000021b       0xfa /usr/lib/gcc/avr/4.9.2/../../../avr/lib/avr5/libc.a(ftoa_engine.o)
                0x0000000000000316                . = ALIGN (0x2)
 *fill*         0x0000000000000315        0x1 
 *(.jumptables)
 *(.jumptables*)
 *(.lowtext)
 *(.lowtext*)
                0x0000000000000316                __ctors_start = .
 *(.ctors)
                0x0000000000000316                __ctors_end = .
                0x0000000000000316                __dtors_start = .
 *(.dtors)
                0x0000000000000316                __dtors_end = .
 SORT(*)(.ctors)
 SORT(*)(.dtors)
 *(.init0)
 .init0         0x0000000000000316        0x0 /usr/lib/gcc/avr/4.9.2/../../../avr/lib/avr5/crtatmega328p.o
                0x0000000000000316                __init
 *(.init0)
 *(.init1)
 *(.init1)
 *(.init2)
 .init2         0x0000000000000316        0xc /usr/lib/gcc/avr/4.9.2/../../../avr/lib/avr5/crtatmega328p.o
 *(.init2)
 *(.init3)
 *(.init3)
 *(.init4)
 .init4         0x0000000000000322       0x16 /usr/lib/gcc/avr/4.9.2/avr5/libgcc.a(_copy_data.o)
                0x0000000000000322                __do_copy_data
 .init4         0x0000000000000338       0x10 /usr/lib/gcc/avr/4.9.2/avr5/libgcc.a(_clear_bss.o)
                0x0000000000000338                __do_clear_bss
 *(.init4)
 *(.init5)
 *(.init5)
 *(.init6)
 *(.init6)
 *(.init7)
 *(.init7)
 *(.init8)
 *(.init8)
 *(.init9)
 .init9         0x0000000000000348        0x8 /usr/lib/gcc/avr/4.9.2/../../../avr/lib/avr5/crtatmega328p.o
 *(.init9)
 *(.text)
 .text          0x0000000000000350        0x4 /usr/lib/gcc/avr/4.9.2/../../../avr/lib/avr5/crtatmega328p.o
                0x0000000000000350                __vector_22
                0x0000000000000350                __vector_1
                0x0000000000000350                __vector_24
                0x0000000000000350                __vector_12
                0x0000000000000350                __bad_interrupt
                0x0000000000000350                __vector_6
                0x0000000000000350                __vector_3
                0x0000000000000350                __vector_23
                0x0000000000000350                __vector_25
                0x0000000000000350                __vector_11
                0x0000000000000350                __vector_17
                0x0000000000000350                __vector_19
                0x0000000000000350                __vector_5
                0x0000000000000350                __vector_4
                0x0000000000000350                __vector_9
                0x0000000000000350                __vector_2
                0x0000000000000350                __vector_21
                0x0000000000000350                __vector_15
                0x0000000000000350                __vector_8
                0x0000000000000350                __vector_14
                0x0000000000000350                __vector_16
                0x0000000000000350                __vector_18
                0x0000000000000350                __vector_20
 .text          0x0000000000000354        0x0 ./ADC.o
 .text          0x0000000000000354        0x0 ./USART0.o
 .text          0x0000000000000354        0x0 ./caudales.o
 .text          0x0000000000000354        0x0 ./control.o
 .text          0x0000000000000354        0x0 ./ds18b20.o
 .text          0x0000000000000354        0x0 ./eeprom.o
 .text          0x0000000000000354        0x0 ./inicio.o
 .text          0x0000000000000354        0x0 ./lcd.o
 .text          0x0000000000000354        0x0 ./main.o
 .text          0x0000000000000354        0x0 ./max6675.o
 .text          0x0000000000000354        0x0 ./motorPP.o
 .text          0x0000000000000354        0x0 ./terminal.o
 .text          0x0000000000000354        0x0 ./utiles.o
 .text          0x0000000000000354        0x0 /usr/lib/gcc/avr/4.9.2/avr5/libgcc.a(_divmodhi4.o)
 .text          0x0000000000000354        0x0 /usr/lib/gcc/avr/4.9.2/avr5/libgcc.a(_exit.o)
 .text          0x0000000000000354        0x0 /usr/lib/gcc/avr/4.9.2/avr5/libgcc.a(_tablejump2.o)
 .text          0x0000000000000354        0x0 /usr/lib/gcc/avr/4.9.2/avr5/libgcc.a(_copy_data.o)
 .text          0x0000000000000354        0x0 /usr/lib/gcc/avr/4.9.2/avr5/libgcc.a(_clear_bss.o)
 .text          0x0000000000000354        0x0 /usr/lib/gcc/avr/4.9.2/avr5/libgcc.a(_udivmodhi4.o)
 .text          0x0000000000000354        0x0 /usr/lib/gcc/avr/4.9.2/../../../avr/lib/avr5/libm.a(addsf3.o)
 .text          0x0000000000000354        0x0 /usr/lib/gcc/avr/4.9.2/../../../avr/lib/avr5/libm.a(addsf3x.o)
 .text          0x0000000000000354        0x0 /usr/lib/gcc/avr/4.9.2/../../../avr/lib/avr5/libm.a(cmpsf2.o)
 .text          0x0000000000000354        0x0 /usr/lib/gcc/avr/4.9.2/../../../avr/lib/avr5/libm.a(divsf3.o)
 .text          0x0000000000000354        0x0 /usr/lib/gcc/avr/4.9.2/../../../avr/lib/avr5/libm.a(divsf3x.o)
 .text          0x0000000000000354        0x0 /usr/lib/gcc/avr/4.9.2/../../../avr/lib/avr5/libm.a(fixsfsi.o)
 .text          0x0000000000000354        0x0 /usr/lib/gcc/avr/4.9.2/../../../avr/lib/avr5/libm.a(fixunssfsi.o)
 .text          0x0000000000000354        0x0 /usr/lib/gcc/avr/4.9.2/../../../avr/lib/avr5/libm.a(floatsisf.o)
 .text          0x0000000000000354        0x0 /usr/lib/gcc/avr/4.9.2/../../../avr/lib/avr5/libm.a(fp_cmp.o)
 .text          0x0000000000000354        0x0 /usr/lib/gcc/avr/4.9.2/../../../avr/lib/avr5/libm.a(fp_inf.o)
 .text          0x0000000000000354        0x0 /usr/lib/gcc/avr/4.9.2/../../../avr/lib/avr5/libm.a(fp_nan.o)
 .text          0x0000000000000354        0x0 /usr/lib/gcc/avr/4.9.2/../../../avr/lib/avr5/libm.a(fp_pscA.o)
 .text          0x0000000000000354        0x0 /usr/lib/gcc/avr/4.9.2/../../../avr/lib/avr5/libm.a(fp_pscB.o)
 .text          0x0000000000000354        0x0 /usr/lib/gcc/avr/4.9.2/../../../avr/lib/avr5/libm.a(fp_round.o)
 .text          0x0000000000000354        0x0 /usr/lib/gcc/avr/4.9.2/../../../avr/lib/avr5/libm.a(fp_split3.o)
 .text          0x0000000000000354        0x0 /usr/lib/gcc/avr/4.9.2/../../../avr/lib/avr5/libm.a(fp_zero.o)
 .text          0x0000000000000354        0x0 /usr/lib/gcc/avr/4.9.2/../../../avr/lib/avr5/libm.a(gesf2.o)
 .text          0x0000000000000354        0x0 /usr/lib/gcc/avr/4.9.2/../../../avr/lib/avr5/libm.a(mulsf3.o)
 .text          0x0000000000000354        0x0 /usr/lib/gcc/avr/4.9.2/../../../avr/lib/avr5/libm.a(mulsf3x.o)
 .text          0x0000000000000354        0x0 /usr/lib/gcc/avr/4.9.2/../../../avr/lib/avr5/libc.a(dtostrf.o)
 .text          0x0000000000000354        0x0 /usr/lib/gcc/avr/4.9.2/../../../avr/lib/avr5/libc.a(atoi.o)
 .text          0x0000000000000354        0x0 /usr/lib/gcc/avr/4.9.2/../../../avr/lib/avr5/libc.a(strcpy.o)
 .text          0x0000000000000354        0x0 /usr/lib/gcc/avr/4.9.2/../../../avr/lib/avr5/libc.a(mul10.o)
 .text          0x0000000000000354        0x0 /usr/lib/gcc/avr/4.9.2/../../../avr/lib/avr5/libc.a(sprintf.o)
 .text          0x0000000000000354        0x0 /usr/lib/gcc/avr/4.9.2/../../../avr/lib/avr5/libc.a(vfprintf_std.o)
 .text          0x0000000000000354        0x0 /usr/lib/gcc/avr/4.9.2/../../../avr/lib/avr5/libc.a(dtoa_prf.o)
 .text          0x0000000000000354        0x0 /usr/lib/gcc/avr/4.9.2/../../../avr/lib/avr5/libc.a(ftoa_engine.o)
 .text          0x0000000000000354        0x0 /usr/lib/gcc/avr/4.9.2/../../../avr/lib/avr5/libc.a(strnlen_P.o)
 .text          0x0000000000000354        0x0 /usr/lib/gcc/avr/4.9.2/../../../avr/lib/avr5/libc.a(strnlen.o)
 .text          0x0000000000000354        0x0 /usr/lib/gcc/avr/4.9.2/../../../avr/lib/avr5/libc.a(fputc.o)
 .text          0x0000000000000354        0x0 /usr/lib/gcc/avr/4.9.2/../../../avr/lib/avr5/libc.a(ultoa_invert.o)
 .text          0x0000000000000354        0x0 /usr/lib/gcc/avr/4.9.2/../../../avr/lib/avr5/libatmega328p.a(eerd_byte.o)
 .text          0x0000000000000354        0x0 /usr/lib/gcc/avr/4.9.2/../../../avr/lib/avr5/libatmega328p.a(eerd_dword.o)
 .text          0x0000000000000354        0x0 /usr/lib/gcc/avr/4.9.2/../../../avr/lib/avr5/libatmega328p.a(eerd_word.o)
 .text          0x0000000000000354        0x0 /usr/lib/gcc/avr/4.9.2/../../../avr/lib/avr5/libatmega328p.a(eewr_byte.o)
 .text          0x0000000000000354        0x0 /usr/lib/gcc/avr/4.9.2/../../../avr/lib/avr5/libatmega328p.a(eewr_dword.o)
 .text          0x0000000000000354        0x0 /usr/lib/gcc/avr/4.9.2/../../../avr/lib/avr5/libatmega328p.a(eewr_word.o)
 .text          0x0000000000000354        0x0 /usr/lib/gcc/avr/4.9.2/../../../avr/lib/avr5/libatmega328p.a(eerd_block.o)
 .text          0x0000000000000354        0x0 /usr/lib/gcc/avr/4.9.2/avr5/libgcc.a(_prologue.o)
 .text          0x0000000000000354        0x0 /usr/lib/gcc/avr/4.9.2/avr5/libgcc.a(_epilogue.o)
                0x0000000000000354                . = ALIGN (0x2)
 *(.text.*)
 .text.Inicio_valor_ADC
                0x0000000000000354       0x32 ./ADC.o
                0x0000000000000354                Inicio_valor_ADC
 .text.valor_ADC
                0x0000000000000386      0x17a ./ADC.o
                0x0000000000000386                valor_ADC
 .text.Inicio_USART_0
                0x0000000000000500       0x26 ./USART0.o
                0x0000000000000500                Inicio_USART_0
 .text.USART0_Flush
                0x0000000000000526       0x16 ./USART0.o
                0x0000000000000526                USART0_Flush
 .text.Esperar_USART_O_TX
                0x000000000000053c       0x34 ./USART0.o
                0x000000000000053c                Esperar_USART_O_TX
 .text.Recepcion_USART_0
                0x0000000000000570      0x184 ./USART0.o
                0x0000000000000570                Recepcion_USART_0
 .text.Transmitir_Buffer_USART0
                0x00000000000006f4       0x44 ./USART0.o
                0x00000000000006f4                Transmitir_Buffer_USART0
 .text.Transmitir_Float_USART0
                0x0000000000000738       0x6a ./USART0.o
                0x0000000000000738                Transmitir_Float_USART0
 .text.Transmitir_Buffer_USART0_P
                0x00000000000007a2       0x34 ./USART0.o
                0x00000000000007a2                Transmitir_Buffer_USART0_P
 .text.Esperar_USART_0_RX
                0x00000000000007d6       0x34 ./USART0.o
                0x00000000000007d6                Esperar_USART_0_RX
 .text.Recibir_Buffer_USART0
                0x000000000000080a       0x68 ./USART0.o
                0x000000000000080a                Recibir_Buffer_USART0
 .text.Configuracion_Timer_Medicion_Caudales
                0x0000000000000872       0x5a ./caudales.o
                0x0000000000000872                Configuracion_Timer_Medicion_Caudales
 .text.Iniciar_Medicion_Caudal
                0x00000000000008cc       0x32 ./caudales.o
                0x00000000000008cc                Iniciar_Medicion_Caudal
 .text.Medicion_Caudales
                0x00000000000008fe      0x17e ./caudales.o
                0x00000000000008fe                Medicion_Caudales
 .text.Inicio_Control_Temp
                0x0000000000000a7c        0xe ./control.o
                0x0000000000000a7c                Inicio_Control_Temp
 .text.Control_Temp
                0x0000000000000a8a      0x8aa ./control.o
                0x0000000000000a8a                Control_Temp
 .text.Float_a_Checksum
                0x0000000000001334       0x3a ./eeprom.o
                0x0000000000001334                Float_a_Checksum
 .text.UnsignedInt_a_Checksum
                0x000000000000136e       0x14 ./eeprom.o
                0x000000000000136e                UnsignedInt_a_Checksum
 .text.Char_a_Checksum
                0x0000000000001382        0xc ./eeprom.o
                0x0000000000001382                Char_a_Checksum
 .text.Float_a_Eeprom
                0x000000000000138e       0x68 ./eeprom.o
                0x000000000000138e                Float_a_Eeprom
 .text.Eeprom_a_Float
                0x00000000000013f6       0x6c ./eeprom.o
                0x00000000000013f6                Eeprom_a_Float
 .text.UnsignedInt_a_Eeprom
                0x0000000000001462       0x5e ./eeprom.o
                0x0000000000001462                UnsignedInt_a_Eeprom
 .text.Escribir_Checksum_Eeprom.part.0
                0x00000000000014c0       0xf0 ./eeprom.o
 .text.Escribir_Checksum_Eeprom
                0x00000000000015b0        0xa ./eeprom.o
                0x00000000000015b0                Escribir_Checksum_Eeprom
 .text.Carga_Configuracion_Fabrica_Eeprom.part.1
                0x00000000000015ba      0x1b8 ./eeprom.o
 .text.Carga_Configuracion_Fabrica_Eeprom
                0x0000000000001772        0xc ./eeprom.o
                0x0000000000001772                Carga_Configuracion_Fabrica_Eeprom
 .text.Eeprom_a_UnsignedInt
                0x000000000000177e       0x5e ./eeprom.o
                0x000000000000177e                Eeprom_a_UnsignedInt
 .text.Carga_Configuracion_Desde_Eeprom
                0x00000000000017dc      0x720 ./eeprom.o
                0x00000000000017dc                Carga_Configuracion_Desde_Eeprom
 .text.Char_a_Eeprom
                0x0000000000001efc       0x58 ./eeprom.o
                0x0000000000001efc                Char_a_Eeprom
 .text.Eeprom_a_Char
                0x0000000000001f54       0x58 ./eeprom.o
                0x0000000000001f54                Eeprom_a_Char
 .text.Inicio_Puertos
                0x0000000000001fac       0x2a ./inicio.o
                0x0000000000001fac                Inicio_Puertos
 .text.Inicio_Timer2
                0x0000000000001fd6       0x1e ./inicio.o
                0x0000000000001fd6                Inicio_Timer2
 .text.LCDBusyLoop
                0x0000000000001ff4       0x5e ./lcd.o
                0x0000000000001ff4                LCDBusyLoop
 .text.LCDByte  0x0000000000002052       0x6a ./lcd.o
                0x0000000000002052                LCDByte
 .text.LCDGotoXY.part.0
                0x00000000000020bc       0x1e ./lcd.o
 .text.LCDInit  0x00000000000020da       0xa6 ./lcd.o
                0x00000000000020da                LCDInit
 .text.LCDWriteString
                0x0000000000002180       0x4c ./lcd.o
                0x0000000000002180                LCDWriteString
 .text.LCDWriteLine
                0x00000000000021cc       0x8c ./lcd.o
                0x00000000000021cc                LCDWriteLine
 .text.LCDWriteInt
                0x0000000000002258       0x98 ./lcd.o
                0x0000000000002258                LCDWriteInt
 .text.LCDGotoXY
                0x00000000000022f0        0xa ./lcd.o
                0x00000000000022f0                LCDGotoXY
 .text.startup.main
                0x00000000000022fa      0x396 ./main.o
                0x00000000000022fa                main
 .text.__vector_7
                0x0000000000002690      0x148 ./main.o
                0x0000000000002690                __vector_7
 .text.__vector_10
                0x00000000000027d8       0x98 ./main.o
                0x00000000000027d8                __vector_10
 .text.__vector_13
                0x0000000000002870       0x40 ./main.o
                0x0000000000002870                __vector_13
 .text.__vector_default
                0x00000000000028b0       0x14 ./main.o
                0x00000000000028b0                __vector_default
 .text.Spi_Max6675_Inicio
                0x00000000000028c4       0x32 ./max6675.o
                0x00000000000028c4                Spi_Max6675_Inicio
 .text.Spi_Max6675_TxRx
                0x00000000000028f6        0xe ./max6675.o
                0x00000000000028f6                Spi_Max6675_TxRx
 .text.Max6675_Get_Temp
                0x0000000000002904      0x19e ./max6675.o
                0x0000000000002904                Max6675_Get_Temp
 .text.Inicio_Motor_PP
                0x0000000000002aa2      0x160 ./motorPP.o
                0x0000000000002aa2                Inicio_Motor_PP
 .text.Rotar_Motor_PP
                0x0000000000002c02      0x248 ./motorPP.o
                0x0000000000002c02                Rotar_Motor_PP
 .text.Detectar_Comando_Buffer_P
                0x0000000000002e4a       0x6c ./terminal.o
                0x0000000000002e4a                Detectar_Comando_Buffer_P
 .text.Terminal
                0x0000000000002eb6     0x10ee ./terminal.o
                0x0000000000002eb6                Terminal
 .text.Inicio_Terminal
                0x0000000000003fa4       0x38 ./terminal.o
                0x0000000000003fa4                Inicio_Terminal
 .text.Buscar_en_Buffer_P
                0x0000000000003fdc       0x5a ./utiles.o
                0x0000000000003fdc                Buscar_en_Buffer_P
 .text.Buscar_en_Buffer
                0x0000000000004036       0x66 ./utiles.o
                0x0000000000004036                Buscar_en_Buffer
 .text.Comparar_Inicio_Buffer_P
                0x000000000000409c       0x30 ./utiles.o
                0x000000000000409c                Comparar_Inicio_Buffer_P
 .text.Comparar_Inicio_Buffer
                0x00000000000040cc       0x2c ./utiles.o
                0x00000000000040cc                Comparar_Inicio_Buffer
 .text.String_a_Mayusculas
                0x00000000000040f8       0x34 ./utiles.o
                0x00000000000040f8                String_a_Mayusculas
 .text.From_String_to_Float
                0x000000000000412c       0xee ./utiles.o
                0x000000000000412c                From_String_to_Float
 .text.libgcc.mul
                0x000000000000421a        0x0 /usr/lib/gcc/avr/4.9.2/avr5/libgcc.a(_divmodhi4.o)
 .text.libgcc.div
                0x000000000000421a       0x28 /usr/lib/gcc/avr/4.9.2/avr5/libgcc.a(_divmodhi4.o)
                0x000000000000421a                __divmodhi4
                0x000000000000421a                _div
 .text.libgcc   0x0000000000004242        0x0 /usr/lib/gcc/avr/4.9.2/avr5/libgcc.a(_divmodhi4.o)
 .text.libgcc.prologue
                0x0000000000004242        0x0 /usr/lib/gcc/avr/4.9.2/avr5/libgcc.a(_divmodhi4.o)
 .text.libgcc.builtins
                0x0000000000004242        0x0 /usr/lib/gcc/avr/4.9.2/avr5/libgcc.a(_divmodhi4.o)
 .text.libgcc.fmul
                0x0000000000004242        0x0 /usr/lib/gcc/avr/4.9.2/avr5/libgcc.a(_divmodhi4.o)
 .text.libgcc.fixed
                0x0000000000004242        0x0 /usr/lib/gcc/avr/4.9.2/avr5/libgcc.a(_divmodhi4.o)
 .text.libgcc.mul
                0x0000000000004242        0x0 /usr/lib/gcc/avr/4.9.2/avr5/libgcc.a(_exit.o)
 .text.libgcc.div
                0x0000000000004242        0x0 /usr/lib/gcc/avr/4.9.2/avr5/libgcc.a(_exit.o)
 .text.libgcc   0x0000000000004242        0x0 /usr/lib/gcc/avr/4.9.2/avr5/libgcc.a(_exit.o)
 .text.libgcc.prologue
                0x0000000000004242        0x0 /usr/lib/gcc/avr/4.9.2/avr5/libgcc.a(_exit.o)
 .text.libgcc.builtins
                0x0000000000004242        0x0 /usr/lib/gcc/avr/4.9.2/avr5/libgcc.a(_exit.o)
 .text.libgcc.fmul
                0x0000000000004242        0x0 /usr/lib/gcc/avr/4.9.2/avr5/libgcc.a(_exit.o)
 .text.libgcc.fixed
                0x0000000000004242        0x0 /usr/lib/gcc/avr/4.9.2/avr5/libgcc.a(_exit.o)
 .text.libgcc.mul
                0x0000000000004242        0x0 /usr/lib/gcc/avr/4.9.2/avr5/libgcc.a(_tablejump2.o)
 .text.libgcc.div
                0x0000000000004242        0x0 /usr/lib/gcc/avr/4.9.2/avr5/libgcc.a(_tablejump2.o)
 .text.libgcc   0x0000000000004242        0xc /usr/lib/gcc/avr/4.9.2/avr5/libgcc.a(_tablejump2.o)
                0x0000000000004242                __tablejump2__
 .text.libgcc.prologue
                0x000000000000424e        0x0 /usr/lib/gcc/avr/4.9.2/avr5/libgcc.a(_tablejump2.o)
 .text.libgcc.builtins
                0x000000000000424e        0x0 /usr/lib/gcc/avr/4.9.2/avr5/libgcc.a(_tablejump2.o)
 .text.libgcc.fmul
                0x000000000000424e        0x0 /usr/lib/gcc/avr/4.9.2/avr5/libgcc.a(_tablejump2.o)
 .text.libgcc.fixed
                0x000000000000424e        0x0 /usr/lib/gcc/avr/4.9.2/avr5/libgcc.a(_tablejump2.o)
 .text.libgcc.mul
                0x000000000000424e        0x0 /usr/lib/gcc/avr/4.9.2/avr5/libgcc.a(_copy_data.o)
 .text.libgcc.div
                0x000000000000424e        0x0 /usr/lib/gcc/avr/4.9.2/avr5/libgcc.a(_copy_data.o)
 .text.libgcc   0x000000000000424e        0x0 /usr/lib/gcc/avr/4.9.2/avr5/libgcc.a(_copy_data.o)
 .text.libgcc.prologue
                0x000000000000424e        0x0 /usr/lib/gcc/avr/4.9.2/avr5/libgcc.a(_copy_data.o)
 .text.libgcc.builtins
                0x000000000000424e        0x0 /usr/lib/gcc/avr/4.9.2/avr5/libgcc.a(_copy_data.o)
 .text.libgcc.fmul
                0x000000000000424e        0x0 /usr/lib/gcc/avr/4.9.2/avr5/libgcc.a(_copy_data.o)
 .text.libgcc.fixed
                0x000000000000424e        0x0 /usr/lib/gcc/avr/4.9.2/avr5/libgcc.a(_copy_data.o)
 .text.libgcc.mul
                0x000000000000424e        0x0 /usr/lib/gcc/avr/4.9.2/avr5/libgcc.a(_clear_bss.o)
 .text.libgcc.div
                0x000000000000424e        0x0 /usr/lib/gcc/avr/4.9.2/avr5/libgcc.a(_clear_bss.o)
 .text.libgcc   0x000000000000424e        0x0 /usr/lib/gcc/avr/4.9.2/avr5/libgcc.a(_clear_bss.o)
 .text.libgcc.prologue
                0x000000000000424e        0x0 /usr/lib/gcc/avr/4.9.2/avr5/libgcc.a(_clear_bss.o)
 .text.libgcc.builtins
                0x000000000000424e        0x0 /usr/lib/gcc/avr/4.9.2/avr5/libgcc.a(_clear_bss.o)
 .text.libgcc.fmul
                0x000000000000424e        0x0 /usr/lib/gcc/avr/4.9.2/avr5/libgcc.a(_clear_bss.o)
 .text.libgcc.fixed
                0x000000000000424e        0x0 /usr/lib/gcc/avr/4.9.2/avr5/libgcc.a(_clear_bss.o)
 .text.libgcc.mul
                0x000000000000424e        0x0 /usr/lib/gcc/avr/4.9.2/avr5/libgcc.a(_udivmodhi4.o)
 .text.libgcc.div
                0x000000000000424e       0x28 /usr/lib/gcc/avr/4.9.2/avr5/libgcc.a(_udivmodhi4.o)
                0x000000000000424e                __udivmodhi4
 .text.libgcc   0x0000000000004276        0x0 /usr/lib/gcc/avr/4.9.2/avr5/libgcc.a(_udivmodhi4.o)
 .text.libgcc.prologue
                0x0000000000004276        0x0 /usr/lib/gcc/avr/4.9.2/avr5/libgcc.a(_udivmodhi4.o)
 .text.libgcc.builtins
                0x0000000000004276        0x0 /usr/lib/gcc/avr/4.9.2/avr5/libgcc.a(_udivmodhi4.o)
 .text.libgcc.fmul
                0x0000000000004276        0x0 /usr/lib/gcc/avr/4.9.2/avr5/libgcc.a(_udivmodhi4.o)
 .text.libgcc.fixed
                0x0000000000004276        0x0 /usr/lib/gcc/avr/4.9.2/avr5/libgcc.a(_udivmodhi4.o)
 .text.avr-libc.fplib
                0x0000000000004276        0xe /usr/lib/gcc/avr/4.9.2/../../../avr/lib/avr5/libm.a(addsf3.o)
                0x0000000000004276                __subsf3
                0x0000000000004278                __addsf3
 .text.avr-libc.fplib
                0x0000000000004284       0xcc /usr/lib/gcc/avr/4.9.2/../../../avr/lib/avr5/libm.a(addsf3x.o)
                0x00000000000042a6                __addsf3x
 .text.avr-libc.fplib
                0x0000000000004350        0xa /usr/lib/gcc/avr/4.9.2/../../../avr/lib/avr5/libm.a(cmpsf2.o)
                0x0000000000004350                __lesf2
                0x0000000000004350                __nesf2
                0x0000000000004350                __eqsf2
                0x0000000000004350                __cmpsf2
                0x0000000000004350                __ltsf2
 .text.avr-libc.fplib
                0x000000000000435a        0x8 /usr/lib/gcc/avr/4.9.2/../../../avr/lib/avr5/libm.a(divsf3.o)
                0x000000000000435a                __divsf3
 .text.avr-libc.fplib
                0x0000000000004362       0xdc /usr/lib/gcc/avr/4.9.2/../../../avr/lib/avr5/libm.a(divsf3x.o)
                0x0000000000004382                __divsf3x
                0x0000000000004388                __divsf3_pse
 .text.avr-libc.fplib
                0x000000000000443e        0xe /usr/lib/gcc/avr/4.9.2/../../../avr/lib/avr5/libm.a(fixsfsi.o)
                0x000000000000443e                __fixsfsi
 .text.avr-libc.fplib
                0x000000000000444c       0x5e /usr/lib/gcc/avr/4.9.2/../../../avr/lib/avr5/libm.a(fixunssfsi.o)
                0x000000000000444c                __fixunssfsi
 .text.avr-libc.fplib
                0x00000000000044aa       0x7a /usr/lib/gcc/avr/4.9.2/../../../avr/lib/avr5/libm.a(floatsisf.o)
                0x00000000000044aa                __floatunsisf
                0x00000000000044ae                __floatsisf
 .text.avr-libc.fplib
                0x0000000000004524       0x48 /usr/lib/gcc/avr/4.9.2/../../../avr/lib/avr5/libm.a(fp_cmp.o)
                0x0000000000004524                __fp_cmp
 .text.avr-libc.fplib
                0x000000000000456c        0xc /usr/lib/gcc/avr/4.9.2/../../../avr/lib/avr5/libm.a(fp_inf.o)
                0x000000000000456c                __fp_inf
 .text.avr-libc.fplib
                0x0000000000004578        0x6 /usr/lib/gcc/avr/4.9.2/../../../avr/lib/avr5/libm.a(fp_nan.o)
                0x0000000000004578                __fp_nan
 .text.avr-libc.fplib
                0x000000000000457e        0xe /usr/lib/gcc/avr/4.9.2/../../../avr/lib/avr5/libm.a(fp_pscA.o)
                0x000000000000457e                __fp_pscA
 .text.avr-libc.fplib
                0x000000000000458c        0xe /usr/lib/gcc/avr/4.9.2/../../../avr/lib/avr5/libm.a(fp_pscB.o)
                0x000000000000458c                __fp_pscB
 .text.avr-libc.fplib
                0x000000000000459a       0x22 /usr/lib/gcc/avr/4.9.2/../../../avr/lib/avr5/libm.a(fp_round.o)
                0x000000000000459a                __fp_round
 .text.avr-libc.fplib
                0x00000000000045bc       0x44 /usr/lib/gcc/avr/4.9.2/../../../avr/lib/avr5/libm.a(fp_split3.o)
                0x00000000000045bc                __fp_split3
                0x00000000000045cc                __fp_splitA
 .text.avr-libc.fplib
                0x0000000000004600        0xe /usr/lib/gcc/avr/4.9.2/../../../avr/lib/avr5/libm.a(fp_zero.o)
                0x0000000000004600                __fp_zero
                0x0000000000004602                __fp_szero
 .text.avr-libc.fplib
                0x000000000000460e        0xa /usr/lib/gcc/avr/4.9.2/../../../avr/lib/avr5/libm.a(gesf2.o)
                0x000000000000460e                __gtsf2
                0x000000000000460e                __gesf2
 .text.avr-libc.fplib
                0x0000000000004618        0x8 /usr/lib/gcc/avr/4.9.2/../../../avr/lib/avr5/libm.a(mulsf3.o)
                0x0000000000004618                __mulsf3
 .text.avr-libc.fplib
                0x0000000000004620       0xd2 /usr/lib/gcc/avr/4.9.2/../../../avr/lib/avr5/libm.a(mulsf3x.o)
                0x000000000000463e                __mulsf3x
                0x0000000000004644                __mulsf3_pse
 .text.avr-libc
                0x00000000000046f2       0x40 /usr/lib/gcc/avr/4.9.2/../../../avr/lib/avr5/libc.a(dtostrf.o)
                0x00000000000046f2                dtostrf
 .text.avr-libc
                0x0000000000004732       0x3c /usr/lib/gcc/avr/4.9.2/../../../avr/lib/avr5/libc.a(atoi.o)
                0x0000000000004732                atoi
 .text.avr-libc
                0x000000000000476e        0xe /usr/lib/gcc/avr/4.9.2/../../../avr/lib/avr5/libc.a(strcpy.o)
                0x000000000000476e                strcpy
 .text.avr-libc
                0x000000000000477c       0x10 /usr/lib/gcc/avr/4.9.2/../../../avr/lib/avr5/libc.a(mul10.o)
                0x000000000000477c                __mulhi_const_10
 .text.avr-libc
                0x000000000000478c       0x46 /usr/lib/gcc/avr/4.9.2/../../../avr/lib/avr5/libc.a(sprintf.o)
                0x000000000000478c                sprintf
 .text.avr-libc
                0x00000000000047d2      0x3a4 /usr/lib/gcc/avr/4.9.2/../../../avr/lib/avr5/libc.a(vfprintf_std.o)
                0x00000000000047d2                vfprintf
 .text.avr-libc
                0x0000000000004b76      0x31c /usr/lib/gcc/avr/4.9.2/../../../avr/lib/avr5/libc.a(dtoa_prf.o)
                0x0000000000004b76                dtoa_prf
 .text.avr-libc
                0x0000000000004e92      0x1b0 /usr/lib/gcc/avr/4.9.2/../../../avr/lib/avr5/libc.a(ftoa_engine.o)
                0x0000000000004e92                __ftoa_engine
 .text.avr-libc
                0x0000000000005042       0x16 /usr/lib/gcc/avr/4.9.2/../../../avr/lib/avr5/libc.a(strnlen_P.o)
                0x0000000000005042                strnlen_P
 .text.avr-libc
                0x0000000000005058       0x16 /usr/lib/gcc/avr/4.9.2/../../../avr/lib/avr5/libc.a(strnlen.o)
                0x0000000000005058                strnlen
 .text.avr-libc
                0x000000000000506e       0x70 /usr/lib/gcc/avr/4.9.2/../../../avr/lib/avr5/libc.a(fputc.o)
                0x000000000000506e                fputc
 .text.avr-libc
                0x00000000000050de       0xbc /usr/lib/gcc/avr/4.9.2/../../../avr/lib/avr5/libc.a(ultoa_invert.o)
                0x00000000000050de                __ultoa_invert
 .text.avr-libc
                0x000000000000519a       0x10 /usr/lib/gcc/avr/4.9.2/../../../avr/lib/avr5/libatmega328p.a(eerd_byte.o)
                0x000000000000519a                eeprom_read_byte
 .text.avr-libc
                0x00000000000051aa        0xc /usr/lib/gcc/avr/4.9.2/../../../avr/lib/avr5/libatmega328p.a(eerd_dword.o)
                0x00000000000051aa                eeprom_read_dword
                0x00000000000051aa                eeprom_read_float
 .text.avr-libc
                0x00000000000051b6        0xc /usr/lib/gcc/avr/4.9.2/../../../avr/lib/avr5/libatmega328p.a(eerd_word.o)
                0x00000000000051b6                eeprom_read_word
 .text.avr-libc
                0x00000000000051c2       0x1c /usr/lib/gcc/avr/4.9.2/../../../avr/lib/avr5/libatmega328p.a(eewr_byte.o)
                0x00000000000051c2                eeprom_write_byte
                0x00000000000051c4                eeprom_write_r18
 .text.avr-libc
                0x00000000000051de       0x10 /usr/lib/gcc/avr/4.9.2/../../../avr/lib/avr5/libatmega328p.a(eewr_dword.o)
                0x00000000000051de                eeprom_write_float
                0x00000000000051de                eeprom_write_dword
 .text.avr-libc
                0x00000000000051ee        0xa /usr/lib/gcc/avr/4.9.2/../../../avr/lib/avr5/libatmega328p.a(eewr_word.o)
                0x00000000000051ee                eeprom_write_word
 .text.avr-libc
                0x00000000000051f8       0x20 /usr/lib/gcc/avr/4.9.2/../../../avr/lib/avr5/libatmega328p.a(eerd_block.o)
                0x00000000000051f8                eeprom_read_block
                0x00000000000051fc                eeprom_read_blraw
 .text.libgcc.mul
                0x0000000000005218        0x0 /usr/lib/gcc/avr/4.9.2/avr5/libgcc.a(_prologue.o)
 .text.libgcc.div
                0x0000000000005218        0x0 /usr/lib/gcc/avr/4.9.2/avr5/libgcc.a(_prologue.o)
 .text.libgcc   0x0000000000005218        0x0 /usr/lib/gcc/avr/4.9.2/avr5/libgcc.a(_prologue.o)
 .text.libgcc.prologue
                0x0000000000005218       0x38 /usr/lib/gcc/avr/4.9.2/avr5/libgcc.a(_prologue.o)
                0x0000000000005218                __prologue_saves__
 .text.libgcc.builtins
                0x0000000000005250        0x0 /usr/lib/gcc/avr/4.9.2/avr5/libgcc.a(_prologue.o)
 .text.libgcc.fmul
                0x0000000000005250        0x0 /usr/lib/gcc/avr/4.9.2/avr5/libgcc.a(_prologue.o)
 .text.libgcc.fixed
                0x0000000000005250        0x0 /usr/lib/gcc/avr/4.9.2/avr5/libgcc.a(_prologue.o)
 .text.libgcc.mul
                0x0000000000005250        0x0 /usr/lib/gcc/avr/4.9.2/avr5/libgcc.a(_epilogue.o)
 .text.libgcc.div
                0x0000000000005250        0x0 /usr/lib/gcc/avr/4.9.2/avr5/libgcc.a(_epilogue.o)
 .text.libgcc   0x0000000000005250        0x0 /usr/lib/gcc/avr/4.9.2/avr5/libgcc.a(_epilogue.o)
 .text.libgcc.prologue
                0x0000000000005250       0x36 /usr/lib/gcc/avr/4.9.2/avr5/libgcc.a(_epilogue.o)
                0x0000000000005250                __epilogue_restores__
 .text.libgcc.builtins
                0x0000000000005286        0x0 /usr/lib/gcc/avr/4.9.2/avr5/libgcc.a(_epilogue.o)
 .text.libgcc.fmul
                0x0000000000005286        0x0 /usr/lib/gcc/avr/4.9.2/avr5/libgcc.a(_epilogue.o)
 .text.libgcc.fixed
                0x0000000000005286        0x0 /usr/lib/gcc/avr/4.9.2/avr5/libgcc.a(_epilogue.o)
                0x0000000000005286                . = ALIGN (0x2)
 *(.fini9)
 .fini9         0x0000000000005286        0x0 /usr/lib/gcc/avr/4.9.2/avr5/libgcc.a(_exit.o)
                0x0000000000005286                exit
                0x0000000000005286                _exit
 *(.fini9)
 *(.fini8)
 *(.fini8)
 *(.fini7)
 *(.fini7)
 *(.fini6)
 *(.fini6)
 *(.fini5)
 *(.fini5)
 *(.fini4)
 *(.fini4)
 *(.fini3)
 *(.fini3)
 *(.fini2)
 *(.fini2)
 *(.fini1)
 *(.fini1)
 *(.fini0)
 .fini0         0x0000000000005286        0x4 /usr/lib/gcc/avr/4.9.2/avr5/libgcc.a(_exit.o)
 *(.fini0)
                0x000000000000528a                _etext = .

.data           0x0000000000800100      0x18c load address 0x000000000000528a
                0x0000000000800100                PROVIDE (__data_start, .)
 *(.data)
 .data          0x0000000000800100        0x0 /usr/lib/gcc/avr/4.9.2/../../../avr/lib/avr5/crtatmega328p.o
 .data          0x0000000000800100        0x0 ./ADC.o
 .data          0x0000000000800100        0x0 ./USART0.o
 .data          0x0000000000800100        0x0 ./caudales.o
 .data          0x0000000000800100        0x0 ./control.o
 .data          0x0000000000800100        0x0 ./ds18b20.o
 .data          0x0000000000800100        0x0 ./eeprom.o
 .data          0x0000000000800100        0x0 ./inicio.o
 .data          0x0000000000800100        0x0 ./lcd.o
 .data          0x0000000000800100        0x0 ./main.o
 .data          0x0000000000800100        0x0 ./max6675.o
 .data          0x0000000000800100        0x0 ./motorPP.o
 .data          0x0000000000800100        0x0 ./terminal.o
 .data          0x0000000000800100        0x0 ./utiles.o
 .data          0x0000000000800100        0x0 /usr/lib/gcc/avr/4.9.2/avr5/libgcc.a(_divmodhi4.o)
 .data          0x0000000000800100        0x0 /usr/lib/gcc/avr/4.9.2/avr5/libgcc.a(_exit.o)
 .data          0x0000000000800100        0x0 /usr/lib/gcc/avr/4.9.2/avr5/libgcc.a(_tablejump2.o)
 .data          0x0000000000800100        0x0 /usr/lib/gcc/avr/4.9.2/avr5/libgcc.a(_copy_data.o)
 .data          0x0000000000800100        0x0 /usr/lib/gcc/avr/4.9.2/avr5/libgcc.a(_clear_bss.o)
 .data          0x0000000000800100        0x0 /usr/lib/gcc/avr/4.9.2/avr5/libgcc.a(_udivmodhi4.o)
 .data          0x0000000000800100        0x0 /usr/lib/gcc/avr/4.9.2/../../../avr/lib/avr5/libm.a(addsf3.o)
 .data          0x0000000000800100        0x0 /usr/lib/gcc/avr/4.9.2/../../../avr/lib/avr5/libm.a(addsf3x.o)
 .data          0x0000000000800100        0x0 /usr/lib/gcc/avr/4.9.2/../../../avr/lib/avr5/libm.a(cmpsf2.o)
 .data          0x0000000000800100        0x0 /usr/lib/gcc/avr/4.9.2/../../../avr/lib/avr5/libm.a(divsf3.o)
 .data          0x0000000000800100        0x0 /usr/lib/gcc/avr/4.9.2/../../../avr/lib/avr5/libm.a(divsf3x.o)
 .data          0x0000000000800100        0x0 /usr/lib/gcc/avr/4.9.2/../../../avr/lib/avr5/libm.a(fixsfsi.o)
 .data          0x0000000000800100        0x0 /usr/lib/gcc/avr/4.9.2/../../../avr/lib/avr5/libm.a(fixunssfsi.o)
 .data          0x0000000000800100        0x0 /usr/lib/gcc/avr/4.9.2/../../../avr/lib/avr5/libm.a(floatsisf.o)
 .data          0x0000000000800100        0x0 /usr/lib/gcc/avr/4.9.2/../../../avr/lib/avr5/libm.a(fp_cmp.o)
 .data          0x0000000000800100        0x0 /usr/lib/gcc/avr/4.9.2/../../../avr/lib/avr5/libm.a(fp_inf.o)
 .data          0x0000000000800100        0x0 /usr/lib/gcc/avr/4.9.2/../../../avr/lib/avr5/libm.a(fp_nan.o)
 .data          0x0000000000800100        0x0 /usr/lib/gcc/avr/4.9.2/../../../avr/lib/avr5/libm.a(fp_pscA.o)
 .data          0x0000000000800100        0x0 /usr/lib/gcc/avr/4.9.2/../../../avr/lib/avr5/libm.a(fp_pscB.o)
 .data          0x0000000000800100        0x0 /usr/lib/gcc/avr/4.9.2/../../../avr/lib/avr5/libm.a(fp_round.o)
 .data          0x0000000000800100        0x0 /usr/lib/gcc/avr/4.9.2/../../../avr/lib/avr5/libm.a(fp_split3.o)
 .data          0x0000000000800100        0x0 /usr/lib/gcc/avr/4.9.2/../../../avr/lib/avr5/libm.a(fp_zero.o)
 .data          0x0000000000800100        0x0 /usr/lib/gcc/avr/4.9.2/../../../avr/lib/avr5/libm.a(gesf2.o)
 .data          0x0000000000800100        0x0 /usr/lib/gcc/avr/4.9.2/../../../avr/lib/avr5/libm.a(mulsf3.o)
 .data          0x0000000000800100        0x0 /usr/lib/gcc/avr/4.9.2/../../../avr/lib/avr5/libm.a(mulsf3x.o)
 .data          0x0000000000800100        0x0 /usr/lib/gcc/avr/4.9.2/../../../avr/lib/avr5/libc.a(dtostrf.o)
 .data          0x0000000000800100        0x0 /usr/lib/gcc/avr/4.9.2/../../../avr/lib/avr5/libc.a(atoi.o)
 .data          0x0000000000800100        0x0 /usr/lib/gcc/avr/4.9.2/../../../avr/lib/avr5/libc.a(strcpy.o)
 .data          0x0000000000800100        0x0 /usr/lib/gcc/avr/4.9.2/../../../avr/lib/avr5/libc.a(mul10.o)
 .data          0x0000000000800100        0x0 /usr/lib/gcc/avr/4.9.2/../../../avr/lib/avr5/libc.a(sprintf.o)
 .data          0x0000000000800100        0x0 /usr/lib/gcc/avr/4.9.2/../../../avr/lib/avr5/libc.a(vfprintf_std.o)
 .data          0x0000000000800100        0x0 /usr/lib/gcc/avr/4.9.2/../../../avr/lib/avr5/libc.a(dtoa_prf.o)
 .data          0x0000000000800100        0x0 /usr/lib/gcc/avr/4.9.2/../../../avr/lib/avr5/libc.a(ftoa_engine.o)
 .data          0x0000000000800100        0x0 /usr/lib/gcc/avr/4.9.2/../../../avr/lib/avr5/libc.a(strnlen_P.o)
 .data          0x0000000000800100        0x0 /usr/lib/gcc/avr/4.9.2/../../../avr/lib/avr5/libc.a(strnlen.o)
 .data          0x0000000000800100        0x0 /usr/lib/gcc/avr/4.9.2/../../../avr/lib/avr5/libc.a(fputc.o)
 .data          0x0000000000800100        0x0 /usr/lib/gcc/avr/4.9.2/../../../avr/lib/avr5/libc.a(ultoa_invert.o)
 .data          0x0000000000800100        0x0 /usr/lib/gcc/avr/4.9.2/../../../avr/lib/avr5/libatmega328p.a(eerd_byte.o)
 .data          0x0000000000800100        0x0 /usr/lib/gcc/avr/4.9.2/../../../avr/lib/avr5/libatmega328p.a(eerd_dword.o)
 .data          0x0000000000800100        0x0 /usr/lib/gcc/avr/4.9.2/../../../avr/lib/avr5/libatmega328p.a(eerd_word.o)
 .data          0x0000000000800100        0x0 /usr/lib/gcc/avr/4.9.2/../../../avr/lib/avr5/libatmega328p.a(eewr_byte.o)
 .data          0x0000000000800100        0x0 /usr/lib/gcc/avr/4.9.2/../../../avr/lib/avr5/libatmega328p.a(eewr_dword.o)
 .data          0x0000000000800100        0x0 /usr/lib/gcc/avr/4.9.2/../../../avr/lib/avr5/libatmega328p.a(eewr_word.o)
 .data          0x0000000000800100        0x0 /usr/lib/gcc/avr/4.9.2/../../../avr/lib/avr5/libatmega328p.a(eerd_block.o)
 .data          0x0000000000800100        0x0 /usr/lib/gcc/avr/4.9.2/avr5/libgcc.a(_prologue.o)
 .data          0x0000000000800100        0x0 /usr/lib/gcc/avr/4.9.2/avr5/libgcc.a(_epilogue.o)
 *(.data*)
 .data.__cgram  0x0000000000800100       0x40 ./lcd.o
                0x0000000000800100                __cgram
 *(.rodata)
 *(.rodata*)
 .rodata.str1.1
                0x0000000000800140       0x71 ./control.o
                                         0x73 (size before relaxing)
 .rodata.str1.1
                0x00000000008001b1        0xd ./eeprom.o
 .rodata.str1.1
                0x00000000008001be       0x63 ./main.o
                                         0x68 (size before relaxing)
 .rodata.str1.1
                0x0000000000800221       0x6b ./terminal.o
                                         0x73 (size before relaxing)
 *(.gnu.linkonce.d*)
                0x000000000080028c                . = ALIGN (0x2)
                0x000000000080028c                _edata = .
                0x000000000080028c                PROVIDE (__data_end, .)

.bss            0x000000000080028c      0x237
                0x000000000080028c                PROVIDE (__bss_start, .)
 *(.bss)
 .bss           0x000000000080028c        0x0 /usr/lib/gcc/avr/4.9.2/../../../avr/lib/avr5/crtatmega328p.o
 .bss           0x000000000080028c        0x0 ./ADC.o
 .bss           0x000000000080028c        0x0 ./USART0.o
 .bss           0x000000000080028c        0x0 ./caudales.o
 .bss           0x000000000080028c        0x0 ./control.o
 .bss           0x000000000080028c        0x0 ./ds18b20.o
 .bss           0x000000000080028c        0x0 ./eeprom.o
 .bss           0x000000000080028c        0x0 ./inicio.o
 .bss           0x000000000080028c        0x0 ./lcd.o
 .bss           0x000000000080028c        0x0 ./main.o
 .bss           0x000000000080028c        0x0 ./max6675.o
 .bss           0x000000000080028c        0x0 ./motorPP.o
 .bss           0x000000000080028c        0x0 ./terminal.o
 .bss           0x000000000080028c        0x0 ./utiles.o
 .bss           0x000000000080028c        0x0 /usr/lib/gcc/avr/4.9.2/avr5/libgcc.a(_divmodhi4.o)
 .bss           0x000000000080028c        0x0 /usr/lib/gcc/avr/4.9.2/avr5/libgcc.a(_exit.o)
 .bss           0x000000000080028c        0x0 /usr/lib/gcc/avr/4.9.2/avr5/libgcc.a(_tablejump2.o)
 .bss           0x000000000080028c        0x0 /usr/lib/gcc/avr/4.9.2/avr5/libgcc.a(_copy_data.o)
 .bss           0x000000000080028c        0x0 /usr/lib/gcc/avr/4.9.2/avr5/libgcc.a(_clear_bss.o)
 .bss           0x000000000080028c        0x0 /usr/lib/gcc/avr/4.9.2/avr5/libgcc.a(_udivmodhi4.o)
 .bss           0x000000000080028c        0x0 /usr/lib/gcc/avr/4.9.2/../../../avr/lib/avr5/libm.a(addsf3.o)
 .bss           0x000000000080028c        0x0 /usr/lib/gcc/avr/4.9.2/../../../avr/lib/avr5/libm.a(addsf3x.o)
 .bss           0x000000000080028c        0x0 /usr/lib/gcc/avr/4.9.2/../../../avr/lib/avr5/libm.a(cmpsf2.o)
 .bss           0x000000000080028c        0x0 /usr/lib/gcc/avr/4.9.2/../../../avr/lib/avr5/libm.a(divsf3.o)
 .bss           0x000000000080028c        0x0 /usr/lib/gcc/avr/4.9.2/../../../avr/lib/avr5/libm.a(divsf3x.o)
 .bss           0x000000000080028c        0x0 /usr/lib/gcc/avr/4.9.2/../../../avr/lib/avr5/libm.a(fixsfsi.o)
 .bss           0x000000000080028c        0x0 /usr/lib/gcc/avr/4.9.2/../../../avr/lib/avr5/libm.a(fixunssfsi.o)
 .bss           0x000000000080028c        0x0 /usr/lib/gcc/avr/4.9.2/../../../avr/lib/avr5/libm.a(floatsisf.o)
 .bss           0x000000000080028c        0x0 /usr/lib/gcc/avr/4.9.2/../../../avr/lib/avr5/libm.a(fp_cmp.o)
 .bss           0x000000000080028c        0x0 /usr/lib/gcc/avr/4.9.2/../../../avr/lib/avr5/libm.a(fp_inf.o)
 .bss           0x000000000080028c        0x0 /usr/lib/gcc/avr/4.9.2/../../../avr/lib/avr5/libm.a(fp_nan.o)
 .bss           0x000000000080028c        0x0 /usr/lib/gcc/avr/4.9.2/../../../avr/lib/avr5/libm.a(fp_pscA.o)
 .bss           0x000000000080028c        0x0 /usr/lib/gcc/avr/4.9.2/../../../avr/lib/avr5/libm.a(fp_pscB.o)
 .bss           0x000000000080028c        0x0 /usr/lib/gcc/avr/4.9.2/../../../avr/lib/avr5/libm.a(fp_round.o)
 .bss           0x000000000080028c        0x0 /usr/lib/gcc/avr/4.9.2/../../../avr/lib/avr5/libm.a(fp_split3.o)
 .bss           0x000000000080028c        0x0 /usr/lib/gcc/avr/4.9.2/../../../avr/lib/avr5/libm.a(fp_zero.o)
 .bss           0x000000000080028c        0x0 /usr/lib/gcc/avr/4.9.2/../../../avr/lib/avr5/libm.a(gesf2.o)
 .bss           0x000000000080028c        0x0 /usr/lib/gcc/avr/4.9.2/../../../avr/lib/avr5/libm.a(mulsf3.o)
 .bss           0x000000000080028c        0x0 /usr/lib/gcc/avr/4.9.2/../../../avr/lib/avr5/libm.a(mulsf3x.o)
 .bss           0x000000000080028c        0x0 /usr/lib/gcc/avr/4.9.2/../../../avr/lib/avr5/libc.a(dtostrf.o)
 .bss           0x000000000080028c        0x0 /usr/lib/gcc/avr/4.9.2/../../../avr/lib/avr5/libc.a(atoi.o)
 .bss           0x000000000080028c        0x0 /usr/lib/gcc/avr/4.9.2/../../../avr/lib/avr5/libc.a(strcpy.o)
 .bss           0x000000000080028c        0x0 /usr/lib/gcc/avr/4.9.2/../../../avr/lib/avr5/libc.a(mul10.o)
 .bss           0x000000000080028c        0x0 /usr/lib/gcc/avr/4.9.2/../../../avr/lib/avr5/libc.a(sprintf.o)
 .bss           0x000000000080028c        0x0 /usr/lib/gcc/avr/4.9.2/../../../avr/lib/avr5/libc.a(vfprintf_std.o)
 .bss           0x000000000080028c        0x0 /usr/lib/gcc/avr/4.9.2/../../../avr/lib/avr5/libc.a(dtoa_prf.o)
 .bss           0x000000000080028c        0x0 /usr/lib/gcc/avr/4.9.2/../../../avr/lib/avr5/libc.a(ftoa_engine.o)
 .bss           0x000000000080028c        0x0 /usr/lib/gcc/avr/4.9.2/../../../avr/lib/avr5/libc.a(strnlen_P.o)
 .bss           0x000000000080028c        0x0 /usr/lib/gcc/avr/4.9.2/../../../avr/lib/avr5/libc.a(strnlen.o)
 .bss           0x000000000080028c        0x0 /usr/lib/gcc/avr/4.9.2/../../../avr/lib/avr5/libc.a(fputc.o)
 .bss           0x000000000080028c        0x0 /usr/lib/gcc/avr/4.9.2/../../../avr/lib/avr5/libc.a(ultoa_invert.o)
 .bss           0x000000000080028c        0x0 /usr/lib/gcc/avr/4.9.2/../../../avr/lib/avr5/libatmega328p.a(eerd_byte.o)
 .bss           0x000000000080028c        0x0 /usr/lib/gcc/avr/4.9.2/../../../avr/lib/avr5/libatmega328p.a(eerd_dword.o)
 .bss           0x000000000080028c        0x0 /usr/lib/gcc/avr/4.9.2/../../../avr/lib/avr5/libatmega328p.a(eerd_word.o)
 .bss           0x000000000080028c        0x0 /usr/lib/gcc/avr/4.9.2/../../../avr/lib/avr5/libatmega328p.a(eewr_byte.o)
 .bss           0x000000000080028c        0x0 /usr/lib/gcc/avr/4.9.2/../../../avr/lib/avr5/libatmega328p.a(eewr_dword.o)
 .bss           0x000000000080028c        0x0 /usr/lib/gcc/avr/4.9.2/../../../avr/lib/avr5/libatmega328p.a(eewr_word.o)
 .bss           0x000000000080028c        0x0 /usr/lib/gcc/avr/4.9.2/../../../avr/lib/avr5/libatmega328p.a(eerd_block.o)
 .bss           0x000000000080028c        0x0 /usr/lib/gcc/avr/4.9.2/avr5/libgcc.a(_prologue.o)
 .bss           0x000000000080028c        0x0 /usr/lib/gcc/avr/4.9.2/avr5/libgcc.a(_epilogue.o)
 *(.bss*)
 *(COMMON)
 COMMON         0x000000000080028c        0x9 ./ADC.o
                0x000000000080028c                flTensionBateria
                0x0000000000800290                chEstadoADC
                0x0000000000800291                flTempSetP
 COMMON         0x0000000000800295      0x19c ./USART0.o
                0x0000000000800295                uchEstadoBufferTx_USART0
                0x0000000000800296                uContTimeoutEsperaUSART0
                0x0000000000800298                chBufferRx_USART0
                0x0000000000800360                uchEstadoRecepcionUSART0
                0x0000000000800361                uchContAuxTx_USART0
                0x0000000000800362                uContTimeoutLecturaRxUSART0
                0x0000000000800364                uContTimeoutRxUSART0
                0x0000000000800366                uchContAuxRx_USART0
                0x0000000000800367                uchEstadoTransmisionUSART0
                0x0000000000800368                uchEstadoBufferRx_USART0
                0x0000000000800369                chBufferTx_USART0
 COMMON         0x0000000000800431        0xc ./caudales.o
                0x0000000000800431                uchEstadoCaudales
                0x0000000000800432                uchEtapaMedicionCaudal
                0x0000000000800433                uContStandbyCaudal
                0x0000000000800435                flCaudalMedido
                0x0000000000800439                uPrimerCaptura
                0x000000000080043b                uSegundaCaptura
 COMMON         0x000000000080043d       0x47 ./control.o
                0x000000000080043d                uchEstadoControl
                0x000000000080043e                chPrintEstado
                0x000000000080043f                uContPeriodoPID
                0x0000000000800441                flPIDintMax
                0x0000000000800445                uPeriodoVedaCaudal
                0x0000000000800447                flPIDderivTerm
                0x000000000080044b                uPeriodoPID
                0x000000000080044d                flPIDintegTerm
                0x0000000000800451                flCaudalMedidoAnterior
                0x0000000000800455                flPIDerror
                0x0000000000800459                chPrintPID
                0x000000000080045a                flTempMedidaAnterior
                0x000000000080045e                flVariacionCaudalMedido
                0x0000000000800462                uContPeriodoVedaPID
                0x0000000000800464                flCaudalEscalaKsPID
                0x0000000000800468                flPIDpropTerm
                0x000000000080046c                flPIDkD
                0x0000000000800470                flEscalaVariacionCaudal
                0x0000000000800474                flPIDkI
                0x0000000000800478                flPIDkP
                0x000000000080047c                uContPeriodoVedaCaudal
                0x000000000080047e                uPeriodoVedaPID
                0x0000000000800480                flVariacionCaudalSetP
 COMMON         0x0000000000800484       0x23 ./main.o
                0x0000000000800484                uContActualizarDisplay
                0x0000000000800486                chBuffer
                0x00000000008004a4                chLlamaDetectada
                0x00000000008004a5                uContLlamaDetectada
 COMMON         0x00000000008004a7        0xf ./max6675.o
                0x00000000008004a7                flTempMedida
                0x00000000008004ab                flTempAux
                0x00000000008004af                auxLowBite
                0x00000000008004b1                uContMax6675
                0x00000000008004b3                auxHighBite
                0x00000000008004b5                uchEstadoSensorTemp
 COMMON         0x00000000008004b6        0xa ./motorPP.o
                0x00000000008004b6                stateMotorPP
                0x00000000008004b8                relativePositionBySteps
                0x00000000008004ba                uchEstadoRotar
                0x00000000008004bb                uContMotorPP
                0x00000000008004bd                uchEstadoMotorPP
                0x00000000008004be                stepToRotate
 COMMON         0x00000000008004c0        0x3 ./terminal.o
                0x00000000008004c0                uchEstadoTerminal
                0x00000000008004c1                auxIndexTerminal
                0x00000000008004c3                PROVIDE (__bss_end, .)
                0x000000000000528a                __data_load_start = LOADADDR (.data)
                0x0000000000005416                __data_load_end = (__data_load_start + SIZEOF (.data))

.noinit         0x00000000008004c3        0x0
                0x00000000008004c3                PROVIDE (__noinit_start, .)
 *(.noinit*)
                0x00000000008004c3                PROVIDE (__noinit_end, .)
                0x00000000008004c3                _end = .
                0x00000000008004c3                PROVIDE (__heap_start, .)

.eeprom         0x0000000000810000       0x4c
 *(.eeprom*)
 .eeprom        0x0000000000810000       0x4c ./eeprom.o
                0x0000000000810000                flDireccionVaciaEeprom
                0x0000000000810004                uChecksumPID_Eeprom_BK
                0x0000000000810006                uPeriodoVedaCaudal_Eeprom_BK
                0x0000000000810008                uPeriodoVedaPID_Eeprom_BK
                0x000000000081000a                uPeriodoPID_Eeprom_BK
                0x000000000081000c                flEscalaVariacionCaudal_Eeprom_BK
                0x0000000000810010                flCaudalEscalaKsPID_Eeprom_BK
                0x0000000000810014                flVariacionCaudalSetP_Eeprom_BK
                0x0000000000810018                flPIDintMax_Eeprom_BK
                0x000000000081001c                flPIDkD_Eeprom_BK
                0x0000000000810020                flPIDkI_Eeprom_BK
                0x0000000000810024                flPIDkP_Eeprom_BK
                0x0000000000810028                uChecksumPID_Eeprom
                0x000000000081002a                uPeriodoVedaCaudal_Eeprom
                0x000000000081002c                uPeriodoVedaPID_Eeprom
                0x000000000081002e                uPeriodoPID_Eeprom
                0x0000000000810030                flEscalaVariacionCaudal_Eeprom
                0x0000000000810034                flCaudalEscalaKsPID_Eeprom
                0x0000000000810038                flVariacionCaudalSetP_Eeprom
                0x000000000081003c                flPIDintMax_Eeprom
                0x0000000000810040                flPIDkD_Eeprom
                0x0000000000810044                flPIDkI_Eeprom
                0x0000000000810048                flPIDkP_Eeprom
                0x000000000081004c                __eeprom_end = .

.fuse
 *(.fuse)
 *(.lfuse)
 *(.hfuse)
 *(.efuse)

.lock
 *(.lock*)

.signature
 *(.signature*)

.user_signatures
 *(.user_signatures*)

.stab
 *(.stab)

.stabstr
 *(.stabstr)

.stab.excl
 *(.stab.excl)

.stab.exclstr
 *(.stab.exclstr)

.stab.index
 *(.stab.index)

.stab.indexstr
 *(.stab.indexstr)

.comment        0x0000000000000000       0x11
 *(.comment)
 .comment       0x0000000000000000       0x11 ./ADC.o
                                         0x12 (size before relaxing)
 .comment       0x0000000000000011       0x12 ./USART0.o
 .comment       0x0000000000000011       0x12 ./caudales.o
 .comment       0x0000000000000011       0x12 ./control.o
 .comment       0x0000000000000011       0x12 ./ds18b20.o
 .comment       0x0000000000000011       0x12 ./eeprom.o
 .comment       0x0000000000000011       0x12 ./inicio.o
 .comment       0x0000000000000011       0x12 ./lcd.o
 .comment       0x0000000000000011       0x12 ./main.o
 .comment       0x0000000000000011       0x12 ./max6675.o
 .comment       0x0000000000000011       0x12 ./motorPP.o
 .comment       0x0000000000000011       0x12 ./terminal.o
 .comment       0x0000000000000011       0x12 ./utiles.o
 .comment       0x0000000000000011       0x12 /usr/lib/gcc/avr/4.9.2/../../../avr/lib/avr5/libc.a(dtostrf.o)
 .comment       0x0000000000000011       0x12 /usr/lib/gcc/avr/4.9.2/../../../avr/lib/avr5/libc.a(sprintf.o)
 .comment       0x0000000000000011       0x12 /usr/lib/gcc/avr/4.9.2/../../../avr/lib/avr5/libc.a(vfprintf_std.o)
 .comment       0x0000000000000011       0x12 /usr/lib/gcc/avr/4.9.2/../../../avr/lib/avr5/libc.a(dtoa_prf.o)
 .comment       0x0000000000000011       0x12 /usr/lib/gcc/avr/4.9.2/../../../avr/lib/avr5/libc.a(fputc.o)

.note.gnu.avr.deviceinfo
                0x0000000000000000       0x40
 .note.gnu.avr.deviceinfo
                0x0000000000000000       0x40 /usr/lib/gcc/avr/4.9.2/../../../avr/lib/avr5/crtatmega328p.o

.note.gnu.build-id
 *(.note.gnu.build-id)

.debug
 *(.debug)

.line
 *(.line)

.debug_srcinfo
 *(.debug_srcinfo)

.debug_sfnames
 *(.debug_sfnames)

.debug_aranges
 *(.debug_aranges)

.debug_pubnames
 *(.debug_pubnames)

.debug_info
 *(.debug_info .gnu.linkonce.wi.*)

.debug_abbrev
 *(.debug_abbrev)

.debug_line
 *(.debug_line .debug_line.* .debug_line_end)

.debug_frame
 *(.debug_frame)

.debug_str
 *(.debug_str)

.debug_loc
 *(.debug_loc)

.debug_macinfo
 *(.debug_macinfo)

.debug_weaknames
 *(.debug_weaknames)

.debug_funcnames
 *(.debug_funcnames)

.debug_typenames
 *(.debug_typenames)

.debug_varnames
 *(.debug_varnames)

.debug_pubtypes
 *(.debug_pubtypes)

.debug_ranges
 *(.debug_ranges)

.debug_macro
 *(.debug_macro)
OUTPUT(calefon.elf elf32-avr)
LOAD linker stubs
